Minos

Level 1 of the Dungeon
(17, 6, D:1)
  a +0 spear
(24, 31, D:1)
  a +0 short sword
  4 stones
(31, 18, D:1)
  a +0 dagger
  a stone
(36, -2, D:1)
  a book of the Warp
(40, 12, D:1)
  a +0 dagger
(40, 18, D:1)
  5 stones
(46, -11, D:1)
  a mace

Level 2 of the Dungeon
(0, 0, D:2)
  a +0 club
(5, -42, D:2)
  a +0 mace
(7, -20, D:2)
  a +0 falchion
  a +0 animal skin
  a +0 helmet
(7, -18, D:2)
  a +0 dagger
(8, -20, D:2)
  a +0 club
  a +2 dagger of electrocution
  a +0 dagger
(9, -12, D:2)
  a +0 ring mail
(10, -44, D:2)
  a +0 short sword
(12, -44, D:2)
  5 stones
(12, -22, D:2)
  6 stones
(19, -39, D:2)
  a +0 troll leather armour
(23, -12, D:2)
  a +0 dagger
  a +0 sling
(24, -13, D:2)
  a +0 club
  a +0 dagger
  a +0 dagger of venom
(31, -34, D:2)
  a leather armour
(33, -23, D:2)
  5 stones
(33, -10, D:2)
  a +0 dagger

Level 3 of the Dungeon
(1, 12, D:3)
  a +0 short sword
(3, 1, D:3)
  a +0 dagger
  a stone
(9, 1, D:3)
  a +0 short sword
(10, 2, D:3)
  a +0 short sword
(11, 1, D:3)
  a +0 flail
  a +0 scale mail
  a +0 club
(11, 2, D:3)
  a +0 club
  a boomerang
(13, -16, D:3)
  a +0 dagger
  a +0 leather armour
(24, 6, D:3)
  2 stones
(46, -10, D:3)
  a +0 club

Level 4 of the Dungeon
(0, 0, D:4)
  a spear
(4, -25, D:4)
  a +0 robe
(7, -36, D:4)
  a +0 dagger
  a +0 sling
(8, -17, D:4)
  a ball python skeleton
(9, -26, D:4)
  a +0 glaive
(9, -9, D:4)
  a quarterstaff

