Bokogi

Level 1 of the Dungeon
(0, 0, D:1)
  a +0 leather armour
(17, 27, D:1)
  4 stones
(17, 33, D:1)
  a +0 leather armour
(19, 27, D:1)
  a +0 dagger
(22, 37, D:1)
  a +0 robe
(25, 15, D:1)
  a +0 hand axe
(26, -4, D:1)
  a +0 flail
(29, 8, D:1)
  a +0 short sword
(31, 20, D:1)
  a +0 hand axe
(36, 37, D:1)
  6 stones
(37, -3, D:1)
  a +0 hand axe
(46, 1, D:1)
  a +0 short sword
  3 stones

Level 2 of the Dungeon
(0, 0, D:2)
  6 stones
(4, -4, D:2)
  a +0 flail
(7, -9, D:2)
  a +0 club
  a +0 robe
(8, -12, D:2)
  Jessica's Compendium of Peregrination
    Spells                            Type                      Level
     a - Apportation                   Translocation                 1
    
    
    Trog disapproves of the use of such an item.
(11, -15, D:2)
  6 stones
(22, 17, D:2)
  4 stones
(33, 15, D:2)
  a +0 club
(37, 24, D:2)
  a +0 short sword
  3 stones
(38, -15, D:2)
  a +0 short sword
(45, -21, D:2)
  a +0 ring mail

Level 3 of the Dungeon
(0, 0, D:3)
  4 stones
(3, -1, D:3)
  a +0 dagger
  a +0 leather armour
(21, 28, D:3)
  a +0 spear
(22, -6, D:3)
  a +0 hammer
(23, -10, D:3)
  a +2 hammer of holy wrath
(23, -9, D:3)
  a +4 quarterstaff of chaos
(23, -8, D:3)
  a +0 hammer
(23, -7, D:3)
  a +0 hammer
(24, -11, D:3)
  a +0 hammer
(24, -6, D:3)
  a +0 hammer
(31, 35, D:3)
  a potion of brilliance
  a scroll of vulnerability
  2 scrolls of noise
  2 scrolls of amnesia
(32, -18, D:3)
  a +0 dagger
(46, 38, D:3)
  5 stones
(48, -8, D:3)
  5 stones
(48, -1, D:3)
  a +0 chain mail
(50, -6, D:3)
  a +0 rapier
(52, 30, D:3)
  a +0 scythe
  a +0 robe
  a +0 robe
(53, 34, D:3)
  5 stones
(55, 26, D:3)
  a +0 club
(55, 34, D:3)
  a +0 club
(60, -12, D:3)
  a +0 animal skin
(60, 22, D:3)
  a +0 hand axe

Level 4 of the Dungeon
(0, 23, D:4)
  a +0 dagger
(21, -2, D:4)
  4 stones
(21, 8, D:4)
  a +0 dagger
  a +0 flail
  a +0 short sword
(21, 23, D:4)
  a +0 robe
(23, 15, D:4)
  a +0 spear
(24, 8, D:4)
  a +0 robe
  a +0 dagger
(37, -14, D:4)
  a +0 dagger
(37, -5, D:4)
  a +0 dagger

Level 5 of the Dungeon
(0, 0, D:5)
  a +0 quarterstaff
(6, -43, D:5)
  a +0 ring mail
(15, -34, D:5)
  a +0 flail
(15, -25, D:5)
  a scroll of noise
(19, -25, D:5)
  a +0 ring mail
(20, -33, D:5)
  a +0 dagger
(21, -32, D:5)
  a +0 short sword
(22, -33, D:5)
  a +0 flail
(23, -34, D:5)
  a +0 hand axe
  a +0 leather armour
(29, -17, D:5)
  a +0 dagger
  a +0 leather armour
(30, -47, D:5)
  2 potions of magic
(32, -44, D:5)
  a +0 club
(36, -16, D:5)
  a +0 giant club
(40, -45, D:5)
  a +0 cloak
(47, -44, D:5)
  7 stones

Level 6 of the Dungeon
(0, 0, D:6)
  a +0 mace
  a +0 robe
(1, -22, D:6)
  a +0 club
  a +0 short sword
  a +0 dagger
  4 stones
  a +0 club
  a +0 club
  a +0 whip
(3, -9, D:6)
  a +0 shortbow
(6, 1, D:6)
  a +0 dagger of venom
(8, -34, D:6)
  a +0 club
  a +0 whip
  a +0 leather armour
  a +0 club
(8, -33, D:6)
  a +0 spear
(9, -37, D:6)
  a +0 flail
  a +0 whip
(13, -13, D:6)
  a +0 mace
(14, -43, D:6)
  a +0 robe
(14, 5, D:6)
  a +0 rapier
(20, -6, D:6)
  a +0 dagger
  a +0 robe
(21, -8, D:6)
  a +0 dagger
  a +0 robe
  a +0 dagger
  a +0 robe
(21, -6, D:6)
  a +0 dagger
  a +0 robe
(26, -42, D:6)
  2 stones
(26, -19, D:6)
  a +0 dagger
  a +0 robe
(26, -18, D:6)
  a +2 antimagic dagger
  a +0 robe
  a +0 dagger
  a +0 robe
(27, -18, D:6)
  a +0 dagger
  a +0 robe
(31, -13, D:6)
  a +0 club
(33, -40, D:6)
  a +0 whip
  a +0 robe
  a +0 whip
(33, -38, D:6)
  a +0 spear
  a +0 flail
(33, -11, D:6)
  a +0 dagger
  a +0 robe
(33, -10, D:6)
  a +0 shortbow
(34, -10, D:6)
  a +0 dagger
  a +0 robe
  a +0 dagger
  a +0 robe
(34, -3, D:6)
  a potion of brilliance
(36, -8, D:6)
  a +2 mace of draining
(46, -17, D:6)
  a +0 club
  a +0 ring mail
  a +0 hand axe
  a +0 chain mail
  a +0 hand axe
(46, -16, D:6)
  a +0 dagger
  a +0 club

Level 7 of the Dungeon
[Shop] Pityt's Magic Scroll Boutique
  a scroll of amnesia (52 gold)
  a scroll of vulnerability (52 gold)
  a scroll of amnesia (52 gold)
  a scroll of noise (13 gold)
  a scroll of vulnerability (52 gold)
[Shop] Huox's Book Shop
  the Lessons on Haze and the Sun (506 gold)
    Spells                            Type                      Level
     a - Mephitic Cloud                Conjuration/Poison/Air        3
     b - Airstrike                     Air                           4
     c - Sticky Flame                  Conjuration/Fire              4
     d - Ignition                      Fire                          8
    
    
    Trog disapproves of the use of such an item.
  the Compendium of the Bonfire and Reconstruction (374 gold)
    Spells                            Type                      Level
     a - Sting                         Transmutation/Poison          1
     b - Scorch                        Fire                          2
     c - Yara's Violent Unravelling    Hexes/Transmutation           5
     d - Blade Hands                   Transmutation                 5
    
    
    Trog disapproves of the use of such an item.
  a book of Geomancy (198 gold)
  a book of the Warp (462 gold)
  a book of Spatial Translocations (198 gold)
  a book of the Tundra (352 gold)
  a book of Blood (308 gold)
  a book of Lightning (418 gold)
  the Dissertation on Tectonic Misery (418 gold)
    Spells                            Type                      Level
     a - Kiss of Death                 Conjuration/Necromancy        1
     b - Statue Form                   Transmutation/Earth           6
     c - Shatter                       Earth                         9
    
    
    Trog disapproves of the use of such an item.
[Shop] Huostoim's Jewellery Boutique
  a ring of magical power (300 gold)
  an amulet of guardian spirit (450 gold)
  an amulet of the acrobat (450 gold)
  an amulet of regeneration (450 gold)
  a ring of magical power (300 gold)
  a ring of protection from fire (375 gold)
  a ring of poison resistance (300 gold)
[Shop] Maukit's Weapon Boutique
  a +0 hand axe (42 gold)
  3 stones (4 gold)
  a +1 mace of holy wrath (173 gold)
  a +3 mace of protection (288 gold)
  a +0 falchion (42 gold)
  a +0 quarterstaff (56 gold)
  a +0 war axe (49 gold)
  a +0 long sword (49 gold)
  the +9 halberd of Premature Burial {heavy, rPois Int+3 Dex+4} (1093 gold)
    Int:       It affects your intelligence (+3).
    Dex:       It affects your dexterity (+4).
    rPois:     It protects you from poison.
  the +2 short sword of the Harvest {freeze, Contam +Blink Dex+9} (597 gold)
    Dex:       It affects your dexterity (+9).
    +Blink:    It lets you blink.
    Contam:    It causes magical contamination when unequipped.
[Shop] Nytalis's Antique Armour Boutique
  a +0 helmet (112 gold)
  a +0 chain mail (112 gold)
  a +0 plate armour (575 gold)
  a +0 plate armour (575 gold)
  a +2 helmet of intelligence (537 gold)
  an orb of wrath (325 gold)
  a +0 robe (17 gold)
  a +0 plate armour (575 gold)
  the +2 helmet "Fasater" {Str-4 Slay+2 Stlth+} (607 gold)
    Str:       It affects your strength (-4).
    Slay:      It affects your accuracy & damage with ranged weapons and melee
    (+2).
    Stlth:     It makes you more stealthy.
  a +0 robe (17 gold)
(0, 0, D:7)
  a +0 dagger
  a +0 robe
  a +0 mace
  a +0 short sword
  a +0 scale mail
  a +0 short sword
  a +0 club
  a +0 scale mail
(1, 0, D:7)
  a +5 dagger
  a +0 robe
  a +0 mace
  a +0 dagger
  a +0 dagger
  a +3 falchion
  a +0 scale mail
  a +0 whip
  a +0 scale mail
  a +0 short sword
  a +0 leather armour
  a +0 hand axe
  a +1 leather armour of willpower
  a +0 mace
  a +0 war axe
  a +1 dagger of flaming
  a +0 hand axe
  a +0 ring mail
  a +0 dagger
  a +0 dagger
  a +0 robe
  a +0 short sword
  a +0 whip
  a +0 club
  a +0 short sword
  a +0 short sword
(2, 0, D:7)
  a +0 trident
  a +0 leather armour
(9, 23, D:7)
  2 potions of brilliance
(13, 23, D:7)
  a scroll of amnesia
(20, -2, D:7)
  a +0 dagger
(20, -1, D:7)
  a +0 leather armour
(20, 1, D:7)
  a +0 mace
(25, 26, D:7)
  a +0 mace
  3 boomerangs
  a +0 chain mail
(26, 26, D:7)
  a +1 short sword of electrocution
(27, 26, D:7)
  a +0 whip
(29, 47, D:7)
  a +0 club
(32, 48, D:7)
  a potion of lignification
  a potion of mutation
(33, 43, D:7)
  a +0 club
(35, 9, D:7)
  a +0 battleaxe
(36, 31, D:7)
  a +0 leather armour
(36, 40, D:7)
  a +3 leather armour of fire resistance
  a +2 quarterstaff of distortion
  a +0 sling
(39, 32, D:7)
  a +2 short sword of holy wrath
(40, -2, D:7)
  a +0 chain mail
(40, 30, D:7)
  a +0 chain mail
  a +0 battleaxe
(40, 31, D:7)
  a +0 giant club
  a +0 giant club
  a +0 club
(41, 30, D:7)
  a +0 dagger
(41, 31, D:7)
  a +2 shortbow of freezing
(42, 4, D:7)
  2 stones
  a +2 short sword of venom
  a +0 club
(42, 5, D:7)
  a +0 short sword
  a +0 short sword
(42, 6, D:7)
  a +0 dagger
(43, 5, D:7)
  a +0 dagger
(44, 6, D:7)
  4 stones
  a +0 short sword
(44, 31, D:7)
  a book of the Senses
(45, 7, D:7)
  a +0 short sword
(50, 20, D:7)
  a +0 club
(50, 27, D:7)
  a book of Maledictions
(51, 20, D:7)
  a +0 club
(51, 21, D:7)
  a +0 spear
(55, 8, D:7)
  2 stones

Level 8 of the Dungeon
(0, 0, D:8)
  4 stones
(2, 16, D:8)
  a +0 hand axe
  a +0 chain mail
(4, -3, D:8)
  a +4 dire flail
  a +0 robe
  a +0 war axe
  a +0 robe
  a +0 club
  a +0 leather armour
  a +0 whip
(5, -3, D:8)
  a +0 flail
(9, 26, D:8)
  a +0 dagger
  a +1 hand axe of draining
  a +0 club
  a +0 leather armour
(10, 1, D:8)
  a +5 halberd
  a +0 robe
  a +0 spear
(10, 26, D:8)
  a +2 dagger of venom
(15, 34, D:8)
  a +0 club
(20, 34, D:8)
  a +0 robe
  a +0 dagger
  a +0 robe
  a +0 dagger
(21, 34, D:8)
  a +0 club
  a +0 dagger
(27, 3, D:8)
  a +0 hand axe
  a +0 dire flail of draining
  a boomerang
  a +0 chain mail
(28, 4, D:8)
  a +0 short sword
  a +0 scale mail
  a +0 hand axe
(40, 31, D:8)
  a +0 robe
(50, 5, D:8)
  a Necronomicon
(56, 35, D:8)
  a +0 helmet

Level 9 of the Dungeon
(3, 3, D:9)
  a potion of degeneration
(7, -9, D:9)
  a +0 rapier
(7, -7, D:9)
  a +1 dagger of chaos
(10, 10, D:9)
  4 stones
(12, 26, D:9)
  a +0 shortbow
(15, 9, D:9)
  a scroll of noise
(28, 14, D:9)
  a +0 falchion
(33, 29, D:9)
  a +0 robe
(34, -15, D:9)
  a +0 ring mail
(36, 23, D:9)
  a +0 giant spiked club
  a +0 giant club
(45, 32, D:9)
  a +0 short sword
(46, 32, D:9)
  a +0 club
(47, 31, D:9)
  a curare-tipped dart
  a +0 whip
(50, 21, D:9)
  a +0 giant spiked club
  a +0 giant spiked club
(50, 39, D:9)
  5 datura-tipped darts
(51, 20, D:9)
  a +4 spear
  a +0 robe
(52, 34, D:9)
  a +0 hand axe
  a +0 hand axe
  5 boomerangs
(60, 3, D:9)
  a +0 shortbow
(60, 14, D:9)
  a +2 flail of freezing
  a +0 robe
  a +1 long sword
  a +0 robe
(63, -11, D:9)
  a +0 shortbow

Level 10 of the Dungeon
(0, 0, D:10)
  a +0 robe
  a +0 dagger
(0, 1, D:10)
  a +0 war axe
(1, 0, D:10)
  a +0 robe
  a +0 dagger
(1, 1, D:10)
  a +0 plate armour
  a +0 halberd
(3, 2, D:10)
  a +0 robe
  a +1 dagger of flaming
(12, -30, D:10)
  the +6 quarterstaff "Kehidum" {venom, *Rage Will++}
    *Rage:     It berserks you when you make melee attacks (+20% chance).
    Will:      It greatly increases your willpower.
(15, -42, D:10)
  a +0 shortbow
(30, -37, D:10)
  the ring of the Mage {Wiz Archmagi}
    [ring of wizardry]
    
    It improves your spell success rate.
    Archmagi:  It increases the power of your magical spells.
  a ring of fire
  a +0 kite shield
  a +1 war axe
(30, -5, D:10)
  a +0 giant club
  a +0 great mace
(37, -37, D:10)
  a book of Sloth
(43, 5, D:10)
  a +0 hand axe
(43, 6, D:10)
  a +0 giant club
  a +0 whip
(44, -18, D:10)
  8 stones
(44, 5, D:10)
  a +0 giant club
(44, 6, D:10)
  a ring of ice
(45, 5, D:10)
  a +0 chain mail
  a +0 short sword
(45, 6, D:10)
  a +0 ring mail
  a +0 flail
(59, -36, D:10)
  a +0 spear
(61, 4, D:10)
  a +0 trident
(63, -19, D:10)
  a +0 trident

the Ecumenical Temple

Level 1 of the Orcish Mines
(6, -7, Orc:1)
  a +0 dagger
(8, -11, Orc:1)
  a +0 chain mail
  a +0 glaive
  a +0 robe
  a +0 dagger
  a +0 chain mail
  a +1 dagger of draining
  a +0 chain mail
  a +0 halberd
(8, -2, Orc:1)
  a +0 robe
  a +1 dagger of holy wrath
(8, -1, Orc:1)
  a +0 robe (still there?)
  a +1 dagger of protection (still there?)
  a +0 robe (still there?)
  a +0 dagger (still there?)
(8, 0, Orc:1)
  a +0 chain mail
  a +0 plate armour
  a +0 long sword
  a boomerang
  a +0 mace
  a +0 robe
  a +0 dagger
(9, -2, Orc:1)
  a +0 plate armour
  a +0 war axe
  a +0 mace
(9, -1, Orc:1)
  a +0 robe
  a +0 chain mail
  a +0 flail
  a +0 dagger
(9, 0, Orc:1)
  a +0 plate armour
  a +0 long sword
  a +0 whip
(10, -12, Orc:1)
  a +0 plate armour
  2 boomerangs of dispersal
  a +0 hand axe
  a +0 plate armour
  a +2 great mace
  a +0 arbalest
(10, -10, Orc:1)
  a +0 plate armour
  a +2 heavy halberd
(10, -2, Orc:1)
  a +0 dagger
  a +0 falchion
(10, -1, Orc:1)
  a +0 chain mail
  a +0 scimitar
  a +0 whip
  a +0 morningstar
  a +0 robe
  a +0 dagger
(10, 0, Orc:1)
  a +2 robe of willpower
  a +0 dagger
  a +0 dire flail
(11, 0, Orc:1)
  a +0 leather armour
  a +0 whip
  a +0 flail
  a +0 whip
(11, 1, Orc:1)
  a +0 club

Level 2 of the Orcish Mines
[Shop] Sakif's Antique Armour Boutique
  a +0 chain mail (135 gold)
  a +0 plate armour (690 gold)
  a +0 chain mail (135 gold)
  a +0 robe (21 gold)
  a +2 robe of fire resistance (531 gold)
  a +1 pair of boots of stealth (495 gold)
  a +0 robe (21 gold)
  a +0 cloak (135 gold)
[Shop] Qesuen's Overcharged Wands
  a wand of quicksilver (18) (1134 gold)
  a wand of polymorph (18) (378 gold)
  a wand of mindburst (30) (630 gold)
  a wand of flame (40) (420 gold)
  a wand of quicksilver (18) (1134 gold)
  a wand of polymorph (18) (378 gold)
[Shop] Defiyjes's Antique Armour Shop
  a +2 robe of the Archmagi (1281 gold)
  a scarf of invisibility (408 gold)
  a +1 chain mail of fire resistance (561 gold)
  a +0 scale mail (136 gold)
  the +0 pair of gloves of Ycutummiari {Str+2 Dex+4} (819 gold)
    Str:       It affects your strength (+2).
    Dex:       It affects your dexterity (+4).
  the +2 ring mail of Absence {Will+ Dex+3 Stlth+} (1213 gold)
    Dex:       It affects your dexterity (+3).
    Will:      It increases your willpower.
    Stlth:     It makes you more stealthy.
  a +0 barding (782 gold)
  a +0 leather armour (68 gold)
  the +4 Cigotuvi's embrace {Corpsefed rMiasma Drain rN+} (938 gold)
    Corpsefed: It gathers nearby corpses to temporarily increase the armour it
    provides.
    rMiasma:   It protects you from foul pestilence.
    
    rN:        It protects you from negative energy.
    Drain:     It drains your maximum health when unequipped.
  a +0 chain mail (153 gold)
[Shop] Kynt's Magic Scroll Boutique
  a scroll of identify (30 gold)
  a scroll of vulnerability (60 gold)
  a scroll of immolation (60 gold)
  a scroll of identify (30 gold)
  a scroll of teleportation (45 gold)
  a scroll of amnesia (60 gold)
  a scroll of brand weapon (142 gold)
  a scroll of noise (15 gold)
[Shop] Qeklir's Book Boutique
  a book of Chaos (650 gold)
  a book of Rime (364 gold)
  a book of the Wilderness (494 gold)
  a book of Spatial Translocations (234 gold)
  a book of Annihilations (780 gold)
  a book of the Earth (468 gold)
  Great Wizards, Vol. II (494 gold)
  a book of Changes (234 gold)
  the Octavo of Moulding and the Jinx (416 gold)
    Spells                            Type                      Level
     a - Anguish                       Hexes/Necromancy              4
     b - Petrify                       Transmutation/Earth           4
     c - Metabolic Englaciation        Hexes/Ice                     5
    
    
    Trog disapproves of the use of such an item.
[Shop] Xiatt's Assorted Antiques
  a +0 war axe (115 gold)
  a phial of floods (1320 gold)
  a +0 robe (23 gold)
  a potion of magic (264 gold)
  a scroll of magic mapping (247 gold)
  a scroll of vulnerability (132 gold)
  a wand of quicksilver (7) (970 gold)
(0, 0, Orc:2)
  a +1 dagger of draining
(10, 7, Orc:2)
  a +0 spear
  a +0 flail
(11, 6, Orc:2)
  a +0 spear
(12, -30, Orc:2)
  a +0 dagger
  a +0 giant spiked club
  a +0 dagger
(12, -15, Orc:2)
  a +0 leather armour
  a +0 falchion
(13, -31, Orc:2)
  a +0 whip
(15, 8, Orc:2)
  a +0 plate armour
  a +0 glaive
  a +0 arbalest
(15, 9, Orc:2)
  a +0 club
  a +0 chain mail
  a +0 flail
(16, -34, Orc:2)
  a +0 hand axe
  a +0 chain mail
(16, -33, Orc:2)
  a +0 halberd
  a +0 chain mail
(16, 8, Orc:2)
  a +0 whip
(16, 10, Orc:2)
  2 boomerangs
  a +0 whip
(17, -39, Orc:2)
  the +3 pair of mountain boots {steadfast, rC+}
    Steadfast: It prevents involuntary movement, except for blinking,
    teleportation, or banishment.
    
    rC:        It protects you from cold.
  a +0 pair of boots
(17, -3, Orc:2)
  a +0 leather armour
  a +0 short sword
  a +0 flail
(17, 7, Orc:2)
  a +0 leather armour
  a +0 flail
(18, -10, Orc:2)
  a +0 kite shield
  a +0 chain mail
  a +2 long sword of flaming
(18, -7, Orc:2)
  a +0 robe
  a +0 dagger
(18, -6, Orc:2)
  a +0 ring mail
  a +0 short sword
  a +0 robe
  a +0 dagger
(18, -5, Orc:2)
  a +0 robe
  a +0 dagger
(18, -3, Orc:2)
  a +0 short sword
  a +0 plate armour
  a +0 battleaxe
(18, -1, Orc:2)
  a +0 giant club
  a +0 leather armour
  a +1 mace of protection
(18, 6, Orc:2)
  a +0 ring mail
  a +0 falchion
(19, -6, Orc:2)
  a +0 dagger
(19, -5, Orc:2)
  a +0 leather armour
  a +0 mace
(19, -3, Orc:2)
  a +0 chain mail
  a +0 hand axe
  a +0 mace
(19, -2, Orc:2)
  a +0 giant spiked club
(20, -5, Orc:2)
  a +0 falchion
(20, -2, Orc:2)
  a +0 club
(21, -2, Orc:2)
  a +0 leather armour
  a +0 club
(21, -1, Orc:2)
  a +0 dagger
(22, -8, Orc:2)
  a +0 robe
  a +0 dagger
(23, -7, Orc:2)
  a +0 chain mail
  a +0 glaive
(24, -9, Orc:2)
  a +3 trident
(25, -4, Orc:2)
  a +0 hand axe
(27, 1, Orc:2)
  a +0 ring mail
  a +0 club
(29, -40, Orc:2)
  a +0 mace
(30, -42, Orc:2)
  a +0 club
(30, -40, Orc:2)
  a +0 dagger
  a +0 robe
(31, -42, Orc:2)
  a +0 hand axe
  a +0 chain mail
(31, -41, Orc:2)
  a +0 club
  a +0 leather armour
(32, -41, Orc:2)
  a +0 halberd
  3 boomerangs
  a +0 chain mail
(32, -37, Orc:2)
  a +0 halberd
  a +0 chain mail

Level 1 of the Lair of Beasts
(3, 4, Lair:1)
  a +0 quarterstaff of freezing
  a +2 robe of cold resistance
(4, -9, Lair:1)
  a +0 spear
(6, -11, Lair:1)
  a potion of lignification
(7, -12, Lair:1)
  a +0 trident
(8, 8, Lair:1)
  a +0 chain mail
(11, -11, Lair:1)
  the +4 trident "Aputhrint" {flame, rPois Will- Str+2 Int+4}
    Str:       It affects your strength (+2).
    Int:       It affects your intelligence (+4).
    rPois:     It protects you from poison.
    Will:      It decreases your willpower.
(12, -11, Lair:1)
  a +0 trident
(13, -10, Lair:1)
  a +0 flail
(15, 14, Lair:1)
  a book of Death
(22, -25, Lair:1)
  9 stones
(24, -20, Lair:1)
  4 stones
(26, 15, Lair:1)
  a +0 plate armour
(29, -12, Lair:1)
  a staff of poison
(30, -27, Lair:1)
  4 stones
(31, -1, Lair:1)
  8 stones
(37, -6, Lair:1)
  5 stones
(50, -6, Lair:1)
  a stone
(51, 5, Lair:1)
  a +0 heavy great mace

Level 2 of the Lair of Beasts
(0, 0, Lair:2)
  9 stones
(0, 7, Lair:2)
  a scroll of amnesia
(1, 11, Lair:2)
  a +0 long sword
(6, 5, Lair:2)
  a hydra corpse (skeletalised by now)
(11, -3, Lair:2)
  2 scrolls of vulnerability
(21, 14, Lair:2)
  a staff of fire
(32, 16, Lair:2)
  a +0 quarterstaff
(40, -8, Lair:2)
  a book of Armaments

Level 3 of the Lair of Beasts
(0, 0, Lair:3)
  a +2 longbow of flaming
  a +0 barding
  a wand of quicksilver (1)
  a potion of haste
  a scroll of identify
  the centaur corpse of Nessos
(5, 5, Lair:3)
  a wand of flame (10)
(20, -1, Lair:3)
  a blink frog corpse
(42, 38, Lair:3)
  a black mamba corpse (skeletalised by now)
(43, 40, Lair:3)
  a black mamba corpse (skeletalised by now)
(45, 16, Lair:3)
  a +0 ring mail
(46, 26, Lair:3)
  a yak corpse
(47, 27, Lair:3)
  a yak corpse
(48, 26, Lair:3)
  a yak corpse
  a skyshark corpse
  a yak corpse
  a yak corpse

