Bokogi

Level 1 of the Dungeon
[Shop] Wik Qaq's Antique Weapon Boutique
  a +0 dagger (34 gold)
  a +1 heavy flail (226 gold)
  a +0 trident (59 gold)
  a +0 club (17 gold)
  a +0 dagger (34 gold)
  a +0 antimagic hand axe (187 gold)
  a +2 flail of draining (311 gold)
  a +0 falchion (51 gold)
(7, 15, D:1)
  a +0 chain mail
(10, 13, D:1)
  a +0 dagger
  2 stones
(12, 24, D:1)
  a +0 scale mail
(13, 21, D:1)
  a staff of air
(17, -4, D:1)
  a +0 dagger
(20, 19, D:1)
  4 stones
(40, 3, D:1)
  a +0 robe
(43, 9, D:1)
  a +0 dagger
(53, 31, D:1)
  a +0 whip
(56, 19, D:1)
  a +0 ring mail

Level 2 of the Dungeon
(0, 0, D:2)
  a +0 chain mail
(2, 19, D:2)
  a +0 sling
(3, 11, D:2)
  a +0 war axe
(11, 11, D:2)
  a +0 robe
(18, -16, D:2)
  a +2 dagger of flaming
(19, 6, D:2)
  a +0 club
(21, -10, D:2)
  a +0 sling
(26, 20, D:2)
  a +0 whip
(29, 29, D:2)
  a +0 ring mail
(30, 5, D:2)
  a +0 dagger
  a +0 dagger
(30, 22, D:2)
  a +0 dagger
(31, 5, D:2)
  a +0 club
  a stone
(33, -9, D:2)
  a +0 whip
  5 stones
(33, -5, D:2)
  3 stones
(34, -19, D:2)
  a +0 dagger
(41, -10, D:2)
  a +0 short sword
  a stone
(43, -9, D:2)
  4 stones
(44, 1, D:2)
  a +0 short sword
  4 stones
(52, 4, D:2)
  6 stones

Level 3 of the Dungeon
(0, 0, D:3)
  a +0 dagger
(1, -18, D:3)
  a +0 war axe
(17, -8, D:3)
  a +0 short sword
(21, -1, D:3)
  5 stones
(22, -38, D:3)
  a +0 ring mail
(23, 17, D:3)
  a +0 chain mail
(25, 20, D:3)
  a +0 ring mail
(30, -5, D:3)
  a +0 dagger
(33, 2, D:3)
  a staff of poison
(38, -15, D:3)
  a +0 dagger
  a stone
(41, -8, D:3)
  a +0 pair of boots
(46, -19, D:3)
  a +0 leather armour

Level 4 of the Dungeon
(0, 0, D:4)
  a +0 short sword
(17, -11, D:4)
  a +0 club
  a +0 mace
(28, -16, D:4)
  a +0 club
(33, 13, D:4)
  an adder skeleton
(40, 36, D:4)
  a +0 dire flail
  a +0 robe
  the orc skeleton of Blork the orc
(41, 24, D:4)
  a +4 short sword
(46, 7, D:4)
  a hound corpse (skeletalised by now)
(51, 13, D:4)
  a +0 robe

