Ravn

Level 1 of the Dungeon
(6, 39, D:1)
  a +0 robe
(8, 44, D:1)
  6 stones
(10, -7, D:1)
  a +0 whip
(11, 8, D:1)
  a +0 dagger
  5 stones
(13, -10, D:1)
  a +0 buckler
(13, 7, D:1)
  a +0 dagger
(14, 4, D:1)
  a +0 dagger
  a stone
(14, 12, D:1)
  a +0 whip
(16, 39, D:1)
  a +0 club
(17, 13, D:1)
  a +0 dagger
(28, 32, D:1)
  a +0 hand axe
(30, 3, D:1)
  a +0 whip
  4 stones
(30, 41, D:1)
  a +0 helmet
(32, 27, D:1)
  a +0 mace
(46, -7, D:1)
  a +3 flail
(49, 35, D:1)
  a +0 spear
(51, 41, D:1)
  a +0 dagger
(52, 40, D:1)
  a +0 short sword
(59, 11, D:1)
  a +0 buckler
(61, 39, D:1)
  a +0 short sword
  4 stones
(65, -6, D:1)
  a +0 short sword
  a stone
(69, -3, D:1)
  a +0 dagger

Level 2 of the Dungeon
(0, 0, D:2)
  a +1 hand axe of freezing
  a +0 scale mail
(4, -14, D:2)
  7 stones
(24, 20, D:2)
  a +0 rapier
(27, -7, D:2)
  a +0 robe
(31, -13, D:2)
  a +1 dagger of speed
(31, -12, D:2)
  a +0 dagger
(33, 12, D:2)
  4 stones
(40, -3, D:2)
  a +0 robe

Level 3 of the Dungeon
(0, 0, D:3)
  a +0 short sword
  a rat corpse (skeletalised by now)
  a kobold corpse (skeletalised by now)
(1, -4, D:3)
  a quokka corpse (skeletalised by now)
(4, 1, D:3)
  a +0 ring mail
(5, 7, D:3)
  a ball python corpse (skeletalised by now)
(5, 22, D:3)
  2 scrolls of torment
(6, -26, D:3)
  4 stones
(15, -7, D:3)
  a +0 ring mail
(18, -19, D:3)
  a giant cockroach corpse
(18, -17, D:3)
  3 stones
(24, -6, D:3)
  a hobgoblin corpse
(27, -16, D:3)
  a frilled lizard corpse
  a hobgoblin corpse
(30, -10, D:3)
  a jackal corpse
  a jackal corpse
(45, -18, D:3)
  2 stones

