Kuzon

Level 1 of the Dungeon
(7, -36, D:1)
  a +0 ring mail
(15, 5, D:1)
  a +0 club
(23, -7, D:1)
  a +0 club
(24, -6, D:1)
  3 poisoned darts
(30, -7, D:1)
  a +0 spear
(36, -41, D:1)
  a +0 robe
(46, 1, D:1)
  a +0 chain mail

Level 2 of the Dungeon
(5, 11, D:2)
  a +0 leather armour
(19, 1, D:2)
  a +0 ring mail
(24, -8, D:2)
  a +0 hand axe
(24, 28, D:2)
  8 stones
(34, 30, D:2)
  a +0 mace
(36, 12, D:2)
  a +0 club
  2 stones
(36, 14, D:2)
  a +0 club
(48, 3, D:2)
  5 stones
(57, 3, D:2)
  a +0 leather armour

Level 3 of the Dungeon
(11, -22, D:3)
  a +0 mace
  a +0 chain mail
(12, -2, D:3)
  a +0 ring mail
  3 boomerangs
  a +0 club
(18, 8, D:3)
  a +0 spear
(18, 9, D:3)
  5 stones
(19, 8, D:3)
  2 boomerangs
(23, -12, D:3)
  a +0 short sword
(24, -19, D:3)
  a +0 robe
(36, 16, D:3)
  a +0 hand axe

Level 4 of the Dungeon
(0, 0, D:4)
  6 poisoned darts
(4, 2, D:4)
  a +0 flail
(7, 19, D:4)
  a +0 short sword
  5 stones
(8, 5, D:4)
  a +0 falchion
(12, 1, D:4)
  a +0 plate armour
(33, 42, D:4)
  a +0 robe
(36, 3, D:4)
  a +0 dagger
(38, 44, D:4)
  a +0 whip
  the +3 ring mail "Waunysku" {Will+ Int-4 Dex+4}
    Int:       It affects your intelligence (-4).
    Dex:       It affects your dexterity (+4).
    Will:      It increases your willpower.
(42, 14, D:4)
  a +0 club
  a +0 leather armour
(42, 15, D:4)
  a +0 falchion
  a +0 whip
(45, 48, D:4)
  a +0 mace
(46, 49, D:4)
  a +0 sling
(48, 4, D:4)
  a +0 long sword

Level 5 of the Dungeon
(0, 0, D:5)
  a +0 dagger
(0, 1, D:5)
  a +0 dagger
(3, 0, D:5)
  a +0 flail
  a +0 robe
  2 potions of magic
  11 gold pieces
(4, 0, D:5)
  a +0 mace
  10 gold pieces
  a +0 quarterstaff
  an orc corpse
  an orc corpse
(4, 3, D:5)
  a wand of roots (9)
(10, 0, D:5)
  an adder corpse
(25, 0, D:5)
  a boomerang
  a +0 hand axe
  an orc corpse (skeletalised by now)
(26, -1, D:5)
  a +0 leather armour
  a +0 hand axe
  a +0 leather armour
  a +0 short sword
  an orc corpse
  an orc corpse (skeletalised by now)
(26, 1, D:5)
  a +0 mace
  a +0 hand axe
  an orc corpse
(27, 0, D:5)
  a jackal corpse (skeletalised by now)
(28, 1, D:5)
  an iguana corpse (skeletalised by now)
(28, 2, D:5)
  an adder corpse
(31, 2, D:5)
  a +0 club
  a +0 leather armour
  an orc corpse
(32, 2, D:5)
  a +0 club
  a +0 leather armour
  an orc corpse
(33, 4, D:5)
  a +0 heavy falchion (still there?)
  a +3 leather armour of poison resistance (still there?)
(34, 4, D:5)
  a +0 dagger
  a +0 leather armour
  a wand of mindburst (6)
  a potion of heal wounds

