Ravn

Level 1 of the Dungeon
[Shop] Esuwkom's Weapon Boutique
  5 stones (6 gold)
  6 poisoned darts (46 gold)
  a +0 war axe (45 gold)
  a +0 dagger (26 gold)
  a +3 shortbow of freezing (291 gold)
  a +0 dagger (26 gold)
  3 stones (3 gold)
  a +1 heavy spear (161 gold)
  a +0 mace (39 gold)
  a +0 whip (32 gold)
[Shop] Nyti's Assorted Antiques
  a +0 scale mail of fire resistance (231 gold)
  a +2 robe of fire resistance (371 gold)
  a +0 whip (52 gold)
  a potion of attraction (63 gold)
  a potion of brilliance (84 gold)
  a +0 pair of boots (94 gold)
  a scroll of summoning (199 gold)
[Shop] Viedip's Book Shoppe
  a book of Displacement (286 gold)
  a book of Fire (390 gold)
  a book of Geomancy (234 gold)
  Maxwell's Memoranda (494 gold)
  a book of Cantrips (156 gold)
  the Compendium of the Trees (442 gold)
    Spells                            Type                      Level
     a - Call Canine Familiar          Summoning                     3
     b - Summon Ice Beast              Ice/Summoning                 4
     c - Malign Gateway                Summoning/Translocation       7
  a book of Party Tricks (208 gold)
  a book of Rime (364 gold)
  a book of Blasting (520 gold)
[Shop] Caest's Jewellery Emporium
  a ring of willpower (350 gold)
  a ring of magical power (280 gold)
  a ring of fire (350 gold)
  a +6 ring of dexterity (504 gold)
  a ring of wizardry (420 gold)
  a ring of ice (350 gold)
[Shop] Ypnopn's Antique Armour Shoppe
  a +2 buckler of protection (580 gold)
  a +2 robe of the Archmagi (1017 gold)
  a +1 ring mail of cold resistance (432 gold)
  the +10 plate armour of Fuarph {Int+3 Dex+6} (2670 gold)
    Int:       It affects your intelligence (+3).
    Dex:       It affects your dexterity (+6).
  the +0 ring mail of Love and Death {rC+ Dex+2} (599 gold)
    Dex:       It affects your dexterity (+2).
    rC:        It protects you from cold.
  a +2 leather armour of willpower (513 gold)
  a +0 scale mail (108 gold)
  the +5 ring mail of Resourcefulness {Dex+3 SInv} (1255 gold)
    Dex:       It affects your dexterity (+3).
    SInv:      It lets you see invisible.
  a +0 robe (18 gold)
(3, 2, D:1)
  an orb of light
(6, 11, D:1)
  a +0 short sword
(11, -12, D:1)
  6 stones
(12, -12, D:1)
  a +0 short sword
(12, 6, D:1)
  a +0 quarterstaff
(13, 4, D:1)
  5 stones
(15, 5, D:1)
  a +0 dagger of venom
(18, 34, D:1)
  a staff of fire

Level 2 of the Dungeon
(3, -6, D:2)
  3 stones
(10, 10, D:2)
  a +0 club
(11, 11, D:2)
  a +0 flail
  a +0 flail
(11, 21, D:2)
  a +0 dagger
(14, 21, D:2)
  a +0 flail
(20, -14, D:2)
  a +0 club
(26, 27, D:2)
  a +0 scale mail
(30, -14, D:2)
  a +0 trident
  a +0 scale mail
(31, -13, D:2)
  a +0 short sword
  a +0 dagger
(37, -4, D:2)
  a +0 club
  a +2 dagger of speed
  a +0 animal skin
  a +1 helmet
(37, -3, D:2)
  a +0 club
  a +0 dagger
(37, -2, D:2)
  a +0 dagger
  a +0 sling
(37, 22, D:2)
  a staff of conjuration
(37, 24, D:2)
  a +1 helmet
(38, -4, D:2)
  a +0 dagger
  a +0 dagger
(39, -4, D:2)
  a +0 dagger
(40, 20, D:2)
  5 stones
(42, 18, D:2)
  a +0 club
  a +0 ring mail
(43, 4, D:2)
  a +0 dagger
(53, 29, D:2)
  a +0 club
  a +0 club
  a +0 club

Level 3 of the Dungeon
[Shop] Jusooh's Antique Armour Shoppe
  a +0 leather armour (36 gold)
  a +0 ring mail (72 gold)
  a +0 robe (12 gold)
  a +0 plate armour of cold resistance (540 gold)
  a +0 chain mail (81 gold)
  a +0 robe (12 gold)
  a +0 scale mail (72 gold)
  a +0 leather armour (36 gold)
[Shop] Buloor's Distillery
  a potion of berserk rage (50 gold)
  a potion of resistance (100 gold)
  a potion of berserk rage (50 gold)
  a potion of mutation (80 gold)
  a potion of heal wounds (50 gold)
[Shop] Vifoumul's Antique Armour Boutique
  a scarf of harm (198 gold)
  the +1 scale mail of Unreason {Str+4} (536 gold)
    Str:       It affects your strength (+4).
  a +3 scale mail of poison resistance (506 gold)
  a +0 leather armour (44 gold)
  a +0 leather armour (44 gold)
  a +0 ring mail (88 gold)
  a +0 leather armour (44 gold)
  a +2 chain mail of fire resistance (473 gold)
  a +0 leather armour (44 gold)
(0, 0, D:3)
  3 stones
(9, 8, D:3)
  a +0 scale mail
(11, 8, D:3)
  a +0 helmet
(12, 10, D:3)
  a +1 cloak
(26, 36, D:3)
  a +0 dagger
(32, 28, D:3)
  a +0 dagger
  3 stones
(42, 18, D:3)
  a +0 club
  a +0 sling
(47, 21, D:3)
  a +0 dagger
  a +0 robe
(49, 12, D:3)
  a +0 troll leather armour {Pargi}

Level 4 of the Dungeon
(0, 0, D:4)
  a +0 club
(1, -18, D:4)
  a +0 short sword of draining
  5 stones
(2, 7, D:4)
  4 stones
(10, 26, D:4)
  a +0 short sword
(12, -5, D:4)
  a +0 short sword
(13, -16, D:4)
  a +0 chain mail
(13, -6, D:4)
  3 stones
  a +0 dagger
(15, -30, D:4)
  a +0 short sword
(35, -24, D:4)
  a +0 hand axe
  a +0 ring mail
(41, -6, D:4)
  a +0 helmet
(54, 15, D:4)
  4 stones

Level 5 of the Dungeon
(1, -1, D:5)
  a +0 club
(3, -41, D:5)
  a +0 leather armour
(12, -28, D:5)
  a +0 hand axe
  a +0 leather armour
  a +0 dagger
  a +0 dagger
(14, -33, D:5)
  a +0 giant club
(19, -10, D:5)
  a +0 giant club
  a +0 club
(20, -10, D:5)
  a +2 halberd of protection
(20, -9, D:5)
  a +0 halberd
(39, -8, D:5)
  a +0 club
  a +0 leather armour
(40, -24, D:5)
  a +0 giant spiked club

Level 6 of the Dungeon
(0, 0, D:6)
  a +0 robe
(2, 0, D:6)
  a +0 robe
(3, -6, D:6)
  7 stones
(7, -7, D:6)
  a +0 dagger
  a +0 robe
(8, -7, D:6)
  a +0 whip
  a +0 dagger
  a +0 chain mail
(8, 7, D:6)
  a +2 spear of distortion
  a +0 scale mail
(9, -7, D:6)
  a +0 dagger
  a +0 robe
(9, 7, D:6)
  a +0 spear
  a +0 spear
(10, 7, D:6)
  a +2 heavy spear
(10, 36, D:6)
  a +0 chain mail
(11, 7, D:6)
  3 stones
  a +0 ring mail
  a +0 spear
  a +0 flail
(14, 33, D:6)
  a +0 troll leather armour
(26, 41, D:6)
  a +0 giant club
(31, 35, D:6)
  a +0 trident
(32, -3, D:6)
  a +0 hand axe
(33, 9, D:6)
  a +1 short sword of electrocution
(34, 4, D:6)
  a +0 dagger

Level 7 of the Dungeon
[Shop] Kycosuc's Weapon Boutique
  a +0 whip (27 gold)
  a +2 heavy mace (191 gold)
  a +0 war axe (38 gold)
  a +0 war axe (38 gold)
  5 stones (5 gold)
  5 large rocks (82 gold)
  a +3 mace of holy wrath (246 gold)
(0, 0, D:7)
  a +0 hand axe
(0, 2, D:7)
  a +0 hand axe
(0, 18, D:7)
  a +0 hand axe
(2, 5, D:7)
  a +0 hand axe
(7, -8, D:7)
  a +0 falchion
(9, 30, D:7)
  a +0 scale mail
(18, -6, D:7)
  a +0 ring mail
(24, -3, D:7)
  a book of Callings
(25, 36, D:7)
  a +0 short sword
  a +0 leather armour
(36, -1, D:7)
  a +0 mace
  a +1 leather armour of willpower
(36, 26, D:7)
  a +0 giant club

Level 8 of the Dungeon
(0, 0, D:8)
  a +0 ring mail
(2, 6, D:8)
  a +0 dagger
  a +2 rapier of draining
(4, 1, D:8)
  a +0 club
(7, 0, D:8)
  a +0 club
(7, 7, D:8)
  6 javelins
(8, -21, D:8)
  a +0 dagger
  a +0 robe
(8, -20, D:8)
  a +0 flail
  a +0 flail
(9, -21, D:8)
  a +0 whip
  a +4 ring mail
(11, 6, D:8)
  5 stones
(12, 4, D:8)
  a +0 club
  a +0 hand axe
  a +0 ring mail
  a +0 dagger
(13, 0, D:8)
  a +0 rapier
(14, -1, D:8)
  a +0 hand axe
(14, 14, D:8)
  a +0 robe
  a +2 dagger of pain
(14, 15, D:8)
  a +0 hand axe
  a +0 robe
  a +0 dagger
(18, -13, D:8)
  a +0 dagger
  a +0 robe
(21, -10, D:8)
  the +0 robe of Precision Catastrophes {Will- Str+3 Slay+2}
    Str:       It affects your strength (+3).
    Slay:      It affects your accuracy & damage with ranged weapons and melee
    (+2).
    Will:      It decreases your willpower.
  a +0 buckler
  a +4 dagger of chaos
(28, -23, D:8)
  a +0 war axe
  a +0 leather armour
  a +0 dire flail
  a +0 robe
  a +0 short sword
  4 stones
  a +0 robe
  a +0 scimitar
  a +0 robe
  a +5 mace
  a +2 robe of willpower
  a +0 war axe
  a +1 leather armour of cold resistance
  a +0 whip
  a +3 short sword
  a +0 robe
(31, -12, D:8)
  a +0 flail
  a +0 chain mail
(31, -10, D:8)
  a +0 dagger
  a +0 robe
  a +0 falchion
(31, -9, D:8)
  a +0 whip
(31, 13, D:8)
  a +0 shortbow
(32, -12, D:8)
  a +0 hand axe
(36, 2, D:8)
  a +0 leather armour
(39, -29, D:8)
  a +0 flail
(39, -28, D:8)
  a +0 whip
  a +0 whip
  a +0 club
  a +0 robe
  a +0 dagger
  a curare-tipped dart
  a +0 club
(40, -36, D:8)
  a +0 club
(45, -22, D:8)
  a +0 club
(46, -10, D:8)
  a +0 club
(54, 6, D:8)
  a +0 war axe
(58, -10, D:8)
  a +0 chain mail

the Ecumenical Temple

