Bokogi

Level 1 of the Dungeon
[Shop] Mafuliv's Antique Weapon Shoppe
  a +0 flail (80 gold)
  a +0 flail (80 gold)
  the +4 flail of Lisuoq {venom, rC+ rCorr Str+2} (1104 gold)
    Str:       It affects your strength (+2).
    rC:        It protects you from cold.
    rCorr:     It protects you from acid and corrosion.
  a +0 whip (57 gold)
  a +0 short sword (69 gold)
  a +1 heavy war axe (305 gold)
  a +5 shortbow of flaming (745 gold)
(0, 0, D:1)
  4 stones
(10, 8, D:1)
  a +0 robe
(22, -25, D:1)
  a +0 short sword
  a stone
(35, -18, D:1)
  a +0 robe

Level 2 of the Dungeon
(12, -19, D:2)
  a +0 hand axe
(13, -32, D:2)
  a +0 club
(16, -9, D:2)
  a +0 short sword
(18, 1, D:2)
  a stone
  a +0 short sword
(19, -7, D:2)
  a staff of cold
(25, -21, D:2)
  a +0 quarterstaff
(27, -17, D:2)
  a +0 war axe
(41, 10, D:2)
  a +1 hat
(52, -15, D:2)
  a +0 sling
(56, -17, D:2)
  a +0 club
  2 stones
(57, -30, D:2)
  a +0 club
(58, -16, D:2)
  a +0 glaive

Level 3 of the Dungeon
(0, 0, D:3)
  a +0 scale mail of cold resistance
(2, 16, D:3)
  a +0 dagger
(3, 24, D:3)
  a +0 robe
(16, 40, D:3)
  8 stones
(18, 17, D:3)
  6 stones
(19, -2, D:3)
  4 stones
  a +0 short sword
(19, 32, D:3)
  4 poisoned darts
(23, 36, D:3)
  a +0 leather armour
  a +0 war axe
(28, 0, D:3)
  4 poisoned darts
(32, 31, D:3)
  a ring of see invisible
(41, 10, D:3)
  a +0 club
(50, -7, D:3)
  a +1 whip of pain
  the +3 robe of Couc {Int+3}
    Int:       It affects your intelligence (+3).
(51, -8, D:3)
  a +0 leather armour
(51, 12, D:3)
  a +0 short sword
(55, -7, D:3)
  a +0 dagger

Level 4 of the Dungeon
(0, 0, D:4)
  a +4 club
  a +0 leather armour
  the goblin corpse of Ijyb
(14, -5, D:4)
  the felid corpse of Bokogi
(18, -15, D:4)
  a scroll of brand weapon
  a scroll of enchant armour

