GoodOmen

Level 1 of the Dungeon
(0, 0, D:1)
  8 stones
(2, 13, D:1)
  a +0 dagger
  3 stones
(3, -7, D:1)
  a +0 whip
(13, 19, D:1)
  a -1 hand axe of flaming
(16, -24, D:1)
  a +0 robe
(21, 0, D:1)
  4 stones
  a +0 whip
(28, -15, D:1)
  a +0 club
(28, 17, D:1)
  a +0 helmet
(30, -9, D:1)
  a +0 leather armour
  a +0 quarterstaff
(33, -11, D:1)
  a +0 spear
(40, 16, D:1)
  a +0 short sword
  a stone
(42, -1, D:1)
  a +3 vampiric short sword
(42, 16, D:1)
  a +0 dagger
(44, -19, D:1)
  a +0 club
(52, -9, D:1)
  a +0 club
(58, -1, D:1)
  7 stones

Level 2 of the Dungeon
(5, 19, D:2)
  7 stones
  a +0 dagger
(9, 1, D:2)
  a +0 club
(29, 3, D:2)
  a +0 club
  3 stones
(29, 24, D:2)
  4 stones
(34, 1, D:2)
  a +0 sling
(35, 18, D:2)
  a +0 flail
(41, -4, D:2)
  a +0 hand axe

Level 3 of the Dungeon
(0, 0, D:3)
  a +0 mace
(2, -12, D:3)
  a +0 short sword
  a +0 scale mail
(10, -32, D:3)
  a +0 chain mail
(12, -4, D:3)
  a +0 short sword
(13, 11, D:3)
  a +0 short sword
(28, 14, D:3)
  a +0 short sword
(31, 17, D:3)
  8 stones
(33, -5, D:3)
  a +0 hand axe
(34, -12, D:3)
  a +0 club
(41, -12, D:3)
  a +0 arbalest

Level 4 of the Dungeon
[Shop] Asim's Lightly-Used Armoury
  a -3 demon whip (1 gold)
  a -1 demon blade (110 gold)
  a -3 eveningstar (1 gold)
  a -3 triple sword (1 gold)
  a -1 demon trident (110 gold)
  a -3 eveningstar (1 gold)
  a -2 triple crossbow (1 gold)
  a -1 demon blade (110 gold)
(0, 0, D:4)
  a hobgoblin corpse
(2, -1, D:4)
  an adder corpse
(3, -3, D:4)
  a black bear corpse
(7, -20, D:4)
  2 stones
(7, -16, D:4)
  a potion of degeneration
(13, 1, D:4)
  a quokka corpse (skeletalised by now)
(14, 0, D:4)
  a +0 dagger
  a +0 pair of boots
  a goblin corpse (skeletalised by now)
(25, 2, D:4)
  3 stones

