Kuzon

Level 1 of the Dungeon
(0, 0, D:1)
  a +0 leather armour
(7, -13, D:1)
  a +0 robe
(26, -11, D:1)
  a +0 club
  a stone
(26, -9, D:1)
  a +0 short sword
(27, -11, D:1)
  a +0 dagger
(30, -7, D:1)
  a +0 dagger
(32, -11, D:1)
  a +0 dagger
(39, -1, D:1)
  a +0 dire flail
(47, -6, D:1)
  a +0 leather armour
(49, -9, D:1)
  a staff of death

Level 2 of the Dungeon
(0, 0, D:2)
  a +0 dagger
(12, -3, D:2)
  a stone
(30, -15, D:2)
  a +0 sling
  a +0 dagger
(40, -17, D:2)
  a +0 dagger
(57, -7, D:2)
  a +0 dagger

Level 3 of the Dungeon
(3, 22, D:3)
  a +0 club
(5, -1, D:3)
  a +0 pair of gloves
(6, -12, D:3)
  a +0 short sword
(6, 0, D:3)
  a +0 club
(7, -5, D:3)
  a +0 dagger
(8, -22, D:3)
  a +2 whip of draining
(16, 18, D:3)
  a +0 hand axe
  a +0 scale mail
(18, -21, D:3)
  2 boomerangs of dispersal
(28, 8, D:3)
  5 stones
(30, 6, D:3)
  a +0 club
(30, 15, D:3)
  4 poisoned darts
(34, 7, D:3)
  a +0 scale mail
(36, -19, D:3)
  a +2 whip of electrocution

Level 4 of the Dungeon
(0, 0, D:4)
  a +0 chain mail
(3, -5, D:4)
  a +0 leather armour
(3, 9, D:4)
  a +0 sling
(7, -27, D:4)
  a +0 whip
(9, -26, D:4)
  a +0 whip
  a +0 club
(13, -44, D:4)
  a +0 whip
  a +0 leather armour
(13, -41, D:4)
  a +0 dagger
  a +0 robe
(14, -45, D:4)
  a +0 flail
  a +0 flail
  a +0 scale mail
(34, -25, D:4)
  a +0 dagger
(34, -18, D:4)
  a +0 club
(35, -36, D:4)
  a +0 dagger
(48, -31, D:4)
  a +0 trident
  a +0 ring mail
(48, -14, D:4)
  a +0 mace
(49, -36, D:4)
  a +0 ring mail
(49, -31, D:4)
  a +0 flail
(50, -31, D:4)
  a +0 dagger
  a +0 leather armour
(52, -34, D:4)
  a +0 dagger
  a +0 ring mail
(53, -34, D:4)
  a +0 mace

Level 5 of the Dungeon
(0, 0, D:5)
  a +0 giant spiked club
(1, 12, D:5)
  2 silver javelins
(4, 4, D:5)
  a +0 leather armour
(12, -19, D:5)
  a +0 scale mail
(17, 14, D:5)
  a +0 helmet
(50, 10, D:5)
  a +0 leather armour
(59, -16, D:5)
  5 stones

Level 6 of the Dungeon
(2, 18, D:6)
  6 stones
(11, -1, D:6)
  a +0 dagger
  a +0 robe
(17, -5, D:6)
  a +0 war axe
  a +0 plate armour
(18, -4, D:6)
  a +0 dagger
  a +0 ring mail
  a +0 short sword
(19, -3, D:6)
  a +0 hand axe
(26, 24, D:6)
  a +0 short sword
  a boomerang
  a +0 chain mail
(31, -7, D:6)
  a +0 shortbow
  a staff of conjuration
  5 stones
(38, 37, D:6)
  a +0 spear
(39, -5, D:6)
  a +0 trident
(39, 1, D:6)
  a +0 shortbow
(66, 23, D:6)
  a +0 trident

Level 7 of the Dungeon
(0, 0, D:7)
  a +0 dagger
(3, -6, D:7)
  4 stones
(15, -8, D:7)
  a +0 flail
(19, 9, D:7)
  a +0 dagger of venom
  a +0 leather armour
(19, 10, D:7)
  a +0 trident
(20, 9, D:7)
  a +0 robe
(21, 10, D:7)
  a +0 hand axe
(21, 11, D:7)
  a +0 mace
(21, 13, D:7)
  a +0 dagger
(22, -28, D:7)
  a +0 dagger
(23, -28, D:7)
  a +0 dagger
(26, 27, D:7)
  a +0 dagger
  a +0 robe
  a +0 dagger
  a boomerang
  a +0 hand axe
  a +0 club
(27, 27, D:7)
  a +0 dagger
  a +0 robe
(30, -6, D:7)
  a +0 war axe
(31, 12, D:7)
  a +0 flail
  a +0 ring mail
(47, 10, D:7)
  a +0 dagger
(52, 10, D:7)
  a +0 dagger
  a +0 robe
  a +4 flail
  a +0 ring mail
  a +0 hand axe
  a +0 ring mail
(58, 1, D:7)
  a +0 hand axe
(59, 8, D:7)
  a +1 dagger of venom
  a +0 robe
(60, 2, D:7)
  a +0 dagger

Level 8 of the Dungeon
(0, 0, D:8)
  a +0 war axe
  a +0 dagger
(0, 3, D:8)
  a +0 club
(9, -7, D:8)
  a +0 war axe
  a +0 plate armour
(9, 15, D:8)
  a +0 shortbow
(10, -8, D:8)
  a +0 club
(13, 28, D:8)
  a +0 shortbow
(15, -5, D:8)
  a +0 robe
  a +3 flail
  a +0 robe
  a +2 dire flail of protection
  a +0 robe
  a +0 hand axe
(21, -4, D:8)
  a +0 ring mail
  a +0 trident
(22, -3, D:8)
  a +0 halberd
  a +0 halberd
(23, -2, D:8)
  a +0 flail
(37, 20, D:8)
  a +0 short sword
(41, 11, D:8)
  a +0 ring mail
(42, 2, D:8)
  a +0 glaive
  a +0 plate armour
(46, 2, D:8)
  a +0 short sword
  a +0 short sword
  a +1 vampiric whip
(51, 27, D:8)
  5 stones
(53, 17, D:8)
  a +0 leather armour
  a +0 dagger
  a +0 club
(53, 18, D:8)
  a +0 chain mail
  a +0 hand axe
  a +0 whip
(53, 21, D:8)
  a +0 ring mail
  a +0 dagger
(54, 17, D:8)
  a +0 halberd
  a +0 flail
(55, 15, D:8)
  a +0 whip
  a +0 scale mail
  a +0 vampiric spear
(56, 5, D:8)
  a +0 spear

Level 9 of the Dungeon
(0, 0, D:9)
  a +0 dagger
  a +0 robe
  a +0 whip
(0, 1, D:9)
  a +0 whip
(2, 8, D:9)
  a +0 hand axe
(5, -1, D:9)
  a +0 ring mail
(11, 14, D:9)
  a +0 shortbow
(12, -2, D:9)
  a +0 club
  3 boomerangs
(12, 4, D:9)
  a +0 club
  a +0 chain mail
(14, -30, D:9)
  a +0 club
(14, -26, D:9)
  a +0 flail
  a +0 trident of venom
  a +0 scale mail
(14, -25, D:9)
  a +0 club
  a +0 halberd
(15, -24, D:9)
  a +0 dagger
  a +0 robe
(16, -22, D:9)
  a +0 dagger
  a +0 robe
(20, -23, D:9)
  a +0 dagger
  a +0 robe
(23, -26, D:9)
  a +0 falchion
  a +0 arbalest
  a +0 glaive
  a +0 chain mail
(24, -11, D:9)
  a +0 dagger
  a +0 robe
  a +0 dagger
  a +0 robe
(26, -17, D:9)
  a +0 whip
(36, -9, D:9)
  a +0 ring mail
  a +0 hand axe
(37, -21, D:9)
  a +0 plate armour
  a +0 scimitar
(37, -20, D:9)
  4 large rocks
(37, 16, D:9)
  7 stones
(38, -20, D:9)
  a +0 trident
  a +0 club
(38, -19, D:9)
  a +0 club
(47, -1, D:9)
  a +0 club

Level 10 of the Dungeon
(0, 0, D:10)
  a +0 short sword
  a +0 plate armour
(2, 9, D:10)
  a +0 dagger
  a +0 robe
(2, 11, D:10)
  a +0 hand axe
  a +0 ring mail
(5, 9, D:10)
  a +0 dagger
  a +0 leather armour
(8, 9, D:10)
  a +0 falchion
(16, 16, D:10)
  a +1 shortbow of freezing
(17, 28, D:10)
  a +0 robe
  a +0 dagger
(21, -17, D:10)
  a +0 scale mail
(24, 9, D:10)
  a +0 ring mail
  a +0 mace
(26, 5, D:10)
  a +0 chain mail
  a +0 hand axe
(26, 6, D:10)
  a +0 short sword
(26, 7, D:10)
  a +0 dagger
  a +0 flail
(27, 8, D:10)
  a +0 whip
(27, 9, D:10)
  a +0 whip
(27, 21, D:10)
  4 stones
  a +0 short sword
(28, 21, D:10)
  a +0 short sword
  10 stones
  a +0 short sword
  a +0 club
(28, 22, D:10)
  a +0 giant club
  a +0 giant club
(34, 16, D:10)
  7 poisoned darts
  a +0 short sword
(43, 6, D:10)
  2 large rocks
(48, 5, D:10)
  3 poisoned darts
(50, 0, D:10)
  a +0 kite shield

Level 11 of the Dungeon
[Shop] Rell's Magic Scroll Shoppe
  a scroll of vulnerability (44 gold)
  a scroll of enchant armour (82 gold)
  a scroll of fog (44 gold)
  a scroll of amnesia (44 gold)
(0, 0, D:11)
  a +1 war axe of venom
  (unseen)
(10, -36, D:11)
  a +0 animal skin
  a +0 glaive
(14, -34, D:11)
  a staff of earth
(19, -29, D:11)
  a potion of brilliance
(21, -28, D:11)
  3 stones
(30, -41, D:11)
  a +0 falchion
(31, -23, D:11)
  22 gold pieces
(34, -15, D:11)
  a +0 flail

Level 1 of the Lair of Beasts
(0, 0, Lair:1)
  a +0 plate armour
(9, -42, Lair:1)
  7 stones
(14, -37, Lair:1)
  a +0 robe
(16, -15, Lair:1)
  a +0 scale mail

an ice cave
(0, 0, IceCv)
  32 gold pieces
(0, 1, IceCv)
  a +1 scale mail of cold resistance
  (unseen)
(1, 0, IceCv)
  a +0 plate armour of cold resistance
  (unseen)
(1, 1, IceCv)
  a scroll of immolation

