GoodOmen

Level 1 of the Dungeon
[Shop] Jiraad's General Store
  2 stones (2 gold)
  a scroll of identify (26 gold)
  a potion of haste (130 gold)
  a +2 heavy mace (226 gold)
  a scroll of identify (26 gold)
  a potion of haste (130 gold)
  a potion of curing (39 gold)
  a scroll of poison (52 gold)
  a +0 robe (9 gold)
  3 scrolls of identify (78 gold)
(2, -16, D:1)
  a +0 dagger
(2, -15, D:1)
  a +0 short sword
(4, -6, D:1)
  4 gold pieces
(6, -20, D:1)
  a book of Hexes
(8, 7, D:1)
  a +0 spear
  a +0 whip of holy wrath
(19, -21, D:1)
  a +0 robe
(21, -19, D:1)
  a +0 club
(21, -5, D:1)
  a +0 spear
(30, 9, D:1)
  a +0 hand axe
(33, -19, D:1)
  2 stones
  a +0 short sword
(34, -20, D:1)
  3 stones
  a +0 dagger
(39, -10, D:1)
  6 stones
(45, -18, D:1)
  a +0 animal skin

Level 2 of the Dungeon
(0, 0, D:2)
  a +0 club
(1, 1, D:2)
  a +0 pair of gloves
(7, -31, D:2)
  a +1 dagger of venom
(11, -1, D:2)
  a +0 falchion
(13, -4, D:2)
  a +0 dagger
(16, -47, D:2)
  a +0 whip
  a stone
(35, -16, D:2)
  2 stones
  a +0 dagger
(40, -11, D:2)
  a +0 spear
(45, -28, D:2)
  a +0 club
(52, -26, D:2)
  a +0 spear

Level 3 of the Dungeon
(0, 0, D:3)
  a +0 dagger
(5, 15, D:3)
  6 stones
  a +0 club
(9, 18, D:3)
  8 stones
(12, 13, D:3)
  a +1 short sword of speed
(12, 16, D:3)
  a +0 whip
  a +1 flail of protection
(12, 17, D:3)
  a +0 club
(14, 13, D:3)
  a +0 club
(19, 1, D:3)
  a +0 club
  4 stones
(20, 6, D:3)
  a +0 club
(28, 28, D:3)
  a +0 leather armour
(31, 22, D:3)
  a +0 sling
(38, -5, D:3)
  a +0 falchion
(39, 13, D:3)
  a +0 robe of fire resistance
(43, 11, D:3)
  a +4 hand axe
  a +0 flail
  a +0 dagger
(44, 12, D:3)
  a +0 dagger
  a +0 leather armour
  a +0 mace
  a +0 leather armour
(44, 16, D:3)
  7 stones
(46, 0, D:3)
  a +0 flail
(47, 20, D:3)
  a +0 trident
  a +0 ring mail
(48, 23, D:3)
  a ring of fire
(51, 5, D:3)
  a +0 ring mail
(56, 13, D:3)
  a +0 ring mail
(59, -2, D:3)
  a +0 club

Level 4 of the Dungeon
(4, 6, D:4)
  a +0 long sword
(6, 32, D:4)
  a +0 scale mail
(11, 4, D:4)
  a +0 dagger
(11, 5, D:4)
  a +0 dagger
  a +0 robe
  an orc corpse (skeletalised by now)
(11, 6, D:4)
  a +0 hand axe
  a +0 leather armour
  a +0 club
  a +0 ring mail
  a +0 hand axe
  an orc corpse (skeletalised by now)
  an orc corpse (skeletalised by now)
(11, 14, D:4)
  5 stones
(11, 17, D:4)
  a +0 whip
(19, 22, D:4)
  a +0 mace
(19, 29, D:4)
  a +0 dagger
(24, 17, D:4)
  a +0 sling
(31, 9, D:4)
  a +0 flail
(32, 8, D:4)
  a +0 dagger
(32, 9, D:4)
  a +0 club
(32, 10, D:4)
  a +0 spear
(33, 9, D:4)
  a +0 club
(34, 7, D:4)
  a +0 spear

Level 5 of the Dungeon
(0, 0, D:5)
  a potion of resistance
(3, 0, D:5)
  a killer bee corpse
(5, -2, D:5)
  a hound corpse

