Bokogi

Level 1 of the Dungeon
[Shop] Riqaesit's Weapon Boutique
  a +0 sling (18 gold)
  a +0 mace (36 gold)
  a +0 spear (36 gold)
  3 stones (3 gold)
  a +2 short sword of venom (187 gold)
  a +0 sling (18 gold)
  a +0 shortbow (36 gold)
  4 stones (4 gold)
  a +0 mace (36 gold)
  a +3 falchion of holy wrath (268 gold)
(0, 0, D:1)
  a +0 club
(3, 24, D:1)
  a +0 club
  a +0 dagger
  a +0 short sword
(4, 9, D:1)
  a +0 dagger
(11, 35, D:1)
  a +0 whip
  3 stones
(25, 7, D:1)
  a +0 dagger
(26, 26, D:1)
  a +1 cloak
(27, 42, D:1)
  5 stones
  a +0 dagger
(28, 43, D:1)
  a +0 sling
(32, 35, D:1)
  a +0 mace
(32, 36, D:1)
  a +0 dagger
  a stone
  a +0 short sword
(33, 35, D:1)
  8 stones
  a +0 dagger
  a +0 dagger
(34, 24, D:1)
  a +1 dagger of protection
(34, 25, D:1)
  a +0 short sword
  4 stones

Level 2 of the Dungeon
(0, 0, D:2)
  3 stones
(12, -21, D:2)
  a +0 rapier
(16, 15, D:2)
  4 stones
(22, 14, D:2)
  a +0 robe
(35, 10, D:2)
  a +0 ring mail
(36, -11, D:2)
  a +0 short sword
  4 stones
(36, -2, D:2)
  a +0 club
(37, -6, D:2)
  2 stones
(43, -15, D:2)
  a +0 robe
(43, 3, D:2)
  a +0 dagger
(48, -3, D:2)
  6 stones

Level 3 of the Dungeon
(0, 0, D:3)
  a +0 ring mail
(3, 19, D:3)
  a +0 whip of venom
(6, -18, D:3)
  a +0 ring mail
(10, -7, D:3)
  a +0 scale mail
(20, 16, D:3)
  6 stones
(23, 12, D:3)
  a +0 short sword
(27, 17, D:3)
  6 stones
(32, -19, D:3)
  a +0 robe

Level 4 of the Dungeon
[Shop] Pexzoeta's Antique Armour Shoppe
  a +4 chain mail of willpower (693 gold)
  a +0 robe (15 gold)
  a +0 leather armour (44 gold)
  a +0 ring mail (88 gold)
  a +0 robe (15 gold)
  a +0 plate armour (506 gold)
(0, 0, D:4)
  a +0 dagger
(1, 34, D:4)
  a +0 leather armour
(15, 22, D:4)
  a +0 club
  a +0 flail
  a +0 short sword
  a +0 dagger
  a +0 flail
(20, 12, D:4)
  a +0 dagger
(35, -13, D:4)
  a +0 spear
(37, 21, D:4)
  a +0 sling
  a +0 hand axe
(42, -21, D:4)
  a +0 robe
(43, -6, D:4)
  a +0 dagger

Level 5 of the Dungeon
(0, 0, D:5)
  6 stones
(1, -41, D:5)
  3 stones
(3, -13, D:5)
  a +0 club
  a +0 flail
  a +0 scale mail
  a +0 dagger
  a +0 whip
(4, -28, D:5)
  a +0 hand axe
(4, -14, D:5)
  a +0 hand axe
(6, -15, D:5)
  a +2 hand axe of flaming
  a +0 ring mail
(13, -21, D:5)
  a +0 mace
(17, -27, D:5)
  a +0 helmet
(18, -6, D:5)
  a +0 quarterstaff
(21, -15, D:5)
  a +0 hand axe
  a +0 leather armour
  a +0 dagger
  a +0 robe
  a +0 dagger
  a +0 short sword
(24, -28, D:5)
  6 poisoned darts
(24, 4, D:5)
  a ring of flight
(25, -12, D:5)
  a +0 falchion
  6 poisoned darts
(29, -12, D:5)
  a book of Frost
(32, -11, D:5)
  a +0 short sword
(34, -4, D:5)
  a +0 short sword
(37, -14, D:5)
  a +0 leather armour
(40, -10, D:5)
  a +0 short sword

Level 6 of the Dungeon
(0, 0, D:6)
  4 poisoned darts
(12, 12, D:6)
  a +0 dagger
  a +0 robe
  a +0 dagger
  a +0 robe
(12, 13, D:6)
  a +0 hand axe
(13, 30, D:6)
  a +0 spear
(14, 31, D:6)
  a +0 flail
  a +0 club
  a +0 spear
(16, -6, D:6)
  2 stones
(19, 35, D:6)
  6 poisoned darts
(20, 12, D:6)
  2 stones
(29, -8, D:6)
  a +0 scale mail
(33, 41, D:6)
  a +0 dagger
(44, 9, D:6)
  a +0 leather armour
(49, 4, D:6)
  2 stones

Level 7 of the Dungeon
(0, 0, D:7)
  a +0 club
(6, 8, D:7)
  a +0 robe
(8, 10, D:7)
  the +5 great mace "Zymim" {heavy, rCorr Int+2}
    Int:       It affects your intelligence (+2).
    rCorr:     It protects you from acid and corrosion.
(10, 10, D:7)
  a +0 trident
  a +0 buckler
(11, 10, D:7)
  a +0 short sword
  a +0 club
  a +0 flail
  a +0 spear
  a +0 whip
(11, 27, D:7)
  a +0 flail
(12, 27, D:7)
  a +2 heavy flail
  a +0 spear
  a +0 ring mail
(13, 8, D:7)
  3 stones
(13, 27, D:7)
  a +0 whip of venom
(13, 28, D:7)
  a +0 spear
(17, 47, D:7)
  a ring of flight
(20, 41, D:7)
  a +0 hammer
(21, 38, D:7)
  a +2 quarterstaff of chaos
(25, 47, D:7)
  a +0 whip
  a +0 scale mail
(30, 41, D:7)
  a +0 quarterstaff
(34, 18, D:7)
  a +0 giant club
(34, 47, D:7)
  a +0 leather armour
(37, 29, D:7)
  a +0 ring mail
(40, 27, D:7)
  a +1 cloak of preservation
(41, 27, D:7)
  a +0 dagger
(41, 34, D:7)
  a +0 hand axe
(42, 34, D:7)
  a +0 short sword
  a +0 robe
  a +2 heavy mace
(45, 47, D:7)
  5 stones
(46, 20, D:7)
  a +0 leather armour
(46, 36, D:7)
  a +0 dagger
  a +0 leather armour
  a +0 war axe
  the +1 chain mail "Unoenedo" {Rampage Dex+3}
    Dex:       It affects your dexterity (+3).
    Rampage:   It bestows one free step when moving towards enemies.
  a +0 long sword
  a +0 chain mail
  a +0 trident
  a +0 plate armour
  a +0 flail
  a +0 mace
  a +0 chain mail
(46, 37, D:7)
  a +0 hand axe of venom
  a +0 club

Level 8 of the Dungeon
[Shop] Osiw's Antique Weapon Boutique
  a +0 club (20 gold)
  a +0 whip (50 gold)
  the +9 dire flail of the Heart {pain, Int+2} (1324 gold)
    Int:       It affects your intelligence (+2).
    
    The Shining One disapproves of the use of such an item.
  the +4 falchion of the Original Sin {holy, rPois Will+} (844 gold)
    rPois:     It protects you from poison.
    Will:      It increases your willpower.
  a +0 mace (60 gold)
  a +2 great mace of protection (396 gold)
  a +0 mace (60 gold)
  a +0 great sword (130 gold)
  a +0 club (20 gold)
(9, 22, D:8)
  4 stones
(10, 12, D:8)
  a +0 trident
(12, 30, D:8)
  a +0 long sword
(21, -11, D:8)
  a +0 dagger
(21, -8, D:8)
  a +0 ring mail
(21, -4, D:8)
  a +0 mace
(22, -12, D:8)
  a +0 war axe
(22, -3, D:8)
  a +0 long sword
(24, 22, D:8)
  a +0 great sword
(28, 1, D:8)
  a +0 helmet
(29, 13, D:8)
  4 atropa-tipped darts
(29, 33, D:8)
  a +0 long sword of venom
  a +0 war axe of freezing
(30, 36, D:8)
  a +1 dagger of venom
  a +0 robe
(32, -3, D:8)
  a +0 robe
(32, 15, D:8)
  a +0 giant club
  a +0 giant club
(43, 11, D:8)
  a +0 short sword
  a +0 hand axe
  a +0 leather armour
  a +0 club
(43, 12, D:8)
  a +0 club
(43, 13, D:8)
  a +0 short sword
  a +0 ring mail
(51, 21, D:8)
  a +0 shortbow
(51, 27, D:8)
  a +0 trident
(51, 28, D:8)
  a +0 flail
  a +0 dagger
  a +0 leather armour
  a +0 dagger
  a +0 trident
  a +0 chain mail
(51, 29, D:8)
  a +0 hand axe
(52, 28, D:8)
  a +0 scale mail
  a +0 flail
  a +0 short sword
  a +0 scale mail
  a +0 short sword
  a +0 heavy flail
  3 boomerangs
  a +0 dagger
  a +0 leather armour
  a +0 hand axe
  a +0 short sword
  a +0 arbalest
  a +0 mace
  a +0 scale mail
  a +0 short sword
  a +0 short sword
  a +0 club
  a +0 leather armour
  a +0 hand axe
  a +0 leather armour
  a +0 giant club
(53, 24, D:8)
  a book of Changes
(53, 28, D:8)
  a +0 falchion

Level 9 of the Dungeon
[Shop] Luodd's Armour Shoppe
  a +0 scale mail (64 gold)
  an orb of mayhem (208 gold)
  a +0 ring mail (64 gold)
  a +0 plate armour (368 gold)
  a +0 robe (11 gold)
  a +3 ring mail of fire resistance (416 gold)
  a +0 plate armour (368 gold)
(0, 0, D:9)
  a +0 flail
(1, 0, D:9)
  a +0 robe
  a +0 dagger
(2, 0, D:9)
  a +0 robe
  a +0 dagger
(2, 1, D:9)
  a +0 hand axe
(4, 0, D:9)
  a +0 pair of gloves
  a +0 ring mail
(8, 10, D:9)
  a +2 whip of electrocution
  a +0 short sword
  a +0 club
  7 stones
  a +0 dagger
  a +0 dagger
  a +0 whip
  3 poisoned darts
  a +0 club
(9, 25, D:9)
  +0 steam dragon scales
(12, 16, D:9)
  a +0 helmet
(14, 15, D:9)
  a +0 halberd
(19, 4, D:9)
  a +0 shortbow
(22, 6, D:9)
  a +0 giant club
  a +0 giant club
(23, 12, D:9)
  a +0 mace
  a +0 plate armour
(31, 37, D:9)
  a +0 flail

Level 10 of the Dungeon
(0, 0, D:10)
  a +0 troll leather armour
(6, -1, D:10)
  a +0 chain mail
(25, 20, D:10)
  5 stones
(27, 12, D:10)
  +0 steam dragon scales
(38, 20, D:10)
  a +0 giant spiked club
  a +0 giant club
(39, 20, D:10)
  a potion of attraction
  2 potions of degeneration
  a scroll of vulnerability
  an amulet of magic regeneration
(48, 2, D:10)
  5 stones
(48, 30, D:10)
  a +1 glaive
  a +2 animal skin
(48, 32, D:10)
  a +0 war axe
(51, 13, D:10)
  a +0 chain mail
  7 javelins
  a +1 eveningstar of venom
(57, 24, D:10)
  a +0 club
(58, 11, D:10)
  5 poisoned darts

Level 11 of the Dungeon
[Shop] Seac's Distillery
  (Shop contents are unknown)
(0, 0, D:11)
  5 stones
(7, -5, D:11)
  the +1 leather armour "Ypteguh" {rElec Stlth+}
    rElec:     It insulates you from electricity.
    Stlth:     It makes you more stealthy.
(11, 19, D:11)
  a +0 giant club
  a +0 giant club
(13, -7, D:11)
  6 stones
(15, -3, D:11)
  a +0 robe
  a +0 dagger
(19, -1, D:11)
  2 large rocks
(19, 16, D:11)
  a +0 mace
(20, -2, D:11)
  a +0 leather armour
(20, 5, D:11)
  a +0 chain mail
(22, 26, D:11)
  a +0 scale mail
(23, 26, D:11)
  a +0 club
(24, 26, D:11)
  a +0 war axe
(25, 27, D:11)
  a +0 spear
(26, 15, D:11)
  a +0 short sword
(26, 16, D:11)
  a +0 longbow
(26, 17, D:11)
  2 stones
  a +0 whip
  a +0 robe
  a +0 dagger
(27, 16, D:11)
  a +0 troll leather armour
  a +0 club
(28, 15, D:11)
  a +0 robe
  a +0 dagger
(32, -6, D:11)
  a +0 pair of boots
(37, -4, D:11)
  a potion of invisibility
  6 stones
(37, 27, D:11)
  a +0 quarterstaff
(40, 11, D:11)
  a +0 trident
(42, -5, D:11)
  a +0 spear
(43, 12, D:11)
  a +0 long sword

Level 12 of the Dungeon
(0, 0, D:12)
  a +0 giant club
  a +0 giant spiked club
(11, 10, D:12)
  a potion of attraction
(15, 13, D:12)
  the +4 short sword of the Poles {chaos, rN+ Stlth+}
    rN:        It protects you from negative energy.
    Stlth:     It makes you more stealthy.
    
    The Shining One disapproves of the use of such an item.
(20, 14, D:12)
  a +0 ring mail
(22, -24, D:12)
  3 large rocks
(33, -28, D:12)
  a +0 troll leather armour
(40, 21, D:12)
  a +0 troll leather armour
(45, -17, D:12)
  6 large rocks
(52, 1, D:12)
  a +3 trident
(57, -17, D:12)
  3 stones

the Ecumenical Temple

Level 1 of the Orcish Mines
[Shop] Hemufog's CLEARANCE SALE!
  2 curare-tipped darts (12 gold)
  an amulet of magic regeneration (150 gold)
  a scroll of silence (47 gold)
(0, 0, Orc:1)
  a +0 ring mail
  a +0 flail
(1, 0, Orc:1)
  a +0 chain mail
  2 silver boomerangs
  a +0 short sword
(1, 2, Orc:1)
  a +0 robe
  a +0 dagger
(3, 12, Orc:1)
  a +0 mace
(3, 13, Orc:1)
  a +0 leather armour
  a +0 club
(5, 15, Orc:1)
  a +0 trident
(10, 12, Orc:1)
  a +0 chain mail
  a +0 glaive
  a +0 arbalest
(11, 12, Orc:1)
  a +0 robe
  a +0 dagger
(13, 12, Orc:1)
  a +0 hand axe
(14, 12, Orc:1)
  a +0 robe
  a +0 dagger
  a +0 robe
  a +0 dagger
  a +0 chain mail
  a +0 flail
  a +0 club
(15, 12, Orc:1)
  a +0 troll leather armour
  a +0 robe
  a +0 dagger
  a +0 plate armour
  2 boomerangs
  a +0 dire flail
(15, 13, Orc:1)
  a +0 dagger
  a +0 mace
  a +0 club
  a boomerang
  a +0 flail
(27, 37, Orc:1)
  a +0 whip
  a +0 chain mail
(29, 37, Orc:1)
  a +0 dagger
  a +0 robe
  a +0 falchion
(29, 38, Orc:1)
  a +0 hand axe
  a +0 arbalest
  a +0 chain mail
(31, 35, Orc:1)
  a +0 hand axe
  a +0 ring mail
(35, 34, Orc:1)
  a +2 glaive of venom
  a +0 chain mail
(36, 34, Orc:1)
  a +0 war axe
  a +0 leather armour
  a +0 dire flail
  a +0 arbalest
  a +0 chain mail

Level 2 of the Orcish Mines
[Shop] Yruxaxong's Weapon Boutique
  a +0 club (12 gold)
  a +1 morningstar of holy wrath (170 gold)
  3 poisoned darts (21 gold)
  a +0 shortbow of draining (88 gold)
  a +0 long sword (42 gold)
  a +0 dagger (24 gold)
  a +1 broad axe of venom (141 gold)
[Shop] Meiwe's General Store
  a wand of iceblast (5) (216 gold)
  a scroll of brand weapon (171 gold)
  a box of beasts (720 gold)
  the Atlas of the Autopsy and Changes (540 gold)
    Spells                            Type                      Level
     a - Kiss of Death                 Conjuration/Necromancy        1
     b - Sting                         Transmutation/Poison          1
     c - Dispel Undead                 Necromancy                    4
     d - Irradiate                     Conjuration/Transmutation     5
  a scroll of immolation (72 gold)
  a scroll of identify (36 gold)
  6 stones (10 gold)
[Shop] Secy's Magic Scroll Shoppe
  a scroll of vulnerability (56 gold)
  a scroll of amnesia (56 gold)
[Shop] Zounuepn's Antique Armour Boutique
  a +0 scale mail (116 gold)
  the +6 scale mail "Paybih" {Str+3 Int+3 Dex+6} (1919 gold)
    Str:       It affects your strength (+3).
    Int:       It affects your intelligence (+3).
    Dex:       It affects your dexterity (+6).
  a +0 ring mail (116 gold)
  a +0 robe (20 gold)
  a +0 buckler (130 gold)
  a +0 chain mail (130 gold)
  a +0 ring mail (116 gold)
  a +4 chain mail of positive energy (826 gold)
  a +2 robe of willpower (513 gold)
[Shop] Jitomuat's Book Shop
  a book of the Senses (576 gold)
  a book of Beasts (684 gold)
  a Fen Folio (756 gold)
  the Unrestrained Analects (792 gold)
  a book of Power (756 gold)
  a book of Unlife (648 gold)
  a book of Weapons (504 gold)
  a book of Armaments (648 gold)
(25, 0, Orc:2)
  a +0 hand axe
  a +0 chain mail
  a +3 battleaxe
  a +0 plate armour
  a +0 long sword
  a +0 plate armour
  a +0 short sword
(25, 1, Orc:2)
  a +0 hand axe
(26, -1, Orc:2)
  a +0 whip
  a +0 leather armour
(26, 1, Orc:2)
  a +0 club
  a +0 glaive
  a +0 chain mail
(26, 2, Orc:2)
  a +0 dagger
  a +0 robe
  a +0 short sword
(27, 3, Orc:2)
  a +0 dagger
  a +0 robe
(28, 8, Orc:2)
  a +0 club
(28, 9, Orc:2)
  a +0 glaive
  a +0 plate armour
  a +0 flail
  a +0 scale mail
(28, 10, Orc:2)
  a +0 dagger
(29, 9, Orc:2)
  a +0 dagger
  a +0 robe
  a +0 whip
  a +0 scale mail
  a +0 mace
  a +0 chain mail
(29, 10, Orc:2)
  a +0 club
  a +3 leather armour
(30, 9, Orc:2)
  a +0 hand axe
  a +0 short sword
(33, -18, Orc:2)
  a +0 dagger
(33, 2, Orc:2)
  a +0 flail
  a +0 mace
  a +0 scale mail
  a +0 whip
(33, 8, Orc:2)
  a +0 trident
(33, 9, Orc:2)
  a +2 demon trident of freezing
(34, -9, Orc:2)
  a +0 dagger
  a +0 robe
(34, 3, Orc:2)
  a +0 dagger
  a +2 robe of positive energy
(34, 9, Orc:2)
  a +0 war axe
  a +0 club
  a +0 leather armour
  a +0 dagger
  a +0 leather armour
  a +0 mace
  a boomerang
  a +0 chain mail
  a +0 trident
  a +0 plate armour
  a +0 dagger
  a +0 robe
  a +0 long sword
  a +0 arbalest
  a +0 plate armour
  a +0 trident
  a +0 chain mail
  a +0 flail
  a +0 leather armour
(34, 10, Orc:2)
  a +0 halberd
  a +0 arbalest
  a +0 chain mail
(34, 14, Orc:2)
  a +0 troll leather armour
(35, -8, Orc:2)
  a +0 dagger
  a +0 robe
(35, 8, Orc:2)
  a +0 dagger
  a +0 robe
(35, 9, Orc:2)
  a +0 battleaxe
  a +0 chain mail
  a +1 mace of holy wrath
  a +0 leather armour
(36, 14, Orc:2)
  a +0 long sword
  a +0 chain mail
(36, 15, Orc:2)
  a +0 dagger
  a +0 dagger
  a boomerang
  a +0 leather armour
(37, -19, Orc:2)
  a +0 hand axe
(38, -5, Orc:2)
  a +0 dagger
  a +0 robe
(39, -19, Orc:2)
  a +0 mace
  a +2 ring mail of cold resistance
(39, 12, Orc:2)
  a +0 glaive
  a +0 arbalest
  a +2 chain mail of fire resistance
(42, 4, Orc:2)
  a +0 flail
  a +0 leather armour
(42, 10, Orc:2)
  a +0 hand axe
  a +0 chain mail
(46, 10, Orc:2)
  a +0 club
  a +0 ring mail
(48, -16, Orc:2)
  a +1 battleaxe
  a +0 chain mail
(48, 13, Orc:2)
  a +0 flail
  a +0 leather armour
(49, -16, Orc:2)
  a +0 dagger
  a +0 leather armour
  a +0 club
(49, 12, Orc:2)
  a +0 dagger
(50, -26, Orc:2)
  a +0 heavy quarterstaff
  a +0 robe
(50, -16, Orc:2)
  a +0 halberd
  a +0 arbalest
  a +0 plate armour
  a +0 mace
  a +0 chain mail
(50, -15, Orc:2)
  a +0 trident
  a +0 plate armour of cold resistance
(50, 3, Orc:2)
  a +0 trident
(54, 4, Orc:2)
  a +0 short sword
  a +0 ring mail

Level 1 of the Lair of Beasts
(0, 0, Lair:1)
  6 stones
(5, -9, Lair:1)
  a +0 pair of gloves
(6, 19, Lair:1)
  a +1 helmet
(7, -6, Lair:1)
  a ring of resist corrosion
(11, -18, Lair:1)
  a scroll of vulnerability

Level 2 of the Lair of Beasts
(0, 0, Lair:2)
  2 potions of brilliance
  a scroll of enchant weapon
  3 scrolls of brand weapon
  3 scrolls of noise
  5 scrolls of amnesia
  a throwing net
(2, -25, Lair:2)
  7 stones
(3, -27, Lair:2)
  3 boomerangs
(12, 4, Lair:2)
  4 stones
(20, -4, Lair:2)
  2 stones
(30, -10, Lair:2)
  a +0 robe
(46, -28, Lair:2)
  a +0 rapier
  a +0 robe
(46, -27, Lair:2)
  a +0 war axe
(53, -7, Lair:2)
  a +0 cloak
(61, -4, Lair:2)
  a scroll of vulnerability
(63, -3, Lair:2)
  a +0 long sword
(65, 14, Lair:2)
  5 datura-tipped darts

Level 3 of the Lair of Beasts
(0, 0, Lair:3)
  a +0 helmet
(0, 18, Lair:3)
  a +0 scale mail
(23, -11, Lair:3)
  a +0 scale mail
(26, 19, Lair:3)
  5 large rocks
(26, 28, Lair:3)
  a +0 robe
  a +0 hand axe
(27, 17, Lair:3)
  a stone
(28, 19, Lair:3)
  3 large rocks
(28, 28, Lair:3)
  a +1 hat
(29, 16, Lair:3)
  a stone
(31, 18, Lair:3)
  a stone
(45, -5, Lair:3)
  a +0 hand axe
(47, 10, Lair:3)
  a +0 leather armour

Level 4 of the Lair of Beasts
(6, 8, Lair:4)
  a +0 leather armour
(16, -1, Lair:4)
  a +1 short sword of venom
  3 curare-tipped darts
(18, 17, Lair:4)
  a +0 chain mail
(21, -8, Lair:4)
  a +0 short sword
(23, 20, Lair:4)
  a +0 ring mail
(31, -29, Lair:4)
  the +0 ring mail of Bitterness {-Cast rElec rCorr}
    rElec:     It insulates you from electricity.
    -Cast:     It prevents spellcasting.
    rCorr:     It protects you from acid and corrosion.
(44, -6, Lair:4)
  a +0 dagger of flaming
(47, 1, Lair:4)
  a +1 whip of venom

Level 5 of the Lair of Beasts
(0, 0, Lair:5)
  5 javelins
(1, 2, Lair:5)
  a +0 helmet
(3, -6, Lair:5)
  a +0 cloak
(21, 21, Lair:5)
  a +0 plate armour
(29, 33, Lair:5)
  2 stones
(29, 36, Lair:5)
  a +0 war axe
(31, 0, Lair:5)
  a +0 ring mail
(32, -3, Lair:5)
  a +0 ring mail
(41, -6, Lair:5)
  2 boomerangs
(46, -2, Lair:5)
  4 stones
(53, 13, Lair:5)
  a +1 rapier of distortion
  3 atropa-tipped darts
(55, 27, Lair:5)
  a +0 quarterstaff
(56, 1, Lair:5)
  a +0 war axe
(57, 5, Lair:5)
  a +0 rapier
(66, 12, Lair:5)
  a +0 falchion

Level 1 of the Spider Nest
(0, 0, Spider:1)
  a +0 short sword
(5, 2, Spider:1)
  a +0 robe
(6, 4, Spider:1)
  a +0 ring mail
(17, 6, Spider:1)
  a +0 sling
(38, -10, Spider:1)
  4 boomerangs
(40, -13, Spider:1)
  4 stones

Level 2 of the Spider Nest
(0, 0, Spider:2)
  6 stones
(9, 16, Spider:2)
  3 poisoned darts
(11, 11, Spider:2)
  a +0 robe
(15, 10, Spider:2)
  3 stones
(17, 9, Spider:2)
  a +0 robe
(20, 22, Spider:2)
  a +1 chain mail
  a +5 lajatang
  a +2 robe
  a +0 quarterstaff
  a +4 longbow
(26, 34, Spider:2)
  a scroll of vulnerability
(27, 5, Spider:2)
  a +0 war axe
  a +0 leather armour
(28, 6, Spider:2)
  a +0 war axe
  a +0 scale mail
  a scroll of noise
(31, 22, Spider:2)
  a +0 leather armour

Level 3 of the Spider Nest
(0, 0, Spider:3)
  a +0 robe
(1, -8, Spider:3)
  a potion of degeneration
(13, -11, Spider:3)
  a jumping spider corpse
  a jumping spider corpse
(14, -11, Spider:3)
  an entropy weaver corpse
(18, 19, Spider:3)
  a potion of curing
(19, -11, Spider:3)
  a +0 ring mail
(37, -16, Spider:3)
  a +0 ring mail
(40, 3, Spider:3)
  21 gold pieces
(45, -5, Spider:3)
  a +0 trident
(50, -25, Spider:3)
  a lightning rod (3/4)
(55, 4, Spider:3)
  a +0 trident
(60, -20, Spider:3)
  a redback corpse
  a tarantella corpse
(60, -19, Spider:3)
  a wolf spider corpse
  a wolf spider corpse
(63, -7, Spider:3)
  a redback corpse
(64, -2, Spider:3)
  a +0 chain mail

