GoodOmen

Level 1 of the Dungeon
(0, 0, D:1)
  a +0 short sword
(3, -12, D:1)
  a +0 club
(7, -32, D:1)
  4 stones
(12, -23, D:1)
  a +0 pair of boots
(13, -28, D:1)
  a +0 pair of boots
(17, -19, D:1)
  a +0 whip
(20, -30, D:1)
  a +0 club
(21, -27, D:1)
  a +0 dagger
(30, -33, D:1)
  a +0 club
(31, -33, D:1)
  a +0 ring mail
(34, -30, D:1)
  3 poisoned darts
(43, -3, D:1)
  a +0 dagger

Level 2 of the Dungeon
[Shop] Saefezydd's Book Boutique
  a book of Blasting (440 gold)
  a book of Spectacle (352 gold)
  a book of Lightning (418 gold)
  a Necronomicon (616 gold)
  a book of Decay (330 gold)
  a Grand Grimoire (374 gold)
  a There-And-Back Book (330 gold)
  Ozocubu's Autobiography (264 gold)
  a book of the Tundra (352 gold)
  Maxwell's Memoranda (418 gold)
(14, 6, D:2)
  a +1 vampiric spear
  a +0 animal skin
  a +0 helmet
(15, 5, D:2)
  a +0 dagger
  a +0 club
  a +0 sling
  a +0 dagger
(17, 5, D:2)
  a +0 dagger of protection
  a +0 sling
  a +0 dagger
  a +0 dagger
  a +0 club
  a +0 dagger
(18, 15, D:2)
  4 stones
(46, 27, D:2)
  a +0 leather armour

Level 3 of the Dungeon
[Shop] Rywirip's Antique Armour Shoppe
  a +0 leather armour (44 gold)
  a +0 ring mail (88 gold)
  a +4 plate armour of fire resistance (1100 gold)
  a +0 ring mail (88 gold)
  a +0 ring mail (88 gold)
  a +0 ring mail (88 gold)
  a +0 ring mail (88 gold)
  a +0 leather armour of fire resistance (198 gold)
  a +0 leather armour (44 gold)
(2, 27, D:3)
  a +0 robe
(22, 27, D:3)
  6 stones
(29, 20, D:3)
  a +0 club
(31, 4, D:3)
  8 stones
(31, 15, D:3)
  5 stones
(32, 16, D:3)
  a +0 club
  4 stones
(39, 53, D:3)
  a +0 hand axe
  a +0 dagger
  a +0 club
(47, 31, D:3)
  a +0 scale mail

Level 4 of the Dungeon
(0, 0, D:4)
  a +1 flail of pain
  a +0 whip
(0, 1, D:4)
  a +0 spear
  a +0 ring mail
  a +0 buckler
(4, -1, D:4)
  a +0 club
(4, 14, D:4)
  a +0 trident
(5, 26, D:4)
  a +0 dagger
  a +0 leather armour
(5, 27, D:4)
  a +0 hand axe
  a +0 dagger
  a +0 robe
(5, 28, D:4)
  a +0 whip
  a +0 leather armour
(8, 6, D:4)
  a +0 short sword
  2 stones
(10, -25, D:4)
  a +0 scale mail
  a +0 long sword
(11, -33, D:4)
  a +0 spear
(12, 17, D:4)
  a +0 quarterstaff
(14, -15, D:4)
  a manual of Translocations
(14, -10, D:4)
  a +0 club
(16, -12, D:4)
  a +0 flail
  a potion of flight
  a +0 club
  a wand of paralysis (10)
  a +0 mace
  a +0 robe
  a gnoll corpse
(17, -14, D:4)
  a +0 whip
  a +4 ring of slaying
  54 gold pieces
(17, -11, D:4)
  a +0 spear of pain
  a +2 flail of holy wrath
  a +0 flail
  a gnoll corpse
  a gnoll corpse
(19, 22, D:4)
  a hound corpse
(32, -19, D:4)
  a +0 flail
  a +0 dagger
(33, 2, D:4)
  a +0 long sword
(51, -20, D:4)
  5 stones
(54, -18, D:4)
  a +0 robe
(58, -31, D:4)
  a +0 whip
  6 poisoned darts
  a kobold corpse (skeletalised by now)
(58, 13, D:4)
  a +0 dagger

