Strahd

Level 1 of the Dungeon
(0, 0, D:1)
  a +0 club
(2, -28, D:1)
  a +0 spear
(5, -18, D:1)
  a +0 robe
(15, -22, D:1)
  a +0 short sword
  3 stones
(18, -33, D:1)
  a +0 dagger
(19, -2, D:1)
  a +0 robe
(20, 6, D:1)
  a +0 sling
(43, -33, D:1)
  a +0 club
(44, -5, D:1)
  a +0 club
(47, -4, D:1)
  5 boomerangs
(50, -31, D:1)
  a +0 dagger
  5 stones
(67, -23, D:1)
  a +0 leather armour

Level 2 of the Dungeon
(1, -1, D:2)
  a +0 dagger
(2, 0, D:2)
  a +0 dagger
  4 stones
(8, -4, D:2)
  3 boomerangs
(12, 11, D:2)
  a +0 club
  a +0 leather armour
(12, 15, D:2)
  a +0 short sword
  4 stones
(13, 19, D:2)
  a ring of resist corrosion
  a ring of fire
(17, 22, D:2)
  a +0 hand axe
(19, 25, D:2)
  a +0 dagger
(20, -1, D:2)
  a +0 dagger
  3 stones
(24, -2, D:2)
  a +0 ring mail
(24, 17, D:2)
  a +0 short sword
(25, 40, D:2)
  a +0 short sword
  a +0 mace of holy wrath
(26, 42, D:2)
  4 stones
(29, 40, D:2)
  a +1 dagger of pain
(31, 2, D:2)
  a +0 dagger
(36, 13, D:2)
  a +0 sling of freezing
(43, 16, D:2)
  a +0 club
(52, 15, D:2)
  a staff of cold

Level 3 of the Dungeon
(0, 0, D:3)
  a +0 club
(0, 19, D:3)
  a +0 dagger
(9, 4, D:3)
  a +0 club
  a +0 chain mail
(9, 5, D:3)
  a +0 club
  a +0 dagger
(9, 6, D:3)
  a +0 whip
  a +0 scale mail
(19, 7, D:3)
  a +0 short sword
(22, 6, D:3)
  a +0 club
(27, 29, D:3)
  a +0 flail
(31, 39, D:3)
  a +0 leather armour
(40, 32, D:3)
  a +0 ring mail
(43, 12, D:3)
  a +0 robe

Level 4 of the Dungeon
(0, 0, D:4)
  a +0 mace
(1, -4, D:4)
  a +0 whip
(10, 12, D:4)
  a +0 pair of gloves

