Bokogi

Level 1 of the Dungeon
[Shop] Lesolywk's Assorted Antiques
  a scroll of identify (40 gold)
  a +0 hand axe (60 gold)
  a potion of brilliance (80 gold)
  a +0 robe (14 gold)
  a scroll of teleportation (60 gold)
  a lightning rod (4/4) (600 gold)
  a +0 plate armour (460 gold)
(8, -5, D:1)
  a +0 whip
(9, -4, D:1)
  a +0 dagger
(15, -26, D:1)
  a +0 dagger
(19, -3, D:1)
  a +0 dagger
(19, 20, D:1)
  a +0 short sword
  3 stones
(23, -16, D:1)
  2 stones
  a +0 club
(24, -8, D:1)
  4 stones
  a +0 whip
(25, 19, D:1)
  a +0 club
(30, -14, D:1)
  7 stones
(38, -12, D:1)
  a +0 club
(53, 2, D:1)
  a +0 whip

Level 2 of the Dungeon
(0, 0, D:2)
  7 stones
(8, 17, D:2)
  a +0 tower shield
(21, -7, D:2)
  a +0 whip
  a +0 club
(23, -6, D:2)
  a +0 halberd
(24, -6, D:2)
  a +0 halberd
(24, -5, D:2)
  a +0 dagger
  a +0 dagger
  a +0 club
  a +0 dagger
(25, 20, D:2)
  a +0 sling
  a +0 dagger
(38, 4, D:2)
  a +0 leather armour
(40, 2, D:2)
  a +0 hand axe
(44, 25, D:2)
  6 stones
(58, 15, D:2)
  a +0 dagger

Level 3 of the Dungeon
(0, 0, D:3)
  a +0 club
(9, 3, D:3)
  a +0 leather armour
(20, 18, D:3)
  a +0 trident
(24, 1, D:3)
  a +0 leather armour
(26, 11, D:3)
  8 stones
(28, -18, D:3)
  6 stones
(28, -7, D:3)
  a +0 glaive
(29, -17, D:3)
  a +0 leather armour
(29, -8, D:3)
  a +0 dagger
  a +0 scale mail
(30, -27, D:3)
  a +0 trident
  a +0 scale mail
(30, 9, D:3)
  5 stones
(31, 16, D:3)
  7 stones
(35, 5, D:3)
  a +0 club
(37, -11, D:3)
  6 stones
(38, 1, D:3)
  a +0 dagger
(39, -1, D:3)
  a +0 helmet
  a +0 animal skin
  a +0 mace
(40, 22, D:3)
  a +0 hand axe
  a +0 scale mail
(49, 0, D:3)
  a +0 ring mail

Level 4 of the Dungeon
(0, 0, D:4)
  a +0 dagger
  a +0 leather armour
(1, 2, D:4)
  a +0 hand axe
(2, 2, D:4)
  a +0 hand axe
  a +0 leather armour
  an orc corpse
(12, 27, D:4)
  a hound corpse (skeletalised by now)
(15, 32, D:4)
  5 stones
(16, 32, D:4)
  a +0 mace
(19, 31, D:4)
  7 stones
(22, 3, D:4)
  a hound corpse
(28, 9, D:4)
  a hobgoblin corpse
(32, 10, D:4)
  4 stones
(34, 16, D:4)
  a scroll of enchant armour

