Kuzon

Level 1 of the Dungeon
(12, 6, D:1)
  3 stones
(12, 16, D:1)
  a +0 club
(12, 18, D:1)
  a +0 whip
(14, 30, D:1)
  a +0 falchion
(25, 9, D:1)
  a +0 dagger
(26, 9, D:1)
  a +0 dagger
(28, 9, D:1)
  a +0 club
(30, 30, D:1)
  a +2 dagger of speed
  5 stones
(44, -8, D:1)
  a +0 club
  4 stones
(55, -8, D:1)
  a +0 spear
(57, 17, D:1)
  a +0 whip
(69, -7, D:1)
  a +0 dagger

Level 2 of the Dungeon
(11, -24, D:2)
  a +0 sling
  a +0 club
(13, -22, D:2)
  a +0 dagger
(13, -20, D:2)
  a +0 sling
(14, -23, D:2)
  a +0 spear of venom
  a +0 animal skin
(15, -24, D:2)
  a +0 dagger
(15, -22, D:2)
  a +0 club
(17, -24, D:2)
  a +0 club
(17, -11, D:2)
  a +0 club
(17, -10, D:2)
  a +0 club
(18, -22, D:2)
  a +0 dagger
  a +0 chain mail
(18, -20, D:2)
  a +0 club
(24, 10, D:2)
  2 stones
(25, 8, D:2)
  a +0 club
(32, -20, D:2)
  a +0 sling
  a +0 club

Level 3 of the Dungeon
(0, 0, D:3)
  a +0 whip
(5, 17, D:3)
  a +0 short sword
(7, 16, D:3)
  3 stones
(12, -2, D:3)
  a +0 dagger
  a stone
(14, 20, D:3)
  a +0 dagger
(16, 23, D:3)
  a +0 flail
  a +0 chain mail
(22, 10, D:3)
  a +0 robe
(27, 32, D:3)
  a scroll of noise
(53, 47, D:3)
  5 stones

Level 4 of the Dungeon
(0, 0, D:4)
  8 stones
  a hobgoblin corpse (skeletalised by now)
(7, 1, D:4)
  a +0 whip
  a +0 leather armour
  an orc corpse (skeletalised by now)
(11, -5, D:4)
  a +0 dagger
(14, -39, D:4)
  3 stones
(14, -3, D:4)
  a +0 dagger
  a stone
(15, -6, D:4)
  a +0 sling
  a +0 dagger
(19, 0, D:4)
  a +0 club
  a +0 leather armour
(23, -57, D:4)
  a +0 dagger
  a +0 chain mail
(23, -55, D:4)
  a +0 mace
  a +0 leather armour
(23, -17, D:4)
  a +0 club
(24, -12, D:4)
  a +0 falchion
  a +0 leather armour
(26, -12, D:4)
  a +0 falchion
  2 boomerangs
(26, -11, D:4)
  a +0 club
  a +0 leather armour
(27, -11, D:4)
  a +0 mace
(31, -50, D:4)
  a +0 flail
(37, -50, D:4)
  a ball python corpse
(39, -49, D:4)
  a +0 club

