GoodOmen

Level 1 of the Dungeon
(0, 0, D:1)
  a +0 helmet
(12, 16, D:1)
  a +0 dagger
(23, -24, D:1)
  23 bolts
(39, 36, D:1)
  a +0 club
(45, 11, D:1)
  a +0 short sword (still there?)
  a stone (still there?)
(47, 14, D:1)
  a +0 club

Level 2 of the Dungeon
[Shop] Soataopt's Weapon Shop
  2 silver boomerangs (33 gold)
  a +0 falchion (33 gold)
  the +12 glaive of Prune {vorpal} (843 gold)
    It inflicts extra damage upon your enemies.
    
    It halves damage taken while paralysed, petrified or unconscious.
  14 sling bullets (77 gold)
(0, 0, D:2)
  4 gold pieces
(1, -22, D:2)
  a +0 club
(9, -2, D:2)
  a +0 flail
(17, 4, D:2)
  a +0 club
(24, -22, D:2)
  a +0 spear
  a +0 whip
(26, -16, D:2)
  a +0 dagger
  a +0 hunting sling
(30, -10, D:2)
  a +0 robe
(37, 3, D:2)
  20 arrows
(40, -15, D:2)
  24 arrows

Level 3 of the Dungeon
(0, 0, D:3)
  a +0 dagger
(14, -5, D:3)
  a +0 chain mail
(22, -13, D:3)
  a wand of mindburst (10)
(25, -9, D:3)
  a +0 scale mail
  a +0 trident
(31, -19, D:3)
  a +0 plate armour
(40, -29, D:3)
  a +0 whip
(42, -8, D:3)
  a +0 short sword
(43, 6, D:3)
  19 arrows
(47, 5, D:3)
  21 bolts

Level 4 of the Dungeon
(3, 5, D:4)
  a +0 club
  a +0 ring mail
  a scroll of vulnerability
(26, 21, D:4)
  a +0 hunting sling
  a +0 club
(37, 13, D:4)
  a +0 chain mail
  a +0 spear
(37, 22, D:4)
  a +0 hand crossbow
(39, 3, D:4)
  2 gold pieces
(39, 4, D:4)
  a +0 scale mail
(39, 14, D:4)
  9 gold pieces
  a +0 halberd
(40, 4, D:4)
  a potion of ambrosia
(41, 4, D:4)
  7 gold pieces
(42, 4, D:4)
  a +0 rapier
(43, 3, D:4)
  13 gold pieces
(43, 4, D:4)
  13 gold pieces
(44, -2, D:4)
  a +0 robe
  a +0 whip
(45, 13, D:4)
  a +0 robe
(46, 25, D:4)
  a +0 robe
(48, 27, D:4)
  a +0 hunting sling
  a +0 dagger

Level 5 of the Dungeon
(0, 0, D:5)
  a +0 dagger
  a +0 robe
(1, 0, D:5)
  a +0 dagger
  a +0 robe
(9, 22, D:5)
  a +0 mace
(11, 31, D:5)
  a +0 shortbow
  22 arrows
(13, 27, D:5)
  a +0 ring mail
(15, 12, D:5)
  a potion of lignification
(27, 3, D:5)
  a +0 club
(34, 19, D:5)
  a +0 short sword
(35, -2, D:5)
  a +0 flail
  a +0 leather armour
  a +0 mace
  a +0 scale mail
(38, 32, D:5)
  18 arrows
(44, -2, D:5)
  20 arrows
(51, 34, D:5)
  a +0 giant club

Level 6 of the Dungeon
(0, 0, D:6)
  a +0 mace
  a +0 robe
(2, -1, D:6)
  a +4 long sword
  a +0 robe
(4, -6, D:6)
  a +0 dagger
  a +0 robe
  a +0 short sword
  a +0 robe
(4, -5, D:6)
  a +4 spear
  a +0 robe
(5, -14, D:6)
  a +0 robe
  a +0 helmet
(8, -35, D:6)
  16 gold pieces (still there?)
  a +0 whip (still there?)
  a +0 halberd (still there?)
  a +0 club (still there?)
(8, -28, D:6)
  a +0 falchion
(8, -20, D:6)
  5 gold pieces (still there?)
  a +0 dagger (still there?)
  a +0 robe (still there?)
(8, -19, D:6)
  4 gold pieces (still there?)
  a +0 scimitar (still there?)
  a +0 plate armour (still there?)
(10, -38, D:6)
  8 gold pieces (still there?)
  a +0 flail (still there?)
(23, -3, D:6)
  15 gold pieces
(25, -17, D:6)
  a +0 spear
  a +0 club
  a +0 robe
(26, -3, D:6)
  3 scrolls of teleportation
(27, -7, D:6)
  a +0 flail
(27, -6, D:6)
  a +0 spear
(28, -8, D:6)
  a +0 halberd
(30, -13, D:6)
  a potion of lignification
(34, -25, D:6)
  18 bolts
(41, -22, D:6)
  a +0 spear
(42, -22, D:6)
  a +0 whip
(42, -20, D:6)
  a +0 flail
(43, -22, D:6)
  a +0 spear
(45, -34, D:6)
  9 arrows
(45, -28, D:6)
  20 bolts
(49, 5, D:6)
  12 bolts

