Bokogi

Level 1 of the Dungeon
(1, -34, D:1)
  a +0 mace
(7, 2, D:1)
  a +0 short sword
(9, -31, D:1)
  a +0 dagger
(14, -23, D:1)
  a +0 short sword
(15, -24, D:1)
  3 stones
(16, -24, D:1)
  a +0 club
  a +0 chain mail
(20, -24, D:1)
  a +1 mace of holy wrath
(21, -18, D:1)
  5 stones
(24, -54, D:1)
  a +0 sling
(37, -14, D:1)
  a +0 robe
(38, -12, D:1)
  a +0 short sword
  2 stones
(49, -24, D:1)
  a +0 helmet
(56, -24, D:1)
  a +0 club

Level 2 of the Dungeon
(0, 0, D:2)
  a +0 pair of boots
(4, 5, D:2)
  a +0 dagger
(8, 6, D:2)
  a +0 whip
  5 stones
(11, 22, D:2)
  a +0 great mace
(17, 10, D:2)
  a +0 club
(20, 8, D:2)
  a +0 club
(20, 9, D:2)
  a +0 dagger
(25, 16, D:2)
  a +3 ring mail
(39, 18, D:2)
  a +0 club
(39, 19, D:2)
  a +0 club
(40, -5, D:2)
  7 stones

Level 3 of the Dungeon
(0, 0, D:3)
  a +0 falchion
(11, 4, D:3)
  a +0 dagger
  2 stones
(12, -9, D:3)
  a +0 trident
  a +0 chain mail
(12, -6, D:3)
  a +0 dagger
(12, -3, D:3)
  a +0 mace
  a +0 leather armour
(13, -6, D:3)
  a +0 whip
  4 stones
(18, 3, D:3)
  a +0 dagger
(19, -8, D:3)
  a +0 dagger
(26, -12, D:3)
  a +0 shortbow
(29, -21, D:3)
  a +0 rapier
(29, -10, D:3)
  a +0 club
(29, 14, D:3)
  a +0 dagger
  a +0 robe
(29, 15, D:3)
  a +0 dagger
  a +0 robe
  a +0 short sword
  a +0 scale mail
(37, 7, D:3)
  a +0 dagger

Level 4 of the Dungeon
(0, 0, D:4)
  a +0 club
(5, 20, D:4)
  a +0 club
(8, 10, D:4)
  6 stones
(11, -14, D:4)
  a +0 whip
(16, 22, D:4)
  a +0 club
  a +0 short sword
  a stone
(17, 6, D:4)
  a +0 dagger
  a +0 leather armour
(21, 10, D:4)
  a +0 pair of gloves of stealth
(24, 19, D:4)
  a +0 dagger
(34, -8, D:4)
  a +0 leather armour
  a +0 dagger
(37, -10, D:4)
  a +0 dagger
(42, 19, D:4)
  a +0 dagger
(43, 23, D:4)
  a +0 falchion
(48, 26, D:4)
  a +0 helmet
(51, 11, D:4)
  a +0 robe
(57, 9, D:4)
  a +0 short sword

Level 5 of the Dungeon
(0, 0, D:5)
  a +0 quarterstaff
(2, 26, D:5)
  a +0 leather armour
(11, 3, D:5)
  a +0 ring mail
(13, 36, D:5)
  a +0 robe
(14, -10, D:5)
  a +0 hand axe
(16, -12, D:5)
  a +0 dagger
  a +0 flail
  a +0 robe
  a +0 dagger
  a +0 club
(16, 13, D:5)
  4 stones
(21, 37, D:5)
  a +0 halberd
(22, 37, D:5)
  a +0 halberd
(23, -7, D:5)
  3 stones
(24, -14, D:5)
  9 stones
(24, 14, D:5)
  a +0 rapier
(26, 26, D:5)
  a +0 leather armour
(27, 30, D:5)
  a +0 falchion
(33, 8, D:5)
  a +0 halberd
(36, 8, D:5)
  a +0 chain mail
  a +0 hand axe
(37, 6, D:5)
  a +0 scythe
  a +0 robe

Level 6 of the Dungeon
(0, 0, D:6)
  a +0 robe
(5, 10, D:6)
  8 stones
(8, 32, D:6)
  a +0 flail
  a +0 leather armour
(12, 40, D:6)
  a staff of earth
(16, 25, D:6)
  a +0 club
(33, 37, D:6)
  a +0 trident
(44, 7, D:6)
  a +2 short sword of draining
(45, 7, D:6)
  a +0 club
(45, 8, D:6)
  a +0 club
(50, 11, D:6)
  a +0 mace
  a +0 falchion
  a +2 short sword of freezing
  a +0 leather armour
(51, 8, D:6)
  a +0 short sword
  a +0 leather armour
(51, 9, D:6)
  a +0 dagger
(51, 11, D:6)
  a +0 war axe
  a +0 arbalest
  a +0 chain mail
(51, 19, D:6)
  a +0 flail
  a +0 leather armour
  a +0 dagger
  a +0 whip
  a +0 leather armour
  a +2 dagger of venom
  a +0 mace

Level 7 of the Dungeon
(0, 0, D:7)
  a +0 hand axe
  a +0 trident
(0, 1, D:7)
  a +0 battleaxe
  a +0 arbalest
  a +0 chain mail
(4, 44, D:7)
  the +2 mace of Mourning {spect, rPois rC+ Str-4 Int+5}
    Str:       It affects your strength (-4).
    Int:       It affects your intelligence (+5).
    rC:        It protects you from cold.
    rPois:     It protects you from poison.
(5, 44, D:7)
  a +0 falchion
(14, 1, D:7)
  a +0 long sword
  a +0 ring mail
  a +0 long sword
  a +0 ring mail
(16, 42, D:7)
  a +0 sling
(19, 17, D:7)
  a +0 falchion
(29, 12, D:7)
  a +1 whip of electrocution
(42, 21, D:7)
  a +0 rapier
(47, 20, D:7)
  a +0 sling
(48, 42, D:7)
  a +1 antimagic mace
(60, 8, D:7)
  a +0 shortbow
(64, 47, D:7)
  a +1 short sword of speed

Level 8 of the Dungeon
(1, 24, D:8)
  a +0 short sword
  a +0 short sword
  a +0 short sword
(2, 23, D:8)
  a +0 club
(2, 24, D:8)
  a +0 short sword
(5, 16, D:8)
  a +0 battleaxe
  a +0 plate armour
(14, 24, D:8)
  a +0 spear
(17, 6, D:8)
  a +0 cloak
(17, 20, D:8)
  a +0 robe
  a +0 club
(18, 20, D:8)
  a +0 spear
  a +0 whip
  a +0 flail
  a +0 spear
(19, 17, D:8)
  a +0 halberd
(21, 26, D:8)
  3 stones
(22, 15, D:8)
  a +0 halberd
(22, 32, D:8)
  a +0 dagger
(23, 31, D:8)
  a +0 sling
(41, 10, D:8)
  a +0 shortbow
(49, 26, D:8)
  a +0 sling
(56, 7, D:8)
  2 stones

Level 9 of the Dungeon
(0, 0, D:9)
  a +1 whip of electrocution
  a +0 robe
(1, -23, D:9)
  a +0 dagger
  a +0 robe
(13, -17, D:9)
  6 stones
(23, 10, D:9)
  a +0 short sword
  a +0 cloak of stealth
(24, -16, D:9)
  a +0 dagger
  a +0 dagger
  7 stones
(25, -16, D:9)
  a +0 dagger
  a +0 robe
(31, -6, D:9)
  the +6 short sword of Eroshra {venom, *Noise Str+7 Int+3 SInv}
    Str:       It affects your strength (+7).
    Int:       It affects your intelligence (+3).
    SInv:      It lets you see invisible.
    *Noise:    It may make noises in combat.
(35, -1, D:9)
  a +2 pair of boots
(45, 5, D:9)
  a +0 whip

Level 10 of the Dungeon
(12, -19, D:10)
  a +0 cloak
  a +0 robe
(25, -1, D:10)
  a +0 chain mail
(34, 18, D:10)
  5 stones
(38, -23, D:10)
  a +0 shortbow
(42, -14, D:10)
  a +0 whip
  5 stones
(42, -13, D:10)
  a +0 short sword
  a +0 whip
  7 stones
(42, -12, D:10)
  a +0 dagger of protection
(42, -11, D:10)
  a +0 dagger
  a +0 robe
(43, -11, D:10)
  a +0 dagger
  a +0 robe
  a +0 short sword
  a stone
(43, -10, D:10)
  a +0 club
  2 stones
  a +0 whip
(49, 18, D:10)
  a +0 shortbow

Level 11 of the Dungeon
(0, 0, D:11)
  a +0 chain mail
(3, -2, D:11)
  2 stones
(24, -3, D:11)
  a +0 helmet
(25, 6, D:11)
  a +0 leather armour
(38, 3, D:11)
  a +0 mace
(43, 13, D:11)
  5 stones

Level 12 of the Dungeon
(0, 0, D:12)
  a +0 club
  a +0 ring mail
(1, 39, D:12)
  a +0 mace
  a +0 leather armour
  a +0 dagger
  a +0 robe
(2, 37, D:12)
  a +0 longbow
(3, 0, D:12)
  a +0 dagger
  a +0 robe
(4, 1, D:12)
  a +0 whip
  a +0 leather armour
(5, 49, D:12)
  a +0 plate armour
(11, 20, D:12)
  a +0 troll leather armour
  a +0 troll leather armour
(15, 20, D:12)
  a +0 giant spiked club
  a +0 giant club
  a +0 giant spiked club
  a +0 giant club
(16, 17, D:12)
  a +0 pair of boots
(17, 18, D:12)
  a +0 troll leather armour
  a staff of cold
(18, 35, D:12)
  a +0 dire flail
  a +0 giant club
(28, -6, D:12)
  a +0 troll leather armour
(31, 38, D:12)
  a +0 war axe
(32, 41, D:12)
  a +0 dagger
  a +0 dagger
  a +0 robe
(36, 2, D:12)
  a +0 flail
(46, 21, D:12)
  a +0 club
(51, -5, D:12)
  a +0 rapier
(52, -11, D:12)
  7 stones
(55, 16, D:12)
  a +0 troll leather armour

Level 13 of the Dungeon
(0, 0, D:13)
  a scroll of noise
(17, -1, D:13)
  a +4 scimitar of flaming
(20, 27, D:13)
  9 stones
(28, -1, D:13)
  a +0 troll leather armour
(29, 14, D:13)
  a +0 longbow
(34, -8, D:13)
  a +0 dagger
(34, 30, D:13)
  a staff of cold
(38, 9, D:13)
  a +0 leather armour
(39, 1, D:13)
  2 poisoned darts
(39, 4, D:13)
  a poisoned dart
(39, 5, D:13)
  3 poisoned darts
(47, 32, D:13)
  5 stones
(55, 22, D:13)
  a +0 ring mail
  a +0 long sword
(56, -11, D:13)
  2 potions of mutation

the Ecumenical Temple

