Kuzon

Level 1 of the Dungeon
(0, 0, D:1)
  a +0 dagger
(7, 8, D:1)
  4 stones
(14, 8, D:1)
  7 stones
(30, -4, D:1)
  a +0 club
  5 stones
(37, 7, D:1)
  4 stones
(38, -18, D:1)
  2 poisoned darts
(44, -14, D:1)
  a +0 leather armour
(47, 6, D:1)
  a +0 dagger
(48, 24, D:1)
  a +0 short sword

Level 2 of the Dungeon
(2, -14, D:2)
  a +0 dagger
(2, 7, D:2)
  4 stones
(2, 13, D:2)
  5 stones
(7, -31, D:2)
  a +0 club
(28, -23, D:2)
  a +0 dagger
(37, -8, D:2)
  a +0 dagger
(38, -14, D:2)
  a +0 dagger
(42, -1, D:2)
  a +0 robe
(54, -31, D:2)
  a +0 dagger
(55, -14, D:2)
  a +0 club

Level 3 of the Dungeon
(0, 0, D:3)
  an adder corpse (skeletalised by now)
(11, 2, D:3)
  2 javelins
(15, -18, D:3)
  a rat corpse (skeletalised by now)
(22, -28, D:3)
  a +0 sling
  a +0 club
(26, -26, D:3)
  a +0 robe
(27, -4, D:3)
  a +0 dagger
(27, 2, D:3)
  a +0 whip
(41, -6, D:3)
  a +0 mace
(47, -1, D:3)
  a +0 dagger
(48, -26, D:3)
  6 stones
(54, 13, D:3)
  a +0 short sword
(55, -30, D:3)
  a +0 dagger
(62, 8, D:3)
  a scroll of torment

