Bokogi

Level 1 of the Dungeon
(0, 0, D:1)
  a +0 ring mail
(6, 6, D:1)
  a +0 club
(16, 8, D:1)
  a +0 dagger
(25, 37, D:1)
  a +0 dagger
(29, 34, D:1)
  a +0 dagger
(38, -12, D:1)
  a +0 leather armour
(41, -9, D:1)
  a +0 dagger
(44, 7, D:1)
  3 poisoned darts
(44, 23, D:1)
  a +0 whip
(47, 22, D:1)
  a +0 leather armour
(50, -1, D:1)
  a +0 dagger
(50, 26, D:1)
  a +0 dagger
(51, 26, D:1)
  a +0 dagger
(51, 35, D:1)
  a +0 quarterstaff
(54, -4, D:1)
  a +0 club

Level 2 of the Dungeon
(0, 0, D:2)
  a +0 spear
(15, -28, D:2)
  a +0 dagger
(15, -3, D:2)
  6 stones
(18, -2, D:2)
  a +0 hand axe
(19, -29, D:2)
  a +0 sling
(28, 7, D:2)
  a +0 leather armour
(28, 14, D:2)
  a +0 leather armour
(33, 14, D:2)
  6 stones
(34, 0, D:2)
  a +0 club
(42, -35, D:2)
  a +0 leather armour
(42, -31, D:2)
  a +0 dagger
(45, -33, D:2)
  a +0 ring mail
(46, -38, D:2)
  a +0 robe
(50, -32, D:2)
  a +0 short sword
  5 stones
  a +0 robe
(52, -32, D:2)
  a +0 spear
(53, -35, D:2)
  a +2 vampiric spear

Level 3 of the Dungeon
(0, 0, D:3)
  a +0 dagger
  a kobold corpse
(0, 6, D:3)
  a +0 hand axe
(5, 21, D:3)
  a +0 mace
(6, 27, D:3)
  a +0 whip
(8, 44, D:3)
  a +0 dagger
(10, 26, D:3)
  a +0 club
  a kobold corpse (skeletalised by now)
(13, 3, D:3)
  a +0 ring mail
(16, 17, D:3)
  a +0 hand axe
  a +0 short sword
  a +0 whip
  a +0 leather armour
  a +2 flail of holy wrath
  a +0 leather armour
  a +0 hand axe
(16, 31, D:3)
  a +0 whip
(19, 38, D:3)
  a ball python corpse (skeletalised by now)
(20, 9, D:3)
  a +0 leather armour
(21, 19, D:3)
  a +0 mace
(22, 17, D:3)
  a +0 leather armour
  a +0 club
(26, 23, D:3)
  a +0 dagger
(27, 24, D:3)
  a +0 club
(32, 19, D:3)
  a +0 club
  a +0 leather armour
  a +0 kite shield
(33, 35, D:3)
  a +0 club
  a stone
  a +0 flail
  a +0 leather armour
  a +0 whip of freezing
  a +0 chain mail
  an orc corpse (skeletalised by now)
  an orc corpse (skeletalised by now)
  an orc corpse (skeletalised by now)
(33, 36, D:3)
  a +0 dagger
(45, 13, D:3)
  5 stones
(50, 27, D:3)
  a +0 whip

Level 4 of the Dungeon
(0, 0, D:4)
  a ball python corpse

