Kuzon

Level 1 of the Dungeon
(22, -12, D:1)
  5 stones
(25, -33, D:1)
  6 stones
(28, -28, D:1)
  a +0 short sword
  3 stones
(28, -27, D:1)
  3 stones
(28, -17, D:1)
  a +0 rapier
(29, 9, D:1)
  a +0 dagger
(32, -7, D:1)
  6 stones
(33, 13, D:1)
  a +0 spear
(42, -10, D:1)
  7 stones
(62, -27, D:1)
  a +0 dagger

Level 2 of the Dungeon
[Shop] Kokaab's Weapon Shoppe
  a +0 hand axe (33 gold)
  a +0 dagger (22 gold)
  a +0 club (11 gold)
  a +0 hand axe (33 gold)
  a +0 sling (16 gold)
  a +8 rapier of speed (594 gold)
  a +2 morningstar of protection (184 gold)
  a +0 spear (33 gold)
  a +0 rapier (44 gold)
(0, 0, D:2)
  a +0 whip
  a stone
(6, -2, D:2)
  a +0 leather armour
(8, 5, D:2)
  3 stones
(8, 13, D:2)
  a +0 tower shield
(11, -10, D:2)
  a +0 dagger
(14, 21, D:2)
  6 poisoned darts
(25, -14, D:2)
  a +0 spear
(27, 23, D:2)
  a +0 dagger
  4 stones
(29, -12, D:2)
  a +0 dagger
(29, 30, D:2)
  a +0 club
(30, 21, D:2)
  4 stones
(31, -12, D:2)
  a +0 spear
(36, 20, D:2)
  a +0 short sword
(38, -12, D:2)
  7 stones

Level 3 of the Dungeon
[Shop] Xamir's Assorted Antiques
  a +0 dagger (38 gold)
  a lightning rod (4/4) (570 gold)
  a potion of mutation (152 gold)
  a +0 battleaxe (123 gold)
  a +0 ring mail (76 gold)
  a scroll of noise (19 gold)
  2 potions of curing (114 gold)
(0, 0, D:3)
  a +0 mace
(7, 9, D:3)
  a +0 dagger
(26, -18, D:3)
  a +0 dagger
  a +0 sling
(41, -11, D:3)
  a +0 robe
(41, -4, D:3)
  a +0 spear
(48, 3, D:3)
  5 stones
(54, -23, D:3)
  8 stones
(68, -28, D:3)
  a +0 sling

Level 4 of the Dungeon
[Shop] Ubromeut's Weapon Shoppe
  a +2 heavy war axe (183 gold)
  a +0 mace (30 gold)
  a +0 halberd (40 gold)
  6 stones (6 gold)
  a +3 dagger of draining (206 gold)
  a +0 long sword (35 gold)
  a +0 dagger (20 gold)
  2 stones (2 gold)
(0, 0, D:4)
  a +0 dagger
(11, 16, D:4)
  a +0 ring mail
(18, -15, D:4)
  a +0 flail
  a +0 whip
(19, -15, D:4)
  a +0 whip
  a +0 robe
(19, -14, D:4)
  a +0 club
(30, 2, D:4)
  a +0 dagger
(31, 6, D:4)
  a +0 dagger
(32, 5, D:4)
  a +0 dagger
  a +0 animal skin
  a +0 helmet
(32, 6, D:4)
  a +0 club
  a +0 dagger
(32, 8, D:4)
  a +0 dagger
  6 poisoned darts
(33, 5, D:4)
  a +0 dagger
(33, 6, D:4)
  a +0 dagger
  a +0 dagger
(34, 7, D:4)
  a +0 dagger
  a +0 sling
(38, -18, D:4)
  a +0 scale mail
(39, -18, D:4)
  a +2 tower shield
(41, -19, D:4)
  a +0 spear
(42, -22, D:4)
  a +0 spear
(42, -19, D:4)
  a +0 spear
(44, -20, D:4)
  a +0 flail
(44, -10, D:4)
  3 stones

Level 5 of the Dungeon
(0, 0, D:5)
  a +0 spear
(1, 5, D:5)
  a +0 leather armour
(17, 18, D:5)
  a +0 ring mail
(29, 2, D:5)
  a +0 whip
(29, 25, D:5)
  a +0 robe
(47, 33, D:5)
  a +0 dagger
  3 boomerangs
(48, 32, D:5)
  a +0 club
(48, 33, D:5)
  a +0 mace
(52, 33, D:5)
  a +0 club
  a +0 chain mail
(59, 17, D:5)
  6 stones

Level 6 of the Dungeon
(7, -19, D:6)
  a +0 mace
(8, 5, D:6)
  4 stones
(12, -18, D:6)
  a +0 scale mail
(19, -45, D:6)
  a +0 war axe
(21, 5, D:6)
  a staff of conjuration
(42, -21, D:6)
  a +0 dagger
(43, 5, D:6)
  a +0 robe
  a +2 scimitar

Level 7 of the Dungeon
[Shop] Anaitt's Book Shop
  Great Wizards, Vol. VII (420 gold)
  a book of Party Tricks (224 gold)
  a book of the Tundra (448 gold)
  an Everburning Encyclopedia (504 gold)
  a book of Changes (252 gold)
  a book of Debilitation (280 gold)
  a Trismegistus Codex (392 gold)
  a book of Fire (420 gold)
  a manual of Summonings (1120 gold)
(0, 0, D:7)
  a +0 flail
(6, 19, D:7)
  a +1 flail of venom
(10, -1, D:7)
  a +0 scale mail
  a +0 spear
(11, 0, D:7)
  a +0 chain mail
  a +0 short sword
(11, 9, D:7)
  a +0 vampiric spear
(11, 18, D:7)
  a +0 club
(12, -3, D:7)
  a +0 robe
  a +2 dagger of speed
(12, -1, D:7)
  2 boomerangs
  a +0 halberd
(28, 0, D:7)
  a +0 spear
(29, -1, D:7)
  a +0 giant spiked club
(30, 2, D:7)
  a +0 halberd
  a +0 leather armour
(36, 10, D:7)
  a +0 club
  the +3 leather armour "Kuothyg" {Fly}
    Fly:       It grants you flight.
(38, 30, D:7)
  a +0 spear
(38, 42, D:7)
  a +0 halberd
(39, 40, D:7)
  a +0 flail
(39, 41, D:7)
  a +0 club
(46, -3, D:7)
  8 stones
(46, 5, D:7)
  a +0 robe
  a +4 scimitar
(46, 6, D:7)
  a +0 robe
  a +0 dire flail
(48, 10, D:7)
  a +0 whip
(53, 10, D:7)
  a +3 short sword
  a +0 robe
  a +3 dire flail
  a +0 robe
(54, 10, D:7)
  a staff of poison
  the +4 whip of the Twenty Scars {spect, rF- Will+++ Int+8 Dex-5}
    Int:       It affects your intelligence (+8).
    Dex:       It affects your dexterity (-5).
    rF:        It makes you vulnerable to fire.
    Will:      It greatly increases your willpower.
  a +1 short sword
  6 potions of lignification

Level 8 of the Dungeon
(0, 0, D:8)
  a +0 hand axe
(2, -2, D:8)
  a +0 heavy hand axe
  a +0 ring mail
  a +0 whip
(2, 0, D:8)
  a +0 club
(5, -1, D:8)
  a +0 flail
(41, 26, D:8)
  a +0 dagger
  a +0 robe
(43, 2, D:8)
  a +0 falchion
(43, 24, D:8)
  a +0 glaive
  a +0 plate armour
(43, 25, D:8)
  a +0 dagger
  a +0 robe
(51, 1, D:8)
  a +0 battleaxe
(55, -16, D:8)
  4 stones
(55, -4, D:8)
  a +0 halberd of protection
(56, -3, D:8)
  a +0 whip
  a +0 leather armour
(56, 22, D:8)
  a +0 long sword
(57, -5, D:8)
  a +0 flail
(57, -4, D:8)
  a +0 dagger
  a +0 robe
  a +0 whip
  a +0 leather armour
  a +0 halberd
(57, -3, D:8)
  a +0 spear
  a +4 flail
(58, -5, D:8)
  a +2 dagger of speed
  a +0 scale mail
(58, -4, D:8)
  a +0 flail
(60, 28, D:8)
  a +0 shortbow
(62, 11, D:8)
  a +0 mace
(63, 37, D:8)
  6 atropa-tipped darts
(65, 42, D:8)
  a +0 robe

Level 9 of the Dungeon
[Shop] Evaoma Qihu's Elemental Accessories
  the Parchment of the Quake (616 gold)
    Spells                            Type                      Level
     a - Stone Arrow                   Conjuration/Earth             3
     b - Petrify                       Transmutation/Earth           4
     c - Lehudib's Crystal Spear       Conjuration/Earth             8
     d - Shatter                       Earth                         9
  a wand of flame (5) (38 gold)
  a staff of air (275 gold)
  the Enchiridion on Freezing (418 gold)
    Spells                            Type                      Level
     a - Freeze                        Ice                           1
     b - Simulacrum                    Ice/Necromancy                6
     c - Polar Vortex                  Ice                           9
[Shop] Teodosio's Dragon-Slaying Spoils
  +0 steam dragon scales (600 gold)
  +1 acid dragon scales (705 gold)
  +0 swamp dragon scales (750 gold)
  +0 fire dragon scales (900 gold)
  +0 ice dragon scales (900 gold)
  the +7 pearl dragon scales "Sucut" {rElec rC++ rN+ Dex+2} (2154 gold)
    Dex:       It affects your dexterity (+2).
    rC:        It greatly protects you from cold.
    rElec:     It insulates you from electricity.
    rN:        It protects you from negative energy.
  +0 shadow dragon scales (1200 gold)
  +0 storm dragon scales (1200 gold)
  +0 gold dragon scales (1200 gold)
  quicksilver dragon scales (900 gold)
(0, 0, D:9)
  a +3 war axe
  a +0 plate armour
(1, 0, D:9)
  a +0 short sword
  a +0 club
(2, 0, D:9)
  a +0 falchion
  a +0 scale mail
(3, 7, D:9)
  a +2 flail of protection
(7, 22, D:9)
  a +0 scale mail
(7, 26, D:9)
  4 boomerangs
(11, 29, D:9)
  a +0 rapier
(11, 36, D:9)
  a +0 robe
(30, 32, D:9)
  a +0 war axe
(32, -21, D:9)
  a +0 spear
(32, 35, D:9)
  a +0 scale mail
(37, 5, D:9)
  6 boomerangs
(45, 0, D:9)
  5 stones
(51, 0, D:9)
  4 stones

Level 10 of the Dungeon
(0, 0, D:10)
  4 boomerangs
(10, -32, D:10)
  a +2 dagger of electrocution
  a +0 robe
(10, -31, D:10)
  a +0 flail
  a +0 ring mail
(11, -33, D:10)
  a +0 battleaxe
  a +0 plate armour
  a +0 hand axe
(11, -31, D:10)
  a +0 club
  a +0 scale mail
(14, -22, D:10)
  8 stones
(18, 1, D:10)
  a +0 dagger
  a +0 short sword
  a +0 dagger
(19, 2, D:10)
  5 stones
  a +0 club
  a +0 whip
  6 poisoned darts
  a +0 short sword
  a +0 short sword
(20, 4, D:10)
  5 poisoned darts
  a +0 whip
(24, -31, D:10)
  a +0 whip
(24, -30, D:10)
  a +0 short sword
  5 poisoned darts
(25, -32, D:10)
  a +0 dagger
  5 poisoned darts
(25, -31, D:10)
  a +0 short sword
  3 stones
(26, -32, D:10)
  a +0 club
(26, 3, D:10)
  5 stones
(34, -30, D:10)
  a +0 falchion

Level 11 of the Dungeon
(0, 0, D:11)
  3 stones
(4, 1, D:11)
  a +0 robe
  a +0 hand axe
(6, 2, D:11)
  a +0 robe
  a +0 dagger
  a +0 chain mail
  a +0 long sword
  a +0 arbalest
(8, -13, D:11)
  a +1 falchion of electrocution
(8, 3, D:11)
  a +0 robe
  a +0 dagger
(8, 6, D:11)
  a +0 troll leather armour
(8, 7, D:11)
  a +0 robe
  a +0 dagger
(10, 18, D:11)
  3 large rocks
(12, 15, D:11)
  a +0 scale mail
(19, -9, D:11)
  a +0 leather armour
(32, -10, D:11)
  a +0 chain mail
(39, 2, D:11)
  an ugly thing corpse
(40, -16, D:11)
  a +0 club
(56, -15, D:11)
  a +0 leather armour

the Ecumenical Temple

