Bokogi

Level 1 of the Dungeon
(6, 15, D:1)
  a +0 rapier
(9, -1, D:1)
  a +0 dagger
(11, 19, D:1)
  a +0 dagger of speed
(14, 32, D:1)
  a +0 spear
(16, -6, D:1)
  a +0 club
(16, 5, D:1)
  4 stones
(17, -4, D:1)
  a +0 club
(35, -3, D:1)
  a +0 dagger of speed
(36, 21, D:1)
  7 stones
(45, 15, D:1)
  a +0 ring mail
(47, -4, D:1)
  a +0 robe
(48, 15, D:1)
  a +0 trident
(50, 24, D:1)
  9 stones

Level 2 of the Dungeon
(0, 0, D:2)
  4 stones
(7, -35, D:2)
  a +0 scythe
  a +0 robe
(15, -36, D:2)
  a +1 dagger of protection
(15, -1, D:2)
  a +0 leather armour
(17, -33, D:2)
  a +0 club
(20, -10, D:2)
  a +0 dagger
  5 stones
(22, 11, D:2)
  a book of Spatial Translocations
(24, -9, D:2)
  a +0 dagger
(25, -2, D:2)
  a +0 club
  a +0 scale mail
(28, -13, D:2)
  a +0 dagger
(33, -29, D:2)
  a +0 dagger
(34, 1, D:2)
  2 stones
(40, -15, D:2)
  a +0 mace
(46, 8, D:2)
  2 poisoned darts
(49, 1, D:2)
  a +0 short sword
(49, 2, D:2)
  a book of the Hunter

Level 3 of the Dungeon
(0, 0, D:3)
  2 stones
(24, 20, D:3)
  a +0 falchion
(30, 24, D:3)
  a +0 dagger
  5 stones
(42, 16, D:3)
  a staff of air
(42, 25, D:3)
  a book of Dangerous Friends
(44, -5, D:3)
  a +0 whip
  a +0 robe
(59, -2, D:3)
  8 stones
(62, 24, D:3)
  a +0 mace
(67, 24, D:3)
  a +0 hand axe

Level 4 of the Dungeon
(0, 0, D:4)
  a +0 club
(5, 13, D:4)
  a +0 short sword
  a +0 leather armour
  a +0 short sword
  5 stones
  a +0 club
  a +0 leather armour
(6, 13, D:4)
  a +0 dagger
  a +0 robe
  a +0 hand axe
  a +0 club
  a +0 falchion
  a +0 scale mail
(8, 0, D:4)
  5 stones
(8, 14, D:4)
  a +0 trident
  a +0 leather armour
(11, -12, D:4)
  a +0 club
(11, 16, D:4)
  a +0 robe
(26, 18, D:4)
  a +0 war axe
(27, 40, D:4)
  a +0 short sword
  4 stones
(29, 38, D:4)
  a +0 club
(47, 23, D:4)
  a +0 club

Level 5 of the Dungeon
(0, 0, D:5)
  a +0 robe
(18, 10, D:5)
  a +0 hand axe
  a +0 leather armour
(31, 41, D:5)
  8 stones
(35, -9, D:5)
  a +0 dagger
  a +0 whip
  a +0 hand axe
  a +0 chain mail
(39, -5, D:5)
  a +0 short sword
  a +0 ring mail
(39, -2, D:5)
  a +0 dagger
  a +0 robe
(42, -8, D:5)
  a +0 sling
(45, -3, D:5)
  6 javelins
(53, 9, D:5)
  a +0 trident
(54, -3, D:5)
  a Young Poisoner's Handbook
(54, 4, D:5)
  a potion of brilliance

Level 6 of the Dungeon
(0, 0, D:6)
  5 stones
(8, 2, D:6)
  a +1 vampiric dagger
  a +0 robe
(9, 2, D:6)
  a +0 club
  3 boomerangs
  a +0 flail
  a +0 short sword
  a +0 short sword
  a +0 leather armour
  a +0 dagger of holy wrath
  a +0 robe
  a +0 dagger
  a +0 mace
  an orc skeleton
  an orc skeleton
  an orc skeleton
  an orc skeleton
  an orc skeleton
  an orc skeleton
(10, 2, D:6)
  a +0 mace
  a +0 leather armour
(11, -12, D:6)
  a +0 leather armour
(11, 2, D:6)
  an iguana corpse
(11, 3, D:6)
  a +0 dagger
(17, 9, D:6)
  an adder skeleton
(17, 20, D:6)
  a +0 sling
(28, -2, D:6)
  a +0 quarterstaff
(31, 1, D:6)
  a +0 hand axe
(33, 20, D:6)
  9 stones
(34, -3, D:6)
  a +0 scale mail
(38, -9, D:6)
  2 boomerangs
(47, -6, D:6)
  a +0 leather armour

