Bokogi

Level 1 of the Dungeon
(0, 0, D:1)
  a +0 mace
(14, -3, D:1)
  a +0 dagger
(15, -14, D:1)
  a +0 club
(16, -15, D:1)
  a +0 club
(17, -15, D:1)
  5 stones
(18, -3, D:1)
  a +0 pair of boots
(33, -13, D:1)
  a +0 chain mail
(33, -3, D:1)
  a +0 club
(35, -9, D:1)
  a +0 mace
  a +0 short sword
  3 stones
(37, -10, D:1)
  a +0 dagger
(42, 6, D:1)
  4 javelins
(45, -21, D:1)
  a +0 dagger

Level 2 of the Dungeon
[Shop] Weeso's Book Shoppe
  a book of the Hunter (286 gold)
  a book of Cantrips (132 gold)
  a book of Party Tricks (176 gold)
  a book of Transfigurations (440 gold)
  a book of Maledictions (286 gold)
  a book of Power (462 gold)
  a book of Weapons (308 gold)
  a book of Debilitation (220 gold)
  a book of Armaments (396 gold)
(5, -9, D:2)
  a +0 ring mail
(7, -23, D:2)
  a +0 club
(11, 3, D:2)
  a +0 robe
(11, 8, D:2)
  a +0 whip
(11, 9, D:2)
  a frilled lizard skeleton
(12, 8, D:2)
  a +0 spear
  a gnoll corpse
(16, 0, D:2)
  a +0 club
(16, 3, D:2)
  a +0 dagger
  5 stones
(16, 9, D:2)
  6 stones
(18, 2, D:2)
  a +0 dagger
(19, 1, D:2)
  a +0 dagger
(20, 29, D:2)
  a +0 short sword
(33, 22, D:2)
  a +0 mace
(44, -13, D:2)
  7 stones
(45, 21, D:2)
  a +0 dagger
(48, 20, D:2)
  a +0 pair of gloves
(49, 19, D:2)
  a book of Displacement

