Kuzon

Level 1 of the Dungeon
(10, -10, D:1)
  a +0 dagger
(11, -14, D:1)
  a +0 robe
(12, -10, D:1)
  a +0 club
(29, 14, D:1)
  5 poisoned darts
(33, 15, D:1)
  a +0 leather armour
(42, 16, D:1)
  4 boomerangs
(50, -3, D:1)
  a +0 dagger

Level 2 of the Dungeon
(1, 45, D:2)
  a +0 club
(2, -5, D:2)
  a +0 dagger
(4, 12, D:2)
  2 stones
(9, 23, D:2)
  a +0 club
  a +0 ring mail
(11, 23, D:2)
  a +0 short sword
(21, 13, D:2)
  a +0 club
(23, 28, D:2)
  a +0 ring mail
(24, -10, D:2)
  a +0 whip
(24, 22, D:2)
  a +0 club
(25, 36, D:2)
  7 stones
(30, 50, D:2)
  a +0 cloak
(31, 1, D:2)
  a +0 dagger
(32, 37, D:2)
  a +0 flail
(33, 37, D:2)
  a +0 club
(46, 0, D:2)
  a +0 club
  a +0 flail
(47, 0, D:2)
  a +0 short sword
(53, 37, D:2)
  a +0 halberd
  a +0 club
(57, -4, D:2)
  a +0 robe

Level 3 of the Dungeon
(0, 0, D:3)
  a +0 mace
(1, 26, D:3)
  a +0 club
(5, 18, D:3)
  a +0 short sword
(10, 27, D:3)
  a +0 dagger
  3 poisoned darts
(11, 4, D:3)
  a +0 short sword
(25, -10, D:3)
  a +0 chain mail
(29, -3, D:3)
  a +0 scale mail
  a +0 trident
(32, 0, D:3)
  5 stones
  a +0 short sword
(34, 0, D:3)
  8 poisoned darts
  a +0 club
(35, -1, D:3)
  a +0 long sword

Level 4 of the Dungeon
(0, 0, D:4)
  a +0 ring mail
(3, -1, D:4)
  a +0 ring mail
(4, -5, D:4)
  a +0 dagger
(5, -7, D:4)
  a +0 spear
(6, 32, D:4)
  a +0 leather armour
(7, 7, D:4)
  a +0 dagger
(10, 3, D:4)
  an adder corpse (skeletalised by now)
(24, -5, D:4)
  a +0 short sword
(25, 8, D:4)
  a +0 mace
(25, 9, D:4)
  a +0 dagger
  a +0 robe
(26, -4, D:4)
  a +0 club
(26, 7, D:4)
  a +0 dagger
  a +0 robe
(26, 9, D:4)
  a +0 dagger
  a +0 chain mail
  a +0 club
  a +0 leather armour
(27, 2, D:4)
  a +0 quarterstaff
(30, 37, D:4)
  9 stones
(36, 7, D:4)
  a +0 short sword
(40, 4, D:4)
  a +0 spear
(40, 5, D:4)
  a +0 dagger
(40, 6, D:4)
  a stone
  a +0 dagger
(41, 5, D:4)
  a +0 spear
(46, -2, D:4)
  3 boomerangs
(50, 4, D:4)
  a +0 plate armour

Level 5 of the Dungeon
(0, 0, D:5)
  a +0 dagger
  a +0 robe
  the elf corpse of Dowan
(2, 1, D:5)
  a potion of haste

