Bokogi

Level 1 of the Dungeon
(0, 0, D:1)
  a +0 war axe
(32, -1, D:1)
  a +0 dagger
(33, -19, D:1)
  a +0 club
(43, 12, D:1)
  6 stones
(49, -21, D:1)
  a +0 short sword
(51, 4, D:1)
  8 stones
(52, -23, D:1)
  a +0 ring mail
  a +0 dagger

Level 2 of the Dungeon
[Shop] Aneorphi's Distillery
  a potion of brilliance (48 gold)
  a potion of haste (120 gold)
  a potion of ambrosia (96 gold)
  a potion of might (48 gold)
  a potion of curing (36 gold)
  a potion of degeneration (12 gold)
  a potion of ambrosia (96 gold)
  a potion of curing (36 gold)
  a potion of mutation (96 gold)
  a potion of invisibility (96 gold)
(7, 5, D:2)
  a +0 dagger
(12, 25, D:2)
  a +0 whip
(14, -7, D:2)
  a +0 robe
(33, 18, D:2)
  2 stones
(48, -23, D:2)
  a +0 mace
(49, -23, D:2)
  a stone
(52, -29, D:2)
  a +0 robe
(55, -28, D:2)
  a +0 dagger
(57, -8, D:2)
  a +0 short sword

Level 3 of the Dungeon
(4, 5, D:3)
  a +0 dagger
(8, -14, D:3)
  a +0 club
  a +0 robe
  the human corpse of Jessica (skeletalised by now)
(11, -17, D:3)
  6 stones
(11, 20, D:3)
  a +0 robe
(16, -2, D:3)
  a +0 dagger
(16, 15, D:3)
  a +0 club
(17, 10, D:3)
  a +0 flail
  an orc skeleton
(18, 11, D:3)
  a +0 flail
  a +0 ring mail
(18, 18, D:3)
  a +0 dagger
(18, 29, D:3)
  a +0 hand axe
(20, -2, D:3)
  a +0 sling
  a +0 dagger
(20, 1, D:3)
  a +0 mace
  a +0 robe
(20, 26, D:3)
  a +0 ring mail
(21, -1, D:3)
  a +0 robe
  a +0 dagger
(22, 15, D:3)
  a +0 mace
(23, -5, D:3)
  a +0 club
  a goblin corpse (skeletalised by now)
(26, -14, D:3)
  5 stones
(27, -13, D:3)
  a +0 ring mail
(28, -3, D:3)
  a rat corpse (skeletalised by now)
(29, 11, D:3)
  a +0 dagger
  a +0 sling
(30, 6, D:3)
  a +0 ring mail
(30, 7, D:3)
  a +0 club
  a +0 club
(31, -12, D:3)
  a +0 leather armour
(33, -15, D:3)
  5 stones
(37, 10, D:3)
  a quokka corpse
(41, -18, D:3)
  8 stones
(43, -16, D:3)
  a +0 club
(46, -12, D:3)
  a +0 dagger
  a +0 robe

Level 4 of the Dungeon
(0, 0, D:4)
  a +0 short sword
  a +0 leather armour
  2 potions of curing
  an orc corpse
(0, 1, D:4)
  a +0 pair of boots
(1, 0, D:4)
  a +0 club
  a +0 leather armour
  a +0 whip
  an orc corpse
(3, 1, D:4)
  a ring of fire

