Kuzon

Level 1 of the Dungeon
[Shop] Icziysso's Magic Scroll Shoppe
  a scroll of blinking (97 gold)
  a scroll of blinking (97 gold)
  a scroll of noise (13 gold)
  a scroll of amnesia (52 gold)
  a scroll of blinking (97 gold)
  a scroll of fog (52 gold)
(0, 0, D:1)
  5 poisoned darts
(12, -3, D:1)
  a +0 short sword
  a stone
(37, 1, D:1)
  a +0 club
(50, 13, D:1)
  3 stones
(53, -12, D:1)
  a +0 dagger
(53, 10, D:1)
  a +0 buckler
(54, -12, D:1)
  a +0 whip

Level 2 of the Dungeon
(0, 0, D:2)
  a +0 spear
(0, 7, D:2)
  a +0 chain mail
(11, 1, D:2)
  a +0 sling
(26, 52, D:2)
  3 stones
(32, 35, D:2)
  a +0 dagger
  a stone
(34, 5, D:2)
  a +0 halberd
  a +2 halberd of venom
(41, -3, D:2)
  a +0 whip
(44, 27, D:2)
  a +0 chain mail

Level 3 of the Dungeon
(0, 0, D:3)
  a +0 hand axe
  a +0 leather armour
(6, -8, D:3)
  8 stones
(7, 23, D:3)
  12 gold pieces
(7, 24, D:3)
  a scroll of enchant weapon
(8, 24, D:3)
  a +6 ring of dexterity
(9, 26, D:3)
  a scroll of blinking
(11, 29, D:3)
  12 gold pieces
(21, 21, D:3)
  a book of Conjurations
(32, 4, D:3)
  a +0 club
(38, 6, D:3)
  a +0 hand axe
(39, -2, D:3)
  a +0 dagger
(40, 0, D:3)
  a +0 club
  a +0 robe
(50, 12, D:3)
  a +0 hand axe

Level 4 of the Dungeon
(0, 0, D:4)
  a hobgoblin corpse (skeletalised by now)
(16, 3, D:4)
  6 stones
(16, 30, D:4)
  a +0 leather armour
(17, 36, D:4)
  a +0 helmet
(29, 19, D:4)
  a +0 mace
(34, 5, D:4)
  a +0 ring mail
(36, 20, D:4)
  a +0 leather armour
(43, 35, D:4)
  a +0 robe

Level 5 of the Dungeon
[Shop] Esmuo's Jewellery Shop
  a +6 ring of intelligence (504 gold)
  a +4 ring of protection (504 gold)
  a ring of positive energy (280 gold)
  an amulet of regeneration (420 gold)
  the ring of Tafowe {Int+3 Dex+6} (690 gold)
    [ring of dexterity]
    
    Int:       It affects your intelligence (+3).
    Dex:       It affects your dexterity (+6).
  a +6 ring of intelligence (504 gold)
  a ring of positive energy (280 gold)
  the ring "Odairch" {Will++ EV+5 Str+2 Dex-5} (709 gold)
    [ring of evasion]
    
    EV:        It affects your evasion (+5).
    Str:       It affects your strength (+2).
    Dex:       It affects your dexterity (-5).
    Will:      It greatly increases your willpower.
  a +5 ring of evasion (504 gold)
  an amulet of guardian spirit (420 gold)
  a +6 ring of intelligence (504 gold)
(15, 14, D:5)
  5 stones
(17, 4, D:5)
  5 javelins
(20, 23, D:5)
  a hound corpse

