GoodOmen

Level 1 of the Dungeon
(0, 0, D:1)
  a +3 spear of venom
(1, -5, D:1)
  a +0 club
(1, 1, D:1)
  a +0 short sword
(14, -6, D:1)
  7 stones
(14, 9, D:1)
  2 stones
(16, 10, D:1)
  a +0 sling
(29, -7, D:1)
  a +0 leather armour
(32, -17, D:1)
  a +0 club
(34, -12, D:1)
  6 stones
(34, 8, D:1)
  a +0 ring mail
(44, 23, D:1)
  a +0 buckler
(51, 5, D:1)
  a +0 dagger
(53, 7, D:1)
  a +0 sling

Level 2 of the Dungeon
(0, 0, D:2)
  5 stones
(2, 0, D:2)
  a +0 sling
  a +0 club
(19, -15, D:2)
  a +0 dagger
(26, 15, D:2)
  6 stones
(42, -12, D:2)
  5 stones
(44, 0, D:2)
  4 javelins
(46, 1, D:2)
  a +0 club

Level 3 of the Dungeon
(0, 0, D:3)
  a +0 club
  a +0 leather armour
  a goblin corpse
(6, -11, D:3)
  a +0 whip
  2 stones
(20, 24, D:3)
  2 javelins
(21, 36, D:3)
  a +0 dagger
(23, 6, D:3)
  a +0 dagger
(25, 6, D:3)
  a +0 club
(25, 7, D:3)
  a +0 whip
  a +0 animal skin
  a +0 helmet
  a wand of flame (26)
  a potion of degeneration
(34, 6, D:3)
  a +0 leather armour
(38, 37, D:3)
  a frilled lizard corpse (skeletalised by now)
(43, -11, D:3)
  a +0 ring mail
(51, 41, D:3)
  a +0 leather armour
(52, 1, D:3)
  2 stones

