Bokogi

Level 1 of the Dungeon
[Shop] Kunlagedi's Weapon Shop
  a +0 rapier of protection (74 gold)
  the +8 longbow "Zephyr" {speed, Dex+3 SInv} (847 gold)
    Dex:       It affects your dexterity (+3).
    SInv:      It lets you see invisible.
  a +0 hand axe (33 gold)
  a +0 club (11 gold)
  a +0 trident (38 gold)
  the +1 dagger of Deisy {speed, Int+2} (244 gold)
    Int:       It affects your intelligence (+2).
  a +0 rapier (44 gold)
  a +6 battleaxe of freezing (480 gold)
(0, 0, D:1)
  a +0 leather armour
(1, -8, D:1)
  a +0 sling
(2, 3, D:1)
  a +0 mace
(15, -3, D:1)
  a +0 falchion
(25, 5, D:1)
  a +0 dagger
(28, 7, D:1)
  a +0 club
(29, 19, D:1)
  a +0 dagger
(30, 17, D:1)
  a +0 club
(32, 25, D:1)
  a +0 dagger
(33, -1, D:1)
  a +0 sling
(33, 26, D:1)
  7 stones

Level 2 of the Dungeon
(0, 0, D:2)
  a +0 kite shield
(2, 9, D:2)
  a +0 club
(10, -30, D:2)
  a +0 shortbow
(15, -30, D:2)
  a +0 robe
(15, -21, D:2)
  2 poisoned darts
(23, -38, D:2)
  a +0 club
(25, -6, D:2)
  a +2 dagger of venom
(28, -48, D:2)
  a +0 dagger
(30, -33, D:2)
  a +0 whip
(33, -34, D:2)
  a +0 club
(34, -27, D:2)
  a scroll of poison
(53, 5, D:2)
  a +0 sling

Level 3 of the Dungeon
(0, 0, D:3)
  a ball python corpse (skeletalised by now)
(4, 7, D:3)
  a +0 plate armour
(6, -14, D:3)
  a +0 club
  a +2 robe of fire resistance
  the human corpse of Jessica (skeletalised by now)
(6, 3, D:3)
  a +3 dagger
(8, -24, D:3)
  the felid skeleton of Natasha
(22, -30, D:3)
  a giant cockroach corpse
(33, -13, D:3)
  a frilled lizard corpse
(42, -20, D:3)
  a ball python corpse

