Kuzon

Level 1 of the Dungeon
[Shop] Boisae's Magic Scroll Boutique
  a scroll of blinking (97 gold)
  3 scrolls of identify (78 gold)
  a scroll of brand weapon (123 gold)
  a scroll of teleportation (39 gold)
  a scroll of fear (52 gold)
  a scroll of teleportation (39 gold)
  a scroll of identify (26 gold)
  a scroll of identify (26 gold)
  a scroll of enchant armour (97 gold)
[Shop] Teasesi's Antique Armour Boutique
  a +0 scale mail (132 gold)
  a +2 ring mail of fire resistance (693 gold)
  a +2 robe of willpower (584 gold)
  a +0 robe (23 gold)
  a +0 chain mail of poison resistance (280 gold)
  a +0 ring mail (132 gold)
  a +0 helmet (148 gold)
  a +0 robe (23 gold)
  a +2 scale mail of willpower (693 gold)
  a +0 robe (23 gold)
[Shop] Wacvixig's Distillery
  a potion of attraction (39 gold)
  2 potions of curing (78 gold)
  a potion of might (52 gold)
  a potion of lignification (39 gold)
  a potion of lignification (39 gold)
  a potion of magic (104 gold)
  a potion of attraction (39 gold)
  a potion of mutation (104 gold)
(4, -4, D:1)
  2 poisoned darts
(18, -3, D:1)
  a +0 ring mail
(21, -12, D:1)
  a +0 robe
(24, -18, D:1)
  a +0 dagger
(24, 18, D:1)
  a +0 dagger
(37, 19, D:1)
  a +1 hand axe of electrocution
(39, -15, D:1)
  a +0 club
  2 stones
(44, -9, D:1)
  7 stones
(46, -8, D:1)
  a +0 whip
  3 stones

Level 2 of the Dungeon
(0, 0, D:2)
  a +2 dagger of protection
  a kobold corpse (skeletalised by now)
(4, 25, D:2)
  a +0 club
(16, 11, D:2)
  a +0 ring mail
(20, -5, D:2)
  a +1 pair of boots of stealth
(29, -10, D:2)
  3 gold pieces
(29, -9, D:2)
  a +0 quarterstaff
(29, -8, D:2)
  a Young Poisoner's Handbook
(30, -10, D:2)
  2 gold pieces
(30, -9, D:2)
  a stone
(30, -8, D:2)
  a scroll of magic mapping
(30, 13, D:2)
  a +0 club
(30, 14, D:2)
  a +0 dagger
  a +0 dagger
  a +0 whip
  4 stones
(31, -18, D:2)
  6 stones
(31, -10, D:2)
  a scroll of fear
(31, -9, D:2)
  a +0 robe
(31, -8, D:2)
  a +0 robe
  2 potions of resistance
(31, 14, D:2)
  a +0 short sword
  a +0 animal skin
  a +0 helmet
  a +0 dagger
  a +0 sling
  a +0 dagger
  a +0 dagger
(32, -12, D:2)
  a +0 short sword
  4 stones
(34, 19, D:2)
  a +0 chain mail
(35, 18, D:2)
  an Inescapable Atlas
(37, -5, D:2)
  a +0 mace
(47, 1, D:2)
  a +0 rapier

Level 3 of the Dungeon
(0, 0, D:3)
  a +0 ring mail
  a +0 dagger
  the goblin corpse of Ijyb
(1, -4, D:3)
  a +0 flail
  a +0 scale mail
  a +0 trident
  a +0 leather armour
  an orc corpse
(1, -2, D:3)
  a +0 club
  2 stones
(2, -5, D:3)
  a +0 club
(3, 5, D:3)
  a +0 sling
(6, 3, D:3)
  5 stones
(8, -5, D:3)
  a +0 dagger
  4 stones
  a kobold corpse
(9, -5, D:3)
  a +0 trident
  an orc skeleton
(9, 6, D:3)
  a potion of heal wounds
(10, -5, D:3)
  a +0 ring mail
  3 boomerangs
  a +0 club
  a +0 robe
  a +0 dagger
  an orc corpse (skeletalised by now)
(11, -5, D:3)
  a +0 short sword
  a +0 club
  an orc corpse (skeletalised by now)

