GoodOmen

Level 1 of the Dungeon
[Shop] Hucvug's Armour Shop
  a +0 robe (7 gold)
  an orb of guile (130 gold)
  a +0 plate armour (230 gold)
  a +0 robe (7 gold)
  a +0 leather armour (20 gold)
  a +0 ring mail (40 gold)
  a +0 pair of boots (45 gold)
  a +0 ring mail (40 gold)
  a +0 pair of boots (45 gold)
(0, 0, D:1)
  5 stones
(0, 3, D:1)
  a +0 dagger
(11, -9, D:1)
  a +0 spear
(13, -9, D:1)
  5 stones
(29, 11, D:1)
  a +0 leather armour
(32, -2, D:1)
  a stone
(36, -1, D:1)
  6 stones
(38, -7, D:1)
  a stone
(40, -18, D:1)
  a +0 spear
(45, -32, D:1)
  a +0 hand axe
(45, -15, D:1)
  a +0 robe
(48, -15, D:1)
  a +0 whip

Level 2 of the Dungeon
[Shop] Tejattoa's Armour Boutique
  a +0 buckler (58 gold)
  a +0 leather armour (26 gold)
  a +0 leather armour (26 gold)
  a +0 plate armour (299 gold)
  a +1 robe of cold resistance (165 gold)
  a +2 pair of boots of rampaging (279 gold)
  a +2 helmet of see invisible (279 gold)
(0, 0, D:2)
  a +0 hand axe
(6, 23, D:2)
  a +0 leather armour
(14, -8, D:2)
  2 stones
(16, 3, D:2)
  6 stones
(17, 15, D:2)
  a +0 dagger
(18, 4, D:2)
  a +0 dagger
(21, 4, D:2)
  a +0 dagger
(22, 13, D:2)
  a +0 war axe
(24, -7, D:2)
  a +0 mace
(25, -6, D:2)
  a +0 dagger
(28, 32, D:2)
  a +0 short sword
(32, -15, D:2)
  a +0 dagger
  3 stones
(34, 33, D:2)
  8 stones
(38, 1, D:2)
  a +0 rapier
(52, -2, D:2)
  a +0 plate armour

Level 3 of the Dungeon
(0, 0, D:3)
  a staff of death
(14, 14, D:3)
  a potion of haste
(17, -3, D:3)
  a +0 chain mail
(19, -3, D:3)
  a +0 sling
(19, 7, D:3)
  a +0 dagger
  a +0 robe
  an orc corpse
(20, -4, D:3)
  a book of Party Tricks
(20, 14, D:3)
  a +0 spear
  a +0 scale mail
(21, 9, D:3)
  a +0 dagger
  a +0 club
  2 boomerangs
  a +0 leather armour
  an orc corpse
(22, 3, D:3)
  a scroll of fear
(22, 8, D:3)
  a +0 hand axe
(24, -3, D:3)
  18 gold pieces

