GoodOmen

Level 1 of the Dungeon
[Shop] Baklyjash's Antique Weapon Boutique
  a +0 rapier (116 gold)
  a +0 sling (43 gold)
  a +0 spear (87 gold)
  a +0 hand axe (87 gold)
  a +0 sling (43 gold)
  a +0 spear (87 gold)
  a +0 short sword (87 gold)
  a +0 club (29 gold)
  a +0 long sword (101 gold)
  a +0 dagger (58 gold)
[Shop] Uggooxzu's Armour Shop
  a +0 robe (8 gold)
  the +1 chain mail of Decompression {Will++ Str-4 Slay+2} (366 gold)
    Str:       It affects your strength (-4).
    Slay:      It affects your accuracy & damage with ranged weapons and melee
    (+2).
    Will:      It greatly increases your willpower.
  a +0 scale mail of poison resistance (96 gold)
  a +0 barding (276 gold)
  a +0 robe (8 gold)
  a +2 chain mail of cold resistance (258 gold)
  a +2 ring mail of poison resistance (216 gold)
(0, 0, D:1)
  a +0 mace
(19, 31, D:1)
  3 stones

Level 2 of the Dungeon
(0, 0, D:2)
  a +0 leather armour
(13, 17, D:2)
  a +0 ring mail
(18, -15, D:2)
  a +0 chain mail
(19, 20, D:2)
  7 stones
(21, 13, D:2)
  a +0 club
  a stone
(21, 19, D:2)
  a +0 dagger
(23, 18, D:2)
  5 stones
(23, 19, D:2)
  6 stones
(29, 17, D:2)
  4 stones
(39, 9, D:2)
  a +0 ring mail

Level 3 of the Dungeon
(0, 0, D:3)
  a +0 dagger
(9, 5, D:3)
  a +0 short sword
  2 stones
(11, 4, D:3)
  a +0 club
(20, 21, D:3)
  a +0 chain mail
(23, -9, D:3)
  a staff of death
(37, -20, D:3)
  a +0 flail
  a +0 chain mail
(38, -11, D:3)
  a +0 falchion
(39, -17, D:3)
  a +0 dagger
(39, -11, D:3)
  a +0 scale mail
(41, -11, D:3)
  a +0 ring mail
(43, -14, D:3)
  a +0 dagger
(48, -21, D:3)
  a +0 club
  a +0 club
(49, -21, D:3)
  a +0 whip
(50, -21, D:3)
  a +0 halberd
  a +0 short sword

Level 4 of the Dungeon
(22, -11, D:4)
  a +0 sling
  a +0 dagger
(29, -21, D:4)
  a +0 dagger
(33, -14, D:4)
  a +0 short sword
  6 poisoned darts
(34, 24, D:4)
  a +0 dagger
(38, 8, D:4)
  a +0 leather armour
  a +0 dagger
(44, -4, D:4)
  a +0 dagger
  3 stones
(61, 1, D:4)
  a +0 leather armour

Level 5 of the Dungeon
(0, 0, D:5)
  a +0 leather armour
(4, 4, D:5)
  a +0 chain mail
(8, -23, D:5)
  a +0 club
(11, -20, D:5)
  a +0 ring mail
  a +0 short sword
(12, -20, D:5)
  a +0 war axe
(13, -21, D:5)
  a +0 hand axe
(13, -20, D:5)
  a +0 dagger
(17, -5, D:5)
  a +0 ring mail
(21, -12, D:5)
  a +0 scythe
  a +0 robe
(28, -5, D:5)
  a +0 club
  a +2 leather armour of positive energy
  a +0 dagger
(29, -4, D:5)
  a +0 leather armour
  a +0 club
(30, -4, D:5)
  a +0 scale mail
  a +0 flail
(31, -3, D:5)
  a +0 robe
  a +0 dagger
(31, 0, D:5)
  a staff of conjuration
(37, -33, D:5)
  a +0 shortbow
(39, -2, D:5)
  a +0 giant spiked club
(44, -31, D:5)
  a +0 giant spiked club
(45, -21, D:5)
  a +3 spear of flaming
(51, -24, D:5)
  3 stones

Level 6 of the Dungeon
[Shop] Vatizaf's Antique Armour Shop
  a +4 ring mail of cold resistance (620 gold)
  a +0 chain mail (90 gold)
  a +0 chain mail (90 gold)
  a +0 chain mail (90 gold)
  the +2 shield of Resistance {rF++ rC++ Will++} (1410 gold)
    rF:        It greatly protects you from fire.
    rC:        It greatly protects you from cold.
    Will:      It greatly increases your willpower.
  a +0 leather armour (40 gold)
  a +0 robe (14 gold)
  a +0 plate armour (460 gold)
  the +2 leather armour of Duck's Teeth {Will+ Int+3} (618 gold)
    Int:       It affects your intelligence (+3).
    Will:      It increases your willpower.
(1, 24, D:6)
  4 stones
(31, -3, D:6)
  a +0 dagger
(31, -2, D:6)
  a +0 club
(32, -4, D:6)
  a +0 club
  a +0 leather armour
(35, -14, D:6)
  5 stones
(51, -33, D:6)
  a +0 war axe
(58, 4, D:6)
  a +3 leather armour of poison resistance
(59, -1, D:6)
  a +0 flail
(59, 25, D:6)
  4 stones
(60, -1, D:6)
  a +0 flail
(61, 8, D:6)
  a +0 leather armour
(67, -19, D:6)
  a +0 sling

Level 7 of the Dungeon
(0, 0, D:7)
  a +0 ring mail
(0, 12, D:7)
  a +0 short sword
  a +0 leather armour
(1, 10, D:7)
  a +0 whip of flaming
  3 boomerangs
(2, 10, D:7)
  a +0 dagger
  a +0 robe
  a +0 dagger
  a +0 robe
  a +0 flail
  a +0 leather armour
(2, 17, D:7)
  a +0 ring mail
(13, 31, D:7)
  a +0 robe
(17, 8, D:7)
  a +2 quarterstaff of chaos
(18, 5, D:7)
  a +0 hammer
(28, 14, D:7)
  5 poisoned darts
(33, 5, D:7)
  a +0 spear
  a +0 ring mail
(36, -4, D:7)
  6 stones

Level 8 of the Dungeon
(0, 0, D:8)
  a scroll of torment
(1, 12, D:8)
  4 stones
(7, 18, D:8)
  a +0 short sword
  a +0 chain mail
(9, 26, D:8)
  a +0 dagger
  a +0 leather armour
(10, 25, D:8)
  a +0 dagger
  a +0 robe
(11, 24, D:8)
  a +0 club
  a +0 leather armour
  a +0 hand axe
(12, 24, D:8)
  a +0 short sword
  a +0 leather armour
(17, 13, D:8)
  a +0 shortbow
(18, 43, D:8)
  a stone
(19, 14, D:8)
  a +0 chain mail
(27, 16, D:8)
  8 stones
(28, 42, D:8)
  a +2 glaive of venom
(29, 36, D:8)
  a +0 club
  a +0 leather armour
(31, 36, D:8)
  a +0 trident
  3 boomerangs
(32, -8, D:8)
  9 stones
(32, 33, D:8)
  a +0 hand axe
  a +0 dagger
  a +0 robe
(32, 34, D:8)
  a +0 spear
  a +0 scale mail
  a +0 spear
  a +5 glaive
  a +0 plate armour
  a +0 club
  a +0 whip
(32, 35, D:8)
  a +0 flail
(34, 0, D:8)
  a +0 club
  3 stones
(34, 2, D:8)
  a +0 short sword
  a +0 short sword
  3 stones
  a +0 short sword
  a curare-tipped dart
(36, 2, D:8)
  a +0 short sword
  a +0 club
(37, 2, D:8)
  a +0 short sword of draining

Level 9 of the Dungeon
(0, 0, D:9)
  a wyvern corpse (skeletalised by now)
(6, -25, D:9)
  a +0 glaive
  2 potions of degeneration
(9, -19, D:9)
  a +0 hand axe
  a +0 leather armour
  an orc corpse
(9, -17, D:9)
  a +0 club
  a +0 leather armour
  a +0 mace
  an orc corpse
(9, -16, D:9)
  a +0 war axe
  a +0 chain mail
  a +0 flail
  an orc corpse
(9, -14, D:9)
  a +1 demon whip of venom (still there?)
  the demonspawn corpse of Amaemon (still there?)
(12, -11, D:9)
  a +0 ring mail
(13, -19, D:9)
  a +2 whip of electrocution
  a +0 robe
(13, -18, D:9)
  a +0 whip
  a +0 halberd
  a gnoll corpse
(13, -17, D:9)
  a +0 flail
  a +0 club
  a +0 club
  a gnoll corpse
  a gnoll corpse
(13, -16, D:9)
  4 stones

