GoodOmen

Level 1 of the Dungeon
(5, 38, D:1)
  a stone
(8, 38, D:1)
  a +0 dagger
(8, 47, D:1)
  a +0 dagger
(9, -8, D:1)
  a +0 club
(9, 41, D:1)
  3 stones
(11, 4, D:1)
  a +0 dagger
(21, -10, D:1)
  a +0 scale mail
(31, 52, D:1)
  a +0 dagger
(38, 2, D:1)
  a +0 club
(44, 37, D:1)
  a +0 dagger
(45, -6, D:1)
  a +0 club
(46, -6, D:1)
  7 stones
(51, 4, D:1)
  a +0 ring mail
(54, 41, D:1)
  a +0 club

Level 2 of the Dungeon
(0, 0, D:2)
  a +0 ring mail
(12, 6, D:2)
  a +0 dagger
(13, 9, D:2)
  a +0 dagger
(13, 21, D:2)
  a +0 sling
(17, 6, D:2)
  5 stones
(19, 2, D:2)
  a +0 club
(23, 16, D:2)
  a +0 dagger
  4 stones
(24, 23, D:2)
  a +0 robe
(36, 30, D:2)
  3 stones
(39, 22, D:2)
  5 poisoned darts
(39, 31, D:2)
  2 stones

Level 3 of the Dungeon
(1, 1, D:3)
  a +0 dagger
  3 stones
(2, 8, D:3)
  a +0 shortbow
(22, 14, D:3)
  a +0 leather armour
(29, 8, D:3)
  a +0 spear
(38, 1, D:3)
  a +1 flail of draining
  a +0 hand axe
(40, 2, D:3)
  a +0 ring mail
  3 boomerangs
(48, -1, D:3)
  8 stones
(49, 2, D:3)
  a +0 dagger

Level 4 of the Dungeon
(0, 0, D:4)
  a +0 club
  a goblin corpse (skeletalised by now)
(2, 1, D:4)
  a +0 club
(7, -29, D:4)
  a +0 dagger
  a +0 robe
  an orc corpse
(9, -29, D:4)
  a +0 dagger
  a +0 robe
  an orc corpse
(10, -29, D:4)
  a +1 vampiric hand axe (still there?)
  a +0 leather armour (still there?)
(11, 1, D:4)
  a +0 ring mail
(11, 4, D:4)
  a dart slug corpse
(13, -15, D:4)
  a +0 dagger
  a +0 sling
(18, -5, D:4)
  2 stones
(20, -4, D:4)
  an iguana corpse
(25, -25, D:4)
  a +0 falchion
  a kobold corpse
(25, -21, D:4)
  a dart slug corpse
(25, -19, D:4)
  a hobgoblin corpse
(26, -24, D:4)
  a +0 quarterstaff
  a +0 short sword
(26, -17, D:4)
  a +0 hand axe
(27, -22, D:4)
  a hobgoblin corpse
(29, -33, D:4)
  a +0 short sword

