Kuzon

Level 1 of the Dungeon
(0, 0, D:1)
  a +0 dagger
(3, -59, D:1)
  a +0 dagger
(16, -8, D:1)
  a +0 dagger
(17, -43, D:1)
  a +0 dagger
(24, -14, D:1)
  a +0 whip
  a stone
(25, -14, D:1)
  a +0 club
  5 stones
(29, -56, D:1)
  a stone
(44, -21, D:1)
  a +0 mace
(45, 1, D:1)
  a +0 dagger
(46, -17, D:1)
  6 stones
(57, -26, D:1)
  a +0 whip
  4 stones

Level 2 of the Dungeon
[Shop] Anitz's Jewellery Emporium
  a ring of positive energy (260 gold)
  a ring of ice (325 gold)
  a ring of resist corrosion (260 gold)
  an amulet of reflection (390 gold)
  a +6 ring of strength (468 gold)
  a ring of willpower (325 gold)
  a +4 ring of slaying (1014 gold)
  an amulet of the acrobat (390 gold)
  a ring of protection from cold (325 gold)
  an amulet of regeneration (390 gold)
(0, 0, D:2)
  a +0 dagger
(22, 25, D:2)
  a +0 club
(24, -6, D:2)
  a +0 mace
(24, 24, D:2)
  a +0 short sword
  a +0 animal skin
(28, 9, D:2)
  a +0 dagger
(28, 25, D:2)
  a +0 club
(37, 25, D:2)
  a +0 dagger
(42, 29, D:2)
  a staff of conjuration
  8 stones
  a +0 club
(48, 16, D:2)
  5 stones
(48, 19, D:2)
  a +0 mace
(48, 27, D:2)
  a +0 club

Level 3 of the Dungeon
(0, 0, D:3)
  3 poisoned darts
(2, 48, D:3)
  a bat corpse (skeletalised by now)
(7, 61, D:3)
  a +0 hand axe
(11, 28, D:3)
  a scroll of teleportation
(12, 28, D:3)
  a scroll of magic mapping
(36, 48, D:3)
  a +0 short sword
  a goblin corpse (skeletalised by now)
(41, 49, D:3)
  a bat corpse

