Bokogi

Level 1 of the Dungeon
(0, 23, D:1)
  5 stones
(1, 30, D:1)
  2 stones
(1, 47, D:1)
  a +0 spear
(8, 37, D:1)
  a +0 short sword
(11, 26, D:1)
  7 stones
(17, 20, D:1)
  a +0 short sword
  4 stones
(19, 3, D:1)
  5 stones
(19, 29, D:1)
  a +0 dagger
(29, -2, D:1)
  8 stones
(30, 32, D:1)
  a +0 club
(54, 39, D:1)
  a +0 club
(60, -5, D:1)
  a +0 dagger
  a stone
(62, 3, D:1)
  a +0 whip

Level 2 of the Dungeon
(10, 7, D:2)
  a +0 club
  2 stones
(10, 10, D:2)
  a +0 sling
  a +0 club
(22, 2, D:2)
  a +0 hand axe
(35, -18, D:2)
  4 stones
(36, -6, D:2)
  a +0 whip
  4 boomerangs of dispersal
  a +0 ring mail
(38, 3, D:2)
  a +0 helmet
(38, 13, D:2)
  a +0 whip
(39, -17, D:2)
  a +0 short sword
(40, -13, D:2)
  a +0 robe
(41, -13, D:2)
  a +0 robe
(42, 18, D:2)
  a +0 dagger
(43, 14, D:2)
  a +0 ring mail

Level 3 of the Dungeon
(0, 0, D:3)
  a +0 club
(3, 8, D:3)
  a +0 whip
  4 stones
(16, 15, D:3)
  a book of Alchemy
(16, 18, D:3)
  a scarf of harm
  (unseen)
(17, 15, D:3)
  11 gold pieces
(23, 22, D:3)
  a +0 club
(23, 30, D:3)
  a +0 whip
(24, 17, D:3)
  a +0 dagger
(26, -3, D:3)
  a +0 mace
(29, 20, D:3)
  a +0 hand axe
(29, 45, D:3)
  a +2 robe of willpower
  (unseen)
(34, 10, D:3)
  a +0 hand axe
(37, -2, D:3)
  a +0 mace
(41, 3, D:3)
  a +0 short sword
  a +0 scythe
  a +2 dagger
  a +0 long sword
  a +0 leather armour
(45, 27, D:3)
  a +0 plate armour of cold resistance
(46, 25, D:3)
  a +0 whip

Level 4 of the Dungeon
(0, 0, D:4)
  5 stones
(1, -2, D:4)
  a +0 sling
(2, -32, D:4)
  5 stones
  a +0 dagger
(2, 0, D:4)
  a +0 dagger
  a +0 leather armour
  a +0 heavy sling
(4, -3, D:4)
  4 stones
(6, -43, D:4)
  a +0 short sword
(6, -26, D:4)
  a +0 robe
  a +0 dagger
(8, -15, D:4)
  a +0 trident
(10, -29, D:4)
  a +0 leather armour
  a +0 flail
  a +0 club
(12, -15, D:4)
  a ball python corpse (skeletalised by now)
(12, 0, D:4)
  a +3 dagger
(13, -27, D:4)
  a +0 robe
  a +0 dagger
  4 stones
  a +0 dagger
(13, -24, D:4)
  a +0 leather armour
  a +0 flail
(13, -10, D:4)
  a +0 pair of gloves
(15, -21, D:4)
  an atropa-tipped dart
  2 poisoned darts
(16, 3, D:4)
  a +0 rapier
(20, -2, D:4)
  a staff of cold
(41, -7, D:4)
  a +0 war axe
(42, 9, D:4)
  a +1 whip of venom
(44, -31, D:4)
  a +0 dagger
(49, -20, D:4)
  a +0 dagger
  a +0 sling

Level 5 of the Dungeon
(0, 0, D:5)
  a +0 club

the Ecumenical Temple

