Good Omen

Level 1 of the Dungeon
(4, 15, D:1)
  2 boomerangs
(9, 21, D:1)
  19 arrows
(19, -4, D:1)
  3 gold pieces
(21, -2, D:1)
  a book of Flames
(25, -2, D:1)
  a book of the Warp
(27, -4, D:1)
  a book of Callings
(27, 18, D:1)
  a +0 club
(31, -5, D:1)
  a +0 club
(31, 25, D:1)
  8 stones
(31, 38, D:1)
  a +0 mace
(35, -5, D:1)
  a +0 dagger
(37, -1, D:1)
  11 stones

Level 2 of the Dungeon
(6, -2, D:2)
  3 curare-tipped darts
(11, -18, D:2)
  a +0 robe
(22, 18, D:2)
  14 stones
(26, -12, D:2)
  a +0 dagger
(36, 12, D:2)
  a +0 animal skin
(40, 11, D:2)
  an amulet of reflection
(41, 0, D:2)
  a +0 leather armour
(48, 16, D:2)
  a +0 whip

Level 3 of the Dungeon
(8, 6, D:3)
  a +0 flail
(10, 15, D:3)
  a +0 spear
(10, 31, D:3)
  a +0 trident
(15, -2, D:3)
  5 stones
(15, 11, D:3)
  a +0 club
(19, 15, D:3)
  a +0 whip
(20, 23, D:3)
  a +0 dagger of draining
(22, 14, D:3)
  a +0 dagger
(28, -4, D:3)
  a +0 dagger
(35, 19, D:3)
  a +0 dagger
  5 stones
(42, 6, D:3)
  26 arrows
(47, 25, D:3)
  a +0 whip
(47, 27, D:3)
  a +0 spear
(50, 24, D:3)
  a +0 club

Level 4 of the Dungeon
(0, 0, D:4)
  a ring of wizardry
  a +6 ring of intelligence
(7, -12, D:4)
  a +0 dagger
(12, 8, D:4)
  a throwing net
(13, -19, D:4)
  14 bolts
(15, 4, D:4)
  a +0 halberd
(15, 5, D:4)
  a +2 spear of venom
(16, 3, D:4)
  a +1 flail of holy wrath
  a +0 club
(16, 4, D:4)
  a +0 club
(24, -14, D:4)
  a +0 ring mail
(25, -18, D:4)
  34 bolts
(25, 7, D:4)
  a +0 ring mail
(27, -17, D:4)
  a +0 hunting sling of freezing
(33, -44, D:4)
  a +0 whip
  4 stones
(39, -11, D:4)
  a +0 flail
(39, -3, D:4)
  a +0 giant club
(40, -12, D:4)
  a +0 whip
  a +0 whip
  a +0 robe
(40, -11, D:4)
  a +0 flail
(41, -13, D:4)
  a +0 hand axe of venom
  a +5 spear
(41, -12, D:4)
  a +0 flail
(42, -13, D:4)
  9 arrows
(51, -35, D:4)
  a +0 quarterstaff
(52, 6, D:4)
  a +0 dagger
(54, 7, D:4)
  20 arrows

Level 5 of the Dungeon
(0, 0, D:5)
  12 stones
(6, -15, D:5)
  a book of Death
(8, -27, D:5)
  a +0 helmet
(8, -19, D:5)
  a +0 scale mail
  a +0 short sword
(14, -36, D:5)
  a +0 club
(32, -5, D:5)
  a +0 scythe
  a +0 robe
(50, -40, D:5)
  a +0 leather armour
(55, -37, D:5)
  a +0 scale mail
(55, -13, D:5)
  a +0 robe
(57, 6, D:5)
  a +3 long sword
  a +0 robe
(58, 16, D:5)
  a +0 club
  a +0 leather armour
  a potion of degeneration
(59, 16, D:5)
  a +0 short sword
  a +0 robe
(60, -37, D:5)
  a +0 pair of boots

Level 6 of the Dungeon
(0, 0, D:6)
  a +0 dagger
  a +0 robe
(7, -17, D:6)
  a +0 rapier
  a +0 chain mail
(12, 19, D:6)
  a +0 spear
(18, -10, D:6)
  a +0 ring mail
(25, 40, D:6)
  a book of Necromancy
(28, 11, D:6)
  a +0 spear
(30, 13, D:6)
  a +0 spear
(30, 14, D:6)
  a +0 whip
  a +0 club
(43, 19, D:6)
  17 arrows
(50, 22, D:6)
  the +5 war axe "Vexellim" {pain, rF+}
    In the hands of one skilled in necromantic magic, it inflicts extra damage
    on living creatures.
    
    rF:        It protects you from fire.
    
    Trog disapproves of the use of such an item.
(53, -6, D:6)
  a staff of earth
(57, 1, D:6)
  a +0 ring mail
(62, -4, D:6)
  a +0 giant club
(63, -4, D:6)
  a +0 dagger
  a +0 robe
  a +0 dagger
  a +0 robe
(63, 18, D:6)
  a +0 robe
(64, -15, D:6)
  a +0 giant spiked club

Level 7 of the Dungeon
(6, 24, D:7)
  a +0 mace
(10, 15, D:7)
  a wand of flame (15)
(12, 23, D:7)
  a wand of flame (2)
(16, -3, D:7)
  a +0 giant club
(33, 29, D:7)
  a +0 scale mail
(35, 30, D:7)
  a +0 scale mail
(41, -14, D:7)
  a +0 flail
  a +0 whip
  a +0 robe
  a +0 whip
  a +0 club
  3 boomerangs
  a +0 leather armour
  a +0 flail
  a +1 flail of holy wrath
  a +0 leather armour
(42, -14, D:7)
  a +0 war axe
  a +0 chain mail
  a +0 club
  a +0 dagger
  a +0 robe
(42, -13, D:7)
  a +0 halberd
(42, 27, D:7)
  a +0 spear
(43, -13, D:7)
  a +0 spear
  a +0 robe
(44, -21, D:7)
  2 throwing nets
(46, 5, D:7)
  a +0 leather armour
(47, 11, D:7)
  a +0 mace
(48, -1, D:7)
  a +0 mace
  a +0 leather armour
(48, 0, D:7)
  a +0 dagger
  a +0 robe
(48, 10, D:7)
  a +0 dagger
  a +0 robe
(48, 11, D:7)
  a +0 morningstar
  a +0 ring mail
  a +0 hand axe
(49, -1, D:7)
  a +0 dagger
(49, 0, D:7)
  a +0 flail
(50, -1, D:7)
  a +0 club
(60, -17, D:7)
  a potion of attraction

Level 8 of the Dungeon
(0, 0, D:8)
  a +0 ring mail
(2, 40, D:8)
  2 boomerangs
(3, 32, D:8)
  a boomerang
(7, 39, D:8)
  2 boomerangs
(12, 4, D:8)
  16 stones
(15, 9, D:8)
  a +0 dire flail
  a +0 plate armour
(16, 9, D:8)
  a +0 dagger
  2 boomerangs
  a +0 leather armour
(17, 8, D:8)
  a +0 flail
(17, 9, D:8)
  a +0 hand axe
(18, 13, D:8)
  a +0 leather armour
(25, 27, D:8)
  16 bolts
(26, 6, D:8)
  a +0 robe
  a +0 mace
  a +0 robe
  a +0 falchion
(27, 5, D:8)
  a +0 robe
  a +0 spear
(30, -3, D:8)
  17 bolts
(33, 11, D:8)
  a +0 leather armour (still there?)
  a +0 dagger (still there?)
(43, 1, D:8)
  a scroll of immolation
(47, 5, D:8)
  a +0 falchion
(53, 37, D:8)
  a +0 falchion
  a +0 ring mail
(54, 37, D:8)
  a +0 battleaxe
  a +0 plate armour
(54, 39, D:8)
  a +0 dagger
(55, 50, D:8)
  a +0 short sword
  a +0 ring mail
(55, 51, D:8)
  a +0 dagger
  a +0 robe
(55, 52, D:8)
  a +0 dagger
  a +0 robe
(56, 50, D:8)
  a +0 flail
  a +0 ring mail
(56, 51, D:8)
  a +0 short sword
(61, 23, D:8)
  2 boomerangs
(64, 49, D:8)
  a throwing net

Level 9 of the Dungeon
[Shop] Vuych's Weapon Shop
  the +5 mace of Big Damage {freeze, rElec Will- Str+4} (486 gold)
    It freezes those it strikes, dealing additional cold damage. It can also
    slow down cold-blooded creatures.
    
    Str:       It affects your strength (+4).
    rElec:     It insulates you from electricity.
    Will:      It decreases your willpower.
  a +0 whip (25 gold)
  a +0 giant club (17 gold)
  a +0 war axe (35 gold)
  26 stones (26 gold)
  a +0 dagger (20 gold)
  5 curare-tipped darts (30 gold)
(0, 0, D:9)
  a +1 pair of boots
(2, 1, D:9)
  a +0 giant club
  a +0 dire flail
(9, 32, D:9)
  a bolt
(10, 32, D:9)
  the Disquisition on Stones
    Spells                            Type                      Level      
    Known
     a - Leda's Liquefaction           Hexes/Earth                   4         
    no
     b - Lee's Rapid Deconstruction    Earth                         5         
    no
     c - Iron Shot                     Conjuration/Earth             6         
    no
     d - Shatter                       Earth                         9         
    no
    
    
    Trog disapproves of the use of such an item.
(11, 0, D:9)
  a +0 shortbow
  23 arrows
(12, 22, D:9)
  a +2 dagger
  a +0 robe
  a +0 battleaxe
  a +0 robe
  a +0 trident of venom
  a +0 robe
(23, 44, D:9)
  26 arrows
(23, 45, D:9)
  a +0 robe
(28, 29, D:9)
  a +2 trident of venom
(38, 27, D:9)
  22 stones
(41, 20, D:9)
  a +0 hand axe
(42, 20, D:9)
  a +0 dagger (still there?)
  a +0 club (still there?)
(42, 22, D:9)
  a +0 short sword
  4 stones
(42, 35, D:9)
  13 bolts
(43, 20, D:9)
  a +0 whip
  4 poisoned darts
  a +0 club
  5 stones
(45, 19, D:9)
  a +0 giant spiked club (still there?)
  a +2 dire flail of protection (still there?)
(45, 20, D:9)
  a +0 whip
  a +2 dagger of protection
  a +0 robe
(46, 20, D:9)
  a +0 whip (still there?)
  a +0 club (still there?)
  5 stones (still there?)
(46, 21, D:9)
  a +0 short sword
(49, 8, D:9)
  6 large rocks
(50, 24, D:9)
  a scroll of immolation
(51, 36, D:9)
  20 stones (still there?)
  the +0 pair of boots of Ruur Alelow {Will+} (still there?)
    Will:      It increases your willpower.
(54, 31, D:9)
  32 stones
(56, 15, D:9)
  +0 steam dragon scales
(61, 7, D:9)
  a +0 helmet

Level 1 of the Orcish Mines
(0, 0, Orc:1)
  a +0 short sword
(1, -2, Orc:1)
  a +0 whip
  a +0 ring mail
(1, -1, Orc:1)
  a +0 battleaxe
  a +0 plate armour
(2, -2, Orc:1)
  a +0 dagger
(3, -2, Orc:1)
  a +0 mace
(4, -3, Orc:1)
  a +0 dagger
(4, -2, Orc:1)
  a +0 dagger
  a +0 robe
  a +0 dagger
  a +0 trident
  a boomerang
(5, -3, Orc:1)
  a +0 trident
  a +0 chain mail
(6, 3, Orc:1)
  a +0 giant spiked club
(9, -22, Orc:1)
  a +0 giant club
(11, -25, Orc:1)
  a +0 dagger
  a +0 robe
(12, -25, Orc:1)
  a +0 short sword
  a +0 ring mail
  a +0 dagger
  3 boomerangs of dispersal
(15, -18, Orc:1)
  a +0 hand axe
(16, -19, Orc:1)
  a +0 flail
  a +0 chain mail

Level 2 of the Orcish Mines
[Shop] Joyrorph's Antique Armour Shop
  (Shop contents are unknown)
(1, 1, Orc:2)
  a +0 dagger
  a +0 robe
  an orc corpse
(2, 10, Orc:2)
  a +0 dagger
  a +0 scale mail
(2, 11, Orc:2)
  a +0 hand axe
  a +0 leather armour
  a +0 hand axe
  a +0 plate armour
(3, 11, Orc:2)
  a +0 dagger
(6, -4, Orc:2)
  a +0 dagger
  an orc corpse
(7, -19, Orc:2)
  a rat skeleton
(7, -18, Orc:2)
  a yak skeleton
(7, -7, Orc:2)
  a +0 halberd (still there?)
  a +0 chain mail (still there?)
  a +2 short sword of draining (still there?)
  an orc corpse (still there?)
(7, -6, Orc:2)
  a +0 halberd
  a +0 leather armour
(8, -17, Orc:2)
  a rat skeleton
(8, -6, Orc:2)
  a +0 club (still there?)
  a +0 robe (still there?)
  a +0 great mace (still there?)
  a +0 plate armour (still there?)
  an orc corpse (still there?)
  an orc corpse (still there?)
(9, -6, Orc:2)
  a +0 flail
  a +0 chain mail
(9, -1, Orc:2)
  a +0 flail
(10, -17, Orc:2)
  a rat skeleton
(10, 0, Orc:2)
  a +0 morningstar
  an orc corpse
(11, -15, Orc:2)
  a rat skeleton
(11, -1, Orc:2)
  a +0 mace
  a +0 leather armour
  a +0 flail
  a +0 club
  an orc skeleton
  an orc skeleton
(11, 0, Orc:2)
  a +0 dagger
  a +0 robe
  a +0 trident
  a +0 chain mail
(12, 0, Orc:2)
  a +0 hand axe
  a +0 chain mail
(13, 0, Orc:2)
  a +0 glaive
  a +0 chain mail
(14, 1, Orc:2)
  a +0 giant club

