Good Omen

Level 1 of the Dungeon
[Shop] Iblywy's Magic Scroll Emporium
  a scroll of torment (105 gold)
  a scroll of enchant armour (105 gold)
  a scroll of teleportation (42 gold)
  a scroll of identify (28 gold)
  2 scrolls of teleportation (84 gold)
  a scroll of teleportation (42 gold)
[Shop] Cishiq's Assorted Antiques
  a potion of curing (75 gold)
  the +5 sword of Power {vorpal} (2000 gold)
    It inflicts extra damage upon your enemies.
    
    It occasionally discharges a powerful but inaccurate bolt of energy upon
    striking a foe, with increased chance the greater the wielder's current
    health.
  a potion of curing (75 gold)
  a ring of protection from fire (625 gold)
  a +0 dagger (50 gold)
  a potion of haste (250 gold)
  a potion of degeneration (25 gold)
[Shop] Woju's Antique Armour Boutique
  a +0 robe (16 gold)
  a +0 pair of boots (103 gold)
  a +0 pair of boots (103 gold)
  a +0 robe (16 gold)
  a +0 robe (16 gold)
  a +4 plate armour of willpower (1150 gold)
  a +0 helmet (103 gold)
  a +0 ring mail (92 gold)
  a +0 cloak of poison resistance (195 gold)
(7, 23, D:1)
  a +0 club
(8, 49, D:1)
  2 atropa-tipped darts
(11, 9, D:1)
  a +0 leather armour
(19, 22, D:1)
  a +0 dagger
(28, 17, D:1)
  a +0 club
(38, 13, D:1)
  a +0 leather armour
(40, 0, D:1)
  a +0 hand axe
(41, 34, D:1)
  a +0 short sword
(41, 35, D:1)
  22 sling bullets
(43, 15, D:1)
  23 arrows
(43, 41, D:1)
  a +0 hunting sling
(45, 37, D:1)
  5 poisoned darts
(55, 1, D:1)
  11 stones
(55, 7, D:1)
  a +0 dagger
(60, 13, D:1)
  a book of Frost
(60, 16, D:1)
  a +0 short sword
(61, 16, D:1)
  a book of Debilitation
(63, 27, D:1)
  a +0 club
(68, 46, D:1)
  a +0 dagger

Level 2 of the Dungeon
(2, 33, D:2)
  a +0 animal skin
(9, 0, D:2)
  a book of the Senses
(11, 23, D:2)
  13 sling bullets
(15, 13, D:2)
  a +0 club
(27, -1, D:2)
  a +0 leather armour
(31, 6, D:2)
  a +2 flail of protection
(33, -14, D:2)
  a +0 short sword
(35, 12, D:2)
  2 boomerangs
  19 stones
(35, 14, D:2)
  a +0 hand axe
(35, 18, D:2)
  a +0 dagger

Level 3 of the Dungeon
(0, 0, D:3)
  a +0 dagger
  a +0 hunting sling
  14 stones
(3, 2, D:3)
  a +0 club
(5, 2, D:3)
  a +0 club
  a +0 dagger
  a +0 whip
  a +0 animal skin
  a +1 helmet
  a +0 dagger
(6, 2, D:3)
  a +0 club
  a +0 club
(7, 1, D:3)
  a +0 club
(19, -9, D:3)
  a +0 robe
(21, -6, D:3)
  a staff of poison
(26, -37, D:3)
  a +0 ring mail
  a +0 flail
(34, -21, D:3)
  a +0 short sword
(35, -21, D:3)
  a +0 club

Level 4 of the Dungeon
(0, 0, D:4)
  a +0 ring mail
(3, 0, D:4)
  5 large rocks
(4, 8, D:4)
  a +0 hand axe
  a +0 leather armour
(14, -5, D:4)
  a +0 dagger
(18, 2, D:4)
  a +0 scale mail
(19, 3, D:4)
  18 sling bullets
(21, -7, D:4)
  25 arrows
(28, 2, D:4)
  a +0 giant club
(30, 31, D:4)
  a lightning rod (4/4)
(32, 26, D:4)
  a +0 dagger
(34, 7, D:4)
  a +0 club
(35, 7, D:4)
  a +0 short sword
  a +0 short sword
  a +0 flail
  a +0 chain mail
(39, 1, D:4)
  a +0 dagger
(41, 37, D:4)
  a book of Callings
(44, 11, D:4)
  a +0 club
(47, 31, D:4)
  a +0 spear
(48, 30, D:4)
  a +0 whip
(49, 29, D:4)
  a +0 flail

Level 5 of the Dungeon
(0, 0, D:5)
  a +0 giant spiked club
  a +0 halberd
  a scroll of identify
  a +0 cloak
  a gnoll corpse
(5, 17, D:5)
  a +0 dagger
  a +0 robe
(7, -1, D:5)
  a +0 hunting sling (still there?)
  10 gold pieces (still there?)
(9, 14, D:5)
  a +0 short sword
  a +0 ring mail
  the elf corpse of Duvessa (skeletalised by now)
(10, 0, D:5)
  Sif Muna's Reference Book on Damaging Displacement
    Spells                            Type                      Level      
    Known
     a - Stone Arrow                   Conjuration/Earth             3         
    no
     b - Portal Projectile             Hexes/Translocation           3         
    no
     c - Sticky Flame                  Conjuration/Fire              4         
    no
     d - Orb of Destruction            Conjuration                   7         
    no
    
    
    Trog disapproves of the use of such an item.
(11, 11, D:5)
  a +0 dagger
(17, 8, D:5)
  a +0 ring mail
  an adder corpse
(23, 15, D:5)
  12 arrows
(30, 28, D:5)
  a +0 ring mail
(31, 26, D:5)
  a +0 giant club
(35, 10, D:5)
  16 gold pieces

