Z

Level 1 of the Dungeon
(17, 5, D:1)
  a +0 dagger
(19, -4, D:1)
  a +0 club
(27, -14, D:1)
  a +0 dagger (still there?)
  a stone (still there?)
(30, -13, D:1)
  20 arrows
(33, 0, D:1)
  7 arrows
(34, -22, D:1)
  23 bolts
(43, -10, D:1)
  a +0 dagger

Level 2 of the Dungeon
[Shop] Tuopy's Distillery
  (Shop contents are unknown)
(1, 1, D:2)
  11 gold pieces
(8, 3, D:2)
  a +0 dagger
  2 stones
(12, 27, D:2)
  a +0 leather armour
(13, 14, D:2)
  a +0 short sword of electrocution
(23, 5, D:2)
  23 stones
(27, -3, D:2)
  a +0 dagger
(31, 9, D:2)
  a +0 short sword
(32, 25, D:2)
  a +4 quarterstaff of chaos
  a +0 cloak
(33, 28, D:2)
  a +0 mace
(45, 3, D:2)
  26 stones
(49, 5, D:2)
  a +0 club
  a +0 robe

Level 3 of the Dungeon
(4, -7, D:3)
  a +0 leather armour
(23, -19, D:3)
  a +0 hunting sling
(29, 12, D:3)
  a +0 dagger
  2 stones
(30, -28, D:3)
  a +0 dagger
(46, -15, D:3)
  a +0 war axe
(55, -14, D:3)
  a +0 mace

Level 4 of the Dungeon
(0, 0, D:4)
  a +0 short sword
  a +0 scale mail
(2, -11, D:4)
  a +0 club
  a +0 chain mail
  a +0 falchion
  a +0 ring mail
  a +0 falchion
  a +0 chain mail
  a +0 club
  a +0 chain mail
(2, -9, D:4)
  a +0 dagger
  a +0 robe
(2, -7, D:4)
  a +0 whip
  7 poisoned darts
(2, 10, D:4)
  22 bolts
(5, 10, D:4)
  a +0 dagger
  a +0 robe
(5, 15, D:4)
  29 stones
(9, 9, D:4)
  a +0 mace
  a +0 leather armour
(10, -4, D:4)
  a +0 short sword
(10, 10, D:4)
  a +0 short sword
(12, -2, D:4)
  a potion of curing
(13, -19, D:4)
  a +0 leather armour
(14, -19, D:4)
  a +0 ring mail
(15, -16, D:4)
  a +0 dagger
  a +0 hand crossbow
  35 bolts
  a +0 short sword
  2 stones
(15, -14, D:4)
  a +0 short sword
(15, -12, D:4)
  a +0 whip
(15, 1, D:4)
  a +0 short sword
(17, -15, D:4)
  a +0 club
(18, -16, D:4)
  a +0 short sword
  2 stones
  13 gold pieces
(18, -7, D:4)
  a +0 robe
(18, 0, D:4)
  a +0 short sword
  4 stones
(19, -13, D:4)
  a +0 short sword
  3 poisoned darts
(20, -20, D:4)
  a +0 dagger (still there?)
  4 stones (still there?)
(21, -21, D:4)
  a +0 dagger
  (unseen)
(22, -21, D:4)
  a +1 whip of flaming
  a +0 short sword
  18 stones
(23, -23, D:4)
  a +0 club (still there?)
  3 stones (still there?)
(23, -3, D:4)
  a +0 club (still there?)
  a +0 club (still there?)
  5 stones (still there?)
(24, -24, D:4)
  a +0 whip
  2 stones
(24, -23, D:4)
  a +0 short sword
  a stone
(25, 4, D:4)
  a staff of poison
  3 curare-tipped darts
(27, -33, D:4)
  a +0 dagger
(27, -26, D:4)
  a +0 dagger
  3 stones
(27, 9, D:4)
  a +0 dagger
(31, 1, D:4)
  a potion of might
(35, -6, D:4)
  a +0 short sword
(37, -9, D:4)
  a +0 falchion
(44, -4, D:4)
  a +0 short sword
(45, -4, D:4)
  17 stones
(51, -19, D:4)
  a +0 giant spiked club
(52, -27, D:4)
  a +0 club (still there?)
  a +0 hunting sling (still there?)
  10 stones (still there?)
(53, -2, D:4)
  25 arrows

Level 5 of the Dungeon
(0, 0, D:5)
  a +0 hand axe
(4, 2, D:5)
  a +0 halberd
(5, 2, D:5)
  a +0 spear
  a +0 scale mail
  a +0 halberd
(5, 3, D:5)
  a +0 flail (still there?)
  a +0 robe (still there?)
(6, 2, D:5)
  a +0 club
(8, 30, D:5)
  a +0 spear
(12, 0, D:5)
  9 stones
(13, 22, D:5)
  a +0 leather armour
(14, 7, D:5)
  2 datura-tipped darts
(14, 18, D:5)
  20 stones
(18, 4, D:5)
  a potion of attraction
(20, 11, D:5)
  3 throwing nets
(24, 20, D:5)
  24 arrows
(25, -3, D:5)
  a ring of wizardry
  a +0 scale mail
(29, 25, D:5)
  16 bolts
(32, 28, D:5)
  a +1 dagger of venom
(36, 18, D:5)
  a +1 short sword of flaming
(37, 19, D:5)
  a +0 trident
  a +0 leather armour
(38, 20, D:5)
  a +0 mace
  a +0 leather armour
(40, 15, D:5)
  3 scrolls of immolation

Level 6 of the Dungeon
(0, 0, D:6)
  a +0 dagger
  a +0 dagger
(0, 8, D:6)
  a +0 dagger
(1, 0, D:6)
  a +0 dagger
(9, -28, D:6)
  28 stones
(14, 2, D:6)
  a +0 club
(14, 3, D:6)
  a +0 club
  a +0 club
(15, -30, D:6)
  a +0 scimitar
(15, 2, D:6)
  a +0 club
  2 curare-tipped darts
  a +0 dagger
(15, 3, D:6)
  a +0 club
(26, -29, D:6)
  a +0 hand axe
(27, -31, D:6)
  a +0 dagger (still there?)
  a +0 robe (still there?)
  a +0 dagger (still there?)
  a +0 robe (still there?)
(30, -23, D:6)
  19 stones
(32, -31, D:6)
  a +0 giant club
(34, -11, D:6)
  a +0 short sword
  a +0 battleaxe
  a +0 plate armour
  a +0 short sword
(35, -10, D:6)
  a +0 vorpal trident
  a +0 leather armour
(38, -32, D:6)
  11 stones
(48, -30, D:6)
  16 bolts
(48, -7, D:6)
  a +0 glaive
(54, -33, D:6)
  a +0 giant spiked club
(58, -40, D:6)
  a +0 giant club (still there?)
  a +0 great mace (still there?)
(64, -36, D:6)
  a +0 hand axe

Level 7 of the Dungeon
(0, 0, D:7)
  a +0 leather armour
(6, 9, D:7)
  a +0 dagger
  a +0 robe
(6, 11, D:7)
  a +0 dagger
  a +0 robe
  a +0 scimitar
  a +0 chain mail
(6, 27, D:7)
  a scroll of immolation
(7, 8, D:7)
  a +0 dagger
(11, 12, D:7)
  30 stones
(15, 5, D:7)
  a +0 leather armour
(17, -3, D:7)
  a +0 mace
  a +0 chain mail
(18, 26, D:7)
  a +1 trident of freezing
  a +0 robe
(19, 27, D:7)
  a +0 falchion
  a +0 robe
  a +0 robe
  a +0 dire flail
  a +0 robe
(20, 36, D:7)
  a +0 dagger
  a +0 robe
(21, 36, D:7)
  a +0 short sword
  a +2 leather armour of fire resistance
(33, -8, D:7)
  a +0 great sword
(35, 6, D:7)
  a potion of ambrosia
(35, 22, D:7)
  a +0 leather armour
(40, 43, D:7)
  a scroll of immolation
(41, 8, D:7)
  a +0 war axe
  +0 steam dragon scales
(44, 15, D:7)
  a +0 spear
(44, 16, D:7)
  a +0 long sword
  a +0 shortbow
  50 arrows
(45, 17, D:7)
  a +0 club
  a +0 flail

Level 8 of the Dungeon
(0, 0, D:8)
  a +0 quarterstaff
(1, -1, D:8)
  a +0 robe
(7, -5, D:8)
  22 stones
(9, -8, D:8)
  a +0 spear
(11, 0, D:8)
  a scroll of summoning
(16, -18, D:8)
  a +0 spear
(16, 3, D:8)
  23 stones
(21, 2, D:8)
  a +0 spear
(25, -22, D:8)
  a +0 spear
(26, -22, D:8)
  a +0 shortbow
  26 arrows
(28, -25, D:8)
  17 sling bullets
(35, -24, D:8)
  16 arrows
(40, 11, D:8)
  18 stones
(42, -31, D:8)
  a +0 shortbow
  11 arrows
(54, -28, D:8)
  a scroll of immolation
(56, 3, D:8)
  19 stones

Level 9 of the Dungeon
(0, 0, D:9)
  a +0 trident
(3, 28, D:9)
  a +0 long sword
  a +0 robe
  a +0 long sword
  a +0 robe
(4, 27, D:9)
  a +0 trident
  a +0 robe
(4, 30, D:9)
  a +2 long sword
  a +0 robe
(6, 47, D:9)
  20 sling bullets
(7, 24, D:9)
  a +0 robe
(8, 3, D:9)
  4 poisoned darts
(12, 45, D:9)
  a +0 dagger
  a +0 falchion
  a +0 leather armour
  a +0 short sword
  a +0 leather armour
  a +0 dagger
  a +0 robe
  a potion of attraction
(17, 14, D:9)
  22 stones
(19, 26, D:9)
  +0 steam dragon scales
(19, 44, D:9)
  19 bolts
(31, 3, D:9)
  a ring of see invisible
  a ring of positive energy
(32, 1, D:9)
  a +0 robe
(32, 45, D:9)
  a +0 hand axe
(33, 17, D:9)
  14 stones
(36, 8, D:9)
  a scroll of vulnerability
(37, 22, D:9)
  23 arrows
(43, 4, D:9)
  a +0 dagger
  a +0 club
  a +0 dagger
  a +0 robe
  a +0 flail
  a +0 ring mail
  a +0 dagger
  a +0 scale mail
  a +0 hand axe
  a +0 scale mail
(44, 1, D:9)
  Great Wizards, Vol. II
(44, 2, D:9)
  a +0 hand axe
(45, 15, D:9)
  8 stones
(49, 4, D:9)
  a +0 dagger
  a +0 robe
(49, 5, D:9)
  a +0 war axe

Level 10 of the Dungeon
(0, 0, D:10)
  a +0 ring mail
(2, -1, D:10)
  a +0 leather armour
(4, -8, D:10)
  a +0 quarterstaff
  a +0 hunting sling
  16 sling bullets
  a +0 ring mail
(12, 5, D:10)
  a +0 shortbow
  22 arrows
  a +0 helmet
(12, 6, D:10)
  a potion of mutation
(13, 28, D:10)
  a +0 giant spiked club
  a +0 spear
  a +0 scale mail
(13, 29, D:10)
  a +0 club
  a +1 trident of venom
  a +0 scale mail
  a +0 kite shield
  a +0 short sword
  2 poisoned darts
  a +0 trident
  a +0 ring mail
  a +0 spear
  a +0 giant spiked club
  a +0 battleaxe
  a +0 plate armour
  a +0 whip
(13, 30, D:10)
  a +0 trident
  a +0 chain mail
(14, 30, D:10)
  a +0 short sword
  a +0 giant spiked club
  a +0 whip
  a +0 ring mail
  a +0 short sword
  a +0 chain mail
  a +0 halberd
(16, 30, D:10)
  a +0 whip
  a curare-tipped dart
  a +0 giant club
  a +0 hand axe
  a +0 leather armour
(17, 26, D:10)
  a +0 kite shield
  a +5 battleaxe
  a +1 war axe of flaming
  a +5 flail
  a +2 vampiric dagger
(21, 26, D:10)
  a +0 giant spiked club
  a +0 giant club
  a +0 giant club
  a +0 giant club
  a +0 giant club
(27, -5, D:10)
  a +0 club
(28, -1, D:10)
  a +0 chain mail
(35, 29, D:10)
  17 sling bullets
(36, -12, D:10)
  a +0 hand crossbow
(37, 17, D:10)
  a +0 longbow
(42, 12, D:10)
  15 stones
(47, -6, D:10)
  4 large rocks
(48, 27, D:10)
  a +0 shortbow
  12 arrows
(49, 27, D:10)
  a +1 robe of cold resistance
(50, 15, D:10)
  a potion of degeneration
(50, 28, D:10)
  a +0 shortbow
  17 arrows
(51, 28, D:10)
  a +0 war axe
  a +0 robe
  a +2 trident
  a +0 robe
(51, 29, D:10)
  a +3 falchion
  a +0 robe
(53, -24, D:10)
  a +0 hand axe
  a +0 plate armour
(60, 20, D:10)
  a scroll of vulnerability

Level 1 of the Orcish Mines
[Shop] Saseel's Weapon Boutique
  a +0 shortbow (33 gold)
  a +0 dagger (22 gold)
  a +0 glaive (71 gold)
  the +2 short sword of Deagass {drain, rElec Will+ Str-4} (292 gold)
    A truly terrible weapon, it drains the life of any living foe it strikes.
    
    Str:       It affects your strength (-4).
    rElec:     It insulates you from electricity.
    Will:      It increases your willpower.
  a +0 rapier (44 gold)
  a +0 falchion (33 gold)
  a +0 fustibalus (165 gold)
[Shop] Tyin's Armour Shop
  a +0 ring mail (44 gold)
  a +0 ring mail (44 gold)
  a +0 pair of gloves (49 gold)
  a +0 chain mail (49 gold)
  a +2 buckler of protection (236 gold)
  a +3 scale mail of cold resistance (286 gold)
  a +0 robe (7 gold)
  a +0 scale mail (44 gold)
(0, 0, Orc:1)
  a +0 club
(5, -6, Orc:1)
  a +0 flail
  a +0 scale mail
  a +0 club
  a +0 hand axe
(7, -9, Orc:1)
  a +0 hand axe
(7, -6, Orc:1)
  a +0 flail
  a +0 chain mail
(9, -9, Orc:1)
  a +0 mace
(11, -8, Orc:1)
  a +0 club
  a +0 ring mail
  a +0 dagger
  a +0 robe
  a +0 giant club
(12, -8, Orc:1)
  a +1 falchion of holy wrath
  a +0 long sword
  a +0 plate armour
  a +0 giant club
(26, -10, Orc:1)
  a +0 dagger
  a +0 robe
(39, -19, Orc:1)
  a +0 dagger
  a +0 dagger
  a +0 robe
  a +0 dagger
  a +0 robe
  a +0 dagger
  a +0 flail
  a +0 ring mail
  a +0 dagger
  a +0 robe
  a +0 dagger
  a +0 robe
  a +0 giant spiked club
  a +1 dagger of holy wrath
  a +0 robe
  a +0 dagger
  a +0 robe
  a +0 war axe
  a +0 chain mail
  a +0 dagger
  a +0 robe
  a +0 giant club
  a +0 giant club
  a +0 dire flail
  a +0 chain mail

Level 2 of the Orcish Mines
[Shop] Vunt's Antique Weapon Boutique
  (Shop contents are unknown)
[Shop] Wawunamn's Magic Scroll Shoppe
  2 scrolls of brand weapon (520 gold)
[Shop] Loophes's Assorted Antiques
  a +0 battleaxe (188 gold)
  a +0 mace (87 gold)
  a +0 short sword (87 gold)
  a scroll of identify (58 gold)
  a +0 dire flail of venom (197 gold)
  a potion of degeneration (29 gold)
[Shop] Joletz's Jewellery Shoppe
  a ring of willpower (350 gold)
  a ring of poison resistance (280 gold)
  an amulet of reflection (420 gold)
  the amulet "Wabaid" {RegenMP -Tele +Inv rCorr Slay-2} (498 gold)
    [amulet of magic regeneration]
    
    It increases your rate of magic regeneration.
    Slay:      It affects your accuracy & damage with ranged weapons and melee
    (-2).
    +Inv:      It lets you turn invisible.
    -Tele:     It prevents most forms of teleportation.
    rCorr:     It protects you from acid and corrosion.
  a +6 ring of dexterity (819 gold)
  a +6 ring of dexterity (819 gold)
  a ring of magical power (280 gold)
  an amulet of the acrobat (420 gold)
  a ring of protection from fire (350 gold)
  a ring of protection from cold (350 gold)
(2, 17, Orc:2)
  a +0 flail of draining
  3 boomerangs
(3, 6, Orc:2)
  a +0 club
(5, -8, Orc:2)
  a +0 dagger (still there?)
  a +0 robe (still there?)
(5, -3, Orc:2)
  a +0 dagger
  a +2 robe of willpower
(5, 10, Orc:2)
  a +0 war axe
  a +0 chain mail of poison resistance
(6, 10, Orc:2)
  a +0 dagger
  a +0 robe
(6, 11, Orc:2)
  a +1 scimitar of holy wrath
  a +0 chain mail
  a +2 vorpal long sword
  a +0 chain mail
(7, -6, Orc:2)
  a +0 dagger (still there?)
  a +0 robe (still there?)
  a +0 dagger (still there?)
  a +0 robe (still there?)
(7, -5, Orc:2)
  a +0 club (still there?)
  3 boomerangs (still there?)
(7, 10, Orc:2)
  a +0 club
(8, -8, Orc:2)
  a +0 whip
(8, 10, Orc:2)
  a +0 short sword
(10, -4, Orc:2)
  a +0 dagger
  a +0 robe
(10, -2, Orc:2)
  a +0 dagger
  a +1 robe
  a +0 hand axe
  a +0 plate armour
(11, -3, Orc:2)
  a +3 long sword of holy wrath
  a +0 plate armour
  a +0 club
  a +3 vorpal dire flail
  a +0 plate armour
  a +0 dagger
  a +0 robe
(12, -10, Orc:2)
  the ring of Odoxu {rPois rF+ rC- rCorr Str-5}
    [ring of protection from fire]
    
    Str:       It affects your strength (-5).
    rF:        It protects you from fire.
    rC:        It makes you vulnerable to cold.
    rPois:     It protects you from poison.
    rCorr:     It protects you from acid and corrosion.
(12, 27, Orc:2)
  a +0 flail (still there?)
  a +0 ring mail (still there?)
  18 gold pieces (still there?)
(15, -12, Orc:2)
  a +0 dagger
  a +0 robe
(16, 19, Orc:2)
  a +0 short sword
  a boomerang
(16, 25, Orc:2)
  a +0 whip (still there?)
  a +0 scale mail (still there?)
(18, -15, Orc:2)
  a +0 flail (still there?)
  a +0 leather armour (still there?)
(18, -13, Orc:2)
  a +0 dagger
  a +0 robe
(20, -22, Orc:2)
  a +0 whip
(20, -21, Orc:2)
  a +0 flail
(20, 25, Orc:2)
  a +0 dagger
  a +0 robe of fire resistance
  a +0 giant club
(21, -21, Orc:2)
  a +0 spear
(21, 27, Orc:2)
  a +0 war axe
  a +0 plate armour
  a +0 flail
  a +0 dagger
  a +0 club
  a +0 leather armour
(22, -25, Orc:2)
  a +0 club
(22, -24, Orc:2)
  a +0 flail
  a +0 dagger
  a +0 robe
(22, -23, Orc:2)
  a +0 whip
  a +0 robe
(22, 27, Orc:2)
  a +0 dagger
  a +0 robe
(24, 18, Orc:2)
  a +0 short sword
  a +0 dagger
  a +0 robe
(24, 19, Orc:2)
  a +0 short sword
  a +0 ring mail
  a +0 club
  a +0 dagger
  a +0 robe
  a +0 dagger
  a +0 robe
  a +0 dagger
  a +0 robe
  a +0 war axe of pain
(25, -21, Orc:2)
  a +2 vampiric hand axe
  a +0 leather armour
(25, 17, Orc:2)
  a +0 dagger (still there?)
  a +0 robe (still there?)
(29, 27, Orc:2)
  a +0 flail
(31, 27, Orc:2)
  a +0 dagger of venom
  a +0 robe
(34, 31, Orc:2)
  a +0 flail
  a +0 ring mail
(35, -22, Orc:2)
  a +0 dagger
  a +0 robe
  a +0 dagger
  a +0 robe
(35, 20, Orc:2)
  a +0 dagger
  a +0 leather armour
(35, 22, Orc:2)
  a +0 dagger
  a +2 robe of willpower
(36, 21, Orc:2)
  a +0 mace
(36, 22, Orc:2)
  a +0 dagger
  a +0 leather armour
  a +0 flail
  a +0 leather armour
  a +0 dagger
  a +0 robe
(36, 23, Orc:2)
  a +0 club
  2 boomerangs
  a +0 chain mail
(36, 27, Orc:2)
  a +0 war axe
(37, 20, Orc:2)
  a +0 dagger
  a +0 robe
(37, 22, Orc:2)
  a +2 dagger of venom
  a +0 robe
(38, 20, Orc:2)
  a +0 dagger
  a +0 robe
  a +0 trident
  a +0 chain mail
(38, 26, Orc:2)
  a +0 dagger
  a +0 robe
(39, 20, Orc:2)
  a +0 dagger
  a +0 robe
(40, -21, Orc:2)
  a +0 club
(41, -18, Orc:2)
  a +0 dagger
  a +0 robe
(41, 20, Orc:2)
  a +0 dagger
  a +0 robe
(41, 28, Orc:2)
  a +0 dagger (still there?)
  a +0 robe (still there?)
(42, -7, Orc:2)
  a +0 dagger
  a +0 robe
(43, -7, Orc:2)
  a +0 club
  a +2 war axe
  a +0 chain mail
  a +0 flail
  a +0 whip
  a +0 whip
(43, 9, Orc:2)
  a +0 whip
(43, 10, Orc:2)
  a +0 dagger
  a +0 robe
(44, -21, Orc:2)
  a +0 war axe
  a +0 plate armour
(44, -6, Orc:2)
  a +0 flail
(44, -2, Orc:2)
  a +0 mace (still there?)
  a +0 leather armour (still there?)
(44, -1, Orc:2)
  a +0 flail (still there?)
  a +0 dagger (still there?)
(44, 7, Orc:2)
  a +0 club
  a +0 leather armour
(44, 11, Orc:2)
  a +0 mace
(45, -6, Orc:2)
  a +0 dagger
  a +0 scale mail
(54, 22, Orc:2)
  a +0 giant spiked club
(56, -19, Orc:2)
  a +0 dagger
  a +0 robe
  a +0 dagger
  a boomerang
  a +0 ring mail
(56, -17, Orc:2)
  a +0 hand axe
(59, 4, Orc:2)
  a +0 giant club

Level 1 of the Elven Halls
[Shop] Lilunton's Magic Scroll Boutique
  a scroll of fear (49 gold)
  a scroll of fear (49 gold)
  3 scrolls of brand weapon (840 gold)
  a scroll of fear (49 gold)
[Shop] Ucoom's Assorted Antiques
  a potion of degeneration (38 gold)
  a +0 robe (26 gold)
  2 scrolls of amnesia (266 gold)
  a potion of attraction (114 gold)
  a phial of floods (1520 gold)
[Shop] Taakhlymp's Armour Shop
  a +0 leather armour (36 gold)
  a +2 ring mail of cold resistance (378 gold)
  a +0 chain mail (81 gold)
  a +1 leather armour of fire resistance (252 gold)
  a +2 ring mail of willpower (378 gold)
  a +0 ring mail (72 gold)
  the +0 chain mail of Tender Moments {*Slow Int+4 Dex+4} (408 gold)
    Int:       It affects your intelligence (+4).
    Dex:       It affects your dexterity (+4).
    *Slow:     It may slow you when you take damage.
[Shop] Foammagg's Antique Weapon Emporium
  a +0 shortbow (81 gold)
  a +3 rapier of draining (653 gold)
  a +0 scimitar (108 gold)
  a +0 hand axe (81 gold)
  a +0 mace (81 gold)
  a +0 scimitar (108 gold)
  the +7 Singing Sword {vorpal, sonic wave} (2700 gold)
    It inflicts extra damage upon your enemies.
    
    It radiates damaging sonic waves as it strikes, especially in combat
    involving dangerous or numerous foes.
  a +2 quarterstaff of speed (648 gold)
  a +2 vampiric broad axe (648 gold)
(0, 0, Elf:1)
  3 atropa-tipped darts
(1, 11, Elf:1)
  a +0 rapier
(13, 27, Elf:1)
  a +1 scimitar of flaming
(15, -18, Elf:1)
  a +0 dagger
(15, 21, Elf:1)
  a +0 flail
(17, -14, Elf:1)
  6 javelins
(18, 5, Elf:1)
  a +0 long sword
(19, 32, Elf:1)
  a +0 rapier
  a +0 chain mail
(23, 0, Elf:1)
  a +0 short sword
  a potion of lignification
(26, -2, Elf:1)
  a +0 rapier
(27, -27, Elf:1)
  a +0 long sword
  a +0 leather armour
  a +0 long sword
  a +0 chain mail
  a +0 short sword
  a +0 leather armour
(27, 7, Elf:1)
  a +0 short sword
  a +0 buckler
(28, 15, Elf:1)
  a +3 hand axe
(31, 14, Elf:1)
  a +0 scale mail
(35, 20, Elf:1)
  a +0 flail of protection
(38, 21, Elf:1)
  a +2 helmet
(39, 13, Elf:1)
  a +0 short sword
  a +0 shortbow
  25 arrows
  a +0 leather armour
  an elf corpse (skeletalised by now)
(40, -15, Elf:1)
  a +0 rapier of speed
  a +0 leather armour
  a +2 dagger of draining
  a +0 ring mail
  an elf corpse
  an elf corpse
(42, -17, Elf:1)
  a +0 dagger
  a +0 shortbow
  20 arrows
  a +0 leather armour
  an elf corpse
(43, -18, Elf:1)
  a +0 short sword
  a +0 shortbow
  12 arrows
  a +0 leather armour
(44, 32, Elf:1)
  a +0 long sword
(45, -7, Elf:1)
  a ring of poison resistance
(48, 32, Elf:1)
  a +4 dagger
(49, -4, Elf:1)
  19 arrows
(56, 9, Elf:1)
  a +1 long sword of draining
  a +0 ring mail

Level 2 of the Elven Halls
(0, 0, Elf:2)
  a +0 scale mail
(2, -4, Elf:2)
  a +1 rapier of freezing
  a +0 scale mail
  an elf corpse
(2, -3, Elf:2)
  a +0 long sword
  a +0 buckler
  an elf corpse
(4, -3, Elf:2)
  a wand of polymorph (3)
(5, 1, Elf:2)
  a +0 long sword (still there?)
  an elf corpse (still there?)
(10, 2, Elf:2)
  a +0 dagger (still there?)
  a +0 leather armour (still there?)
  an elf corpse (still there?)
(10, 7, Elf:2)
  a potion of heal wounds

